../Core/ap/src/Presenter.c:26:6:Presenter_Init	8	static
../Core/ap/src/Presenter.c:32:6:Presenter_OutData	16	static
../Core/ap/src/Presenter.c:37:6:Presenter_Excute	16	static
../Core/ap/src/Presenter.c:58:6:Presenter_DispTimeWatch	16	static
../Core/ap/src/Presenter.c:64:6:Presenter_DispStopWatch	16	static
../Core/ap/src/Presenter.c:71:6:Presenter_DispMonitorTimeWatch	88	static
../Core/ap/src/Presenter.c:78:6:Presenter_DispMonitorStopWatch	88	static
../Core/ap/src/Presenter.c:86:6:Presenter_DispFND_TimeWatch	16	static
../Core/ap/src/Presenter.c:97:6:Presenter_DispFND_StopWatch	16	static
../Core/ap/src/Presenter.c:113:6:Presenter_DispLCD	40	static
