../Core/ap/src/Presenter.c:16:6:Presenter_Init	8	static
../Core/ap/src/Presenter.c:21:6:Presenter_outData	16	static
../Core/ap/src/Presenter.c:26:6:Presenter_Excute	8	static
../Core/ap/src/Presenter.c:38:6:Presenter_DispTimeWatch	16	static
../Core/ap/src/Presenter.c:44:6:Presenter_DispStopWatch	16	static
../Core/ap/src/Presenter.c:51:6:Presenter_DispMonitorTimeWatch	88	static
../Core/ap/src/Presenter.c:58:6:Presenter_DispMonitorStopWatch	88	static
../Core/ap/src/Presenter.c:66:6:Presenter_DispFND_TimeWatch	16	static
../Core/ap/src/Presenter.c:77:6:Presenter_DispFND_StopWatch	16	static
../Core/ap/src/Presenter.c:94:6:Presenter_LCD_TimeWatch	80	static
../Core/ap/src/Presenter.c:101:6:Presenter_LCD_StopWatch	88	static
