../Core/ap/src/Presenter.c:37:6:Presenter_Init	8	static
../Core/ap/src/Presenter.c:43:6:Presenter_OutData	16	static
../Core/ap/src/Presenter.c:52:6:Presenter_UL_StateData	4	static
../Core/ap/src/Presenter.c:58:6:Presenter_UL_OutData	16	static
../Core/ap/src/Presenter.c:64:6:Presenter_UL_Detected	64	static
../Core/ap/src/Presenter.c:73:6:Presenter_UL_NotDetected	64	static
../Core/ap/src/Presenter.c:81:6:Presenter_UL_WarningLED_ON	8	static
../Core/ap/src/Presenter.c:87:6:Presenter_UL_WarningLED_OFF	8	static
../Core/ap/src/Presenter.c:93:6:Presenter_UL_LoginLED_ON	8	static
../Core/ap/src/Presenter.c:99:6:Presenter_UL_LoginLED_OFF	8	static
../Core/ap/src/Presenter.c:105:6:Presenter_UL_Excute	8	static
../Core/ap/src/Presenter.c:131:6:Presenter_Excute	8	static
../Core/ap/src/Presenter.c:143:6:Presenter_DispTimeWatch	16	static
../Core/ap/src/Presenter.c:149:6:Presenter_DispStopWatch	16	static
../Core/ap/src/Presenter.c:157:6:Presenter_DispFndTimeWatch	16	static
../Core/ap/src/Presenter.c:171:6:Presenter_DispFndStopWatch	16	static
../Core/ap/src/Presenter.c:192:6:Presenter_DispMonitorTimeWatch	88	static
../Core/ap/src/Presenter.c:199:6:Presenter_DispMonitorStopWatch	88	static
