../Core/ap/src/Presenter.c:51:6:Presenter_Init	8	static
../Core/ap/src/Presenter.c:58:6:Presenter_OutData	16	static
../Core/ap/src/Presenter.c:67:6:Presenter_UL_StateData	4	static
../Core/ap/src/Presenter.c:73:6:Presenter_UL_OutData	16	static
../Core/ap/src/Presenter.c:79:6:Presenter_UL_Detected	64	static
../Core/ap/src/Presenter.c:88:6:Presenter_UL_NotDetected	64	static
../Core/ap/src/Presenter.c:96:6:Presenter_UL_WarningLED_ON	8	static
../Core/ap/src/Presenter.c:102:6:Presenter_UL_WarningLED_OFF	8	static
../Core/ap/src/Presenter.c:108:6:Presenter_UL_LoginLED_ON	8	static
../Core/ap/src/Presenter.c:114:6:Presenter_UL_LoginLED_OFF	8	static
../Core/ap/src/Presenter.c:120:6:Presenter_UL_ModeWarning	8	static
../Core/ap/src/Presenter.c:125:6:Presenter_UL_ModeLOGIN	8	static
../Core/ap/src/Presenter.c:130:6:Presenter_UL_Excute	8	static
../Core/ap/src/Presenter.c:156:6:Presenter_LOG_Excute	8	static
../Core/ap/src/Presenter.c:167:6:Presenter_DispMonitorPasswordUart	72	static
../Core/ap/src/Presenter.c:188:6:Present_Disp_UART_InsertPwMESSAGE	16	static
../Core/ap/src/Presenter.c:211:6:Present_Disp_UART_state_messege	24	static
../Core/ap/src/Presenter.c:259:6:Presenter_ResetStateMessageFlags	4	static
../Core/ap/src/Presenter.c:273:6:Presenter_Excute	8	static
../Core/ap/src/Presenter.c:285:6:Presenter_DispTimeWatch	16	static
../Core/ap/src/Presenter.c:291:6:Presenter_DispStopWatch	16	static
../Core/ap/src/Presenter.c:299:6:Presenter_DispFndTimeWatch	16	static
../Core/ap/src/Presenter.c:313:6:Presenter_DispFndStopWatch	16	static
../Core/ap/src/Presenter.c:334:6:Presenter_DispMonitorTimeWatch	88	static
../Core/ap/src/Presenter.c:341:6:Presenter_DispMonitorStopWatch	88	static
