Archive member included to satisfy reference by file (symbol)

C:/ST/STM32CubeIDE_1.18.1/STM32CubeIDE/plugins/com.st.stm32cube.ide.mcu.externaltools.gnu-tools-for-stm32.13.3.rel1.win32_1.0.0.202411081344/tools/bin/../lib/gcc/arm-none-eabi/13.3.1/../../../../arm-none-eabi/lib/thumb/v7e-m+fp/hard\libc_nano.a(libc_a-exit.o)
                              C:/ST/STM32CubeIDE_1.18.1/STM32CubeIDE/plugins/com.st.stm32cube.ide.mcu.externaltools.gnu-tools-for-stm32.13.3.rel1.win32_1.0.0.202411081344/tools/bin/../lib/gcc/arm-none-eabi/13.3.1/../../../../arm-none-eabi/lib/thumb/v7e-m+fp/hard/crt0.o (exit)
C:/ST/STM32CubeIDE_1.18.1/STM32CubeIDE/plugins/com.st.stm32cube.ide.mcu.externaltools.gnu-tools-for-stm32.13.3.rel1.win32_1.0.0.202411081344/tools/bin/../lib/gcc/arm-none-eabi/13.3.1/../../../../arm-none-eabi/lib/thumb/v7e-m+fp/hard\libc_nano.a(libc_a-findfp.o)
                              ./Middlewares/Third_Party/FreeRTOS/Source/tasks.o (__sf)
C:/ST/STM32CubeIDE_1.18.1/STM32CubeIDE/plugins/com.st.stm32cube.ide.mcu.externaltools.gnu-tools-for-stm32.13.3.rel1.win32_1.0.0.202411081344/tools/bin/../lib/gcc/arm-none-eabi/13.3.1/../../../../arm-none-eabi/lib/thumb/v7e-m+fp/hard\libc_nano.a(libc_a-fwalk.o)
                              C:/ST/STM32CubeIDE_1.18.1/STM32CubeIDE/plugins/com.st.stm32cube.ide.mcu.externaltools.gnu-tools-for-stm32.13.3.rel1.win32_1.0.0.202411081344/tools/bin/../lib/gcc/arm-none-eabi/13.3.1/../../../../arm-none-eabi/lib/thumb/v7e-m+fp/hard\libc_nano.a(libc_a-findfp.o) (_fwalk_sglue)
C:/ST/STM32CubeIDE_1.18.1/STM32CubeIDE/plugins/com.st.stm32cube.ide.mcu.externaltools.gnu-tools-for-stm32.13.3.rel1.win32_1.0.0.202411081344/tools/bin/../lib/gcc/arm-none-eabi/13.3.1/../../../../arm-none-eabi/lib/thumb/v7e-m+fp/hard\libc_nano.a(libc_a-sprintf.o)
                              ./Core/ap/Presenter/Presenter.o (sprintf)
C:/ST/STM32CubeIDE_1.18.1/STM32CubeIDE/plugins/com.st.stm32cube.ide.mcu.externaltools.gnu-tools-for-stm32.13.3.rel1.win32_1.0.0.202411081344/tools/bin/../lib/gcc/arm-none-eabi/13.3.1/../../../../arm-none-eabi/lib/thumb/v7e-m+fp/hard\libc_nano.a(libc_a-stdio.o)
                              C:/ST/STM32CubeIDE_1.18.1/STM32CubeIDE/plugins/com.st.stm32cube.ide.mcu.externaltools.gnu-tools-for-stm32.13.3.rel1.win32_1.0.0.202411081344/tools/bin/../lib/gcc/arm-none-eabi/13.3.1/../../../../arm-none-eabi/lib/thumb/v7e-m+fp/hard\libc_nano.a(libc_a-findfp.o) (__sread)
C:/ST/STM32CubeIDE_1.18.1/STM32CubeIDE/plugins/com.st.stm32cube.ide.mcu.externaltools.gnu-tools-for-stm32.13.3.rel1.win32_1.0.0.202411081344/tools/bin/../lib/gcc/arm-none-eabi/13.3.1/../../../../arm-none-eabi/lib/thumb/v7e-m+fp/hard\libc_nano.a(libc_a-memcmp.o)
                              ./Core/ap/Controller/StopWatch.o (memcmp)
C:/ST/STM32CubeIDE_1.18.1/STM32CubeIDE/plugins/com.st.stm32cube.ide.mcu.externaltools.gnu-tools-for-stm32.13.3.rel1.win32_1.0.0.202411081344/tools/bin/../lib/gcc/arm-none-eabi/13.3.1/../../../../arm-none-eabi/lib/thumb/v7e-m+fp/hard\libc_nano.a(libc_a-memset.o)
                              C:/ST/STM32CubeIDE_1.18.1/STM32CubeIDE/plugins/com.st.stm32cube.ide.mcu.externaltools.gnu-tools-for-stm32.13.3.rel1.win32_1.0.0.202411081344/tools/bin/../lib/gcc/arm-none-eabi/13.3.1/../../../../arm-none-eabi/lib/thumb/v7e-m+fp/hard/crt0.o (memset)
C:/ST/STM32CubeIDE_1.18.1/STM32CubeIDE/plugins/com.st.stm32cube.ide.mcu.externaltools.gnu-tools-for-stm32.13.3.rel1.win32_1.0.0.202411081344/tools/bin/../lib/gcc/arm-none-eabi/13.3.1/../../../../arm-none-eabi/lib/thumb/v7e-m+fp/hard\libc_nano.a(libc_a-closer.o)
                              C:/ST/STM32CubeIDE_1.18.1/STM32CubeIDE/plugins/com.st.stm32cube.ide.mcu.externaltools.gnu-tools-for-stm32.13.3.rel1.win32_1.0.0.202411081344/tools/bin/../lib/gcc/arm-none-eabi/13.3.1/../../../../arm-none-eabi/lib/thumb/v7e-m+fp/hard\libc_nano.a(libc_a-stdio.o) (_close_r)
C:/ST/STM32CubeIDE_1.18.1/STM32CubeIDE/plugins/com.st.stm32cube.ide.mcu.externaltools.gnu-tools-for-stm32.13.3.rel1.win32_1.0.0.202411081344/tools/bin/../lib/gcc/arm-none-eabi/13.3.1/../../../../arm-none-eabi/lib/thumb/v7e-m+fp/hard\libc_nano.a(libc_a-reent.o)
                              ./Middlewares/Third_Party/FreeRTOS/Source/tasks.o (_reclaim_reent)
C:/ST/STM32CubeIDE_1.18.1/STM32CubeIDE/plugins/com.st.stm32cube.ide.mcu.externaltools.gnu-tools-for-stm32.13.3.rel1.win32_1.0.0.202411081344/tools/bin/../lib/gcc/arm-none-eabi/13.3.1/../../../../arm-none-eabi/lib/thumb/v7e-m+fp/hard\libc_nano.a(libc_a-impure.o)
                              ./Middlewares/Third_Party/FreeRTOS/Source/tasks.o (_impure_ptr)
C:/ST/STM32CubeIDE_1.18.1/STM32CubeIDE/plugins/com.st.stm32cube.ide.mcu.externaltools.gnu-tools-for-stm32.13.3.rel1.win32_1.0.0.202411081344/tools/bin/../lib/gcc/arm-none-eabi/13.3.1/../../../../arm-none-eabi/lib/thumb/v7e-m+fp/hard\libc_nano.a(libc_a-lseekr.o)
[...]
Memory Configuration

Name             Origin             Length             Attributes
RAM              0x20000000         0x00020000         xrw
FLASH            0x08000000         0x00080000         xr
*default*        0x00000000         0xffffffff

Linker script and memory map

LOAD C:/ST/STM32CubeIDE_1.18.1/STM32CubeIDE/plugins/com.st.stm32cube.ide.mcu.externaltools.gnu-tools-for-stm32.13.3.rel1.win32_1.0.0.202411081344/tools/bin/../lib/gcc/arm-none-eabi/13.3.1/thumb/v7e-m+fp/hard/crti.o
LOAD C:/ST/STM32CubeIDE_1.18.1/STM32CubeIDE/plugins/com.st.stm32cube.ide.mcu.externaltools.gnu-tools-for-stm32.13.3.rel1.win32_1.0.0.202411081344/tools/bin/../lib/gcc/arm-none-eabi/13.3.1/thumb/v7e-m+fp/hard/crtbegin.o
LOAD C:/ST/STM32CubeIDE_1.18.1/STM32CubeIDE/plugins/com.st.stm32cube.ide.mcu.externaltools.gnu-tools-for-stm32.13.3.rel1.win32_1.0.0.202411081344/tools/bin/../lib/gcc/arm-none-eabi/13.3.1/../../../../arm-none-eabi/lib/thumb/v7e-m+fp/hard/crt0.o
LOAD ./Core/Src/freertos.o
LOAD ./Core/Src/gpio.o
LOAD ./Core/Src/i2c.o
LOAD ./Core/Src/main.o
LOAD ./Core/Src/stm32f4xx_hal_msp.o
LOAD ./Core/Src/stm32f4xx_hal_timebase_tim.o
LOAD ./Core/Src/stm32f4xx_it.o
LOAD ./Core/Src/syscalls.o
LOAD ./Core/Src/sysmem.o
LOAD ./Core/Src/system_stm32f4xx.o
LOAD ./Core/Src/tim.o
LOAD ./Core/Startup/startup_stm32f411retx.o
LOAD ./Core/ap/Controller/Controller.o
LOAD ./Core/ap/Controller/StopWatch.o
LOAD ./Core/ap/Controller/TimeWatch.o
LOAD ./Core/ap/Listener/Listener.o
LOAD ./Core/ap/Listener/Listener_StopWatch.o
LOAD ./Core/ap/Listener/Listener_TimeWatch.o
LOAD ./Core/ap/Model/Model_Mode.o
LOAD ./Core/ap/Model/Model_StopWatch.o
LOAD ./Core/ap/Model/Model_TimeWatch.o
LOAD ./Core/ap/Presenter/Presenter.o
LOAD ./Core/ap/Presenter/Presenter_StopWatch.o
LOAD ./Core/ap/Presenter/Presenter_TimeWatch.o
LOAD ./Core/driver/Button/Button.o
LOAD ./Core/driver/FND/FND.o
LOAD ./Core/driver/LCD/lcd.o
LOAD ./Core/driver/LedBar/LedBar.o
LOAD ./Drivers/STM32F4xx_HAL_Driver/Src/stm32f4xx_hal.o
LOAD ./Drivers/STM32F4xx_HAL_Driver/Src/stm32f4xx_hal_cortex.o
LOAD ./Drivers/STM32F4xx_HAL_Driver/Src/stm32f4xx_hal_dma.o
LOAD ./Drivers/STM32F4xx_HAL_Driver/Src/stm32f4xx_hal_dma_ex.o
LOAD ./Drivers/STM32F4xx_HAL_Driver/Src/stm32f4xx_hal_exti.o
LOAD ./Drivers/STM32F4xx_HAL_Driver/Src/stm32f4xx_hal_flash.o
LOAD ./Drivers/STM32F4xx_HAL_Driver/Src/stm32f4xx_hal_flash_ex.o
LOAD ./Drivers/STM32F4xx_HAL_Driver/Src/stm32f4xx_hal_flash_ramfunc.o
LOAD ./Drivers/STM32F4xx_HAL_Driver/Src/stm32f4xx_hal_gpio.o
LOAD ./Drivers/STM32F4xx_HAL_Driver/Src/stm32f4xx_hal_i2c.o
LOAD ./Drivers/STM32F4xx_HAL_Driver/Src/stm32f4xx_hal_i2c_ex.o
LOAD ./Drivers/STM32F4xx_HAL_Driver/Src/stm32f4xx_hal_pwr.o
LOAD ./Drivers/STM32F4xx_HAL_Driver/Src/stm32f4xx_hal_pwr_ex.o
LOAD ./Drivers/STM32F4xx_HAL_Driver/Src/stm32f4xx_hal_rcc.o
LOAD ./Drivers/STM32F4xx_HAL_Driver/Src/stm32f4xx_hal_rcc_ex.o
LOAD ./Drivers/STM32F4xx_HAL_Driver/Src/stm32f4xx_hal_tim.o
LOAD ./Drivers/STM32F4xx_HAL_Driver/Src/stm32f4xx_hal_tim_ex.o
LOAD ./Middlewares/Third_Party/FreeRTOS/Source/CMSIS_RTOS/cmsis_os.o
LOAD ./Middlewares/Third_Party/FreeRTOS/Source/croutine.o
LOAD ./Middlewares/Third_Party/FreeRTOS/Source/event_groups.o
LOAD ./Middlewares/Third_Party/FreeRTOS/Source/list.o
LOAD ./Middlewares/Third_Party/FreeRTOS/Source/queue.o
LOAD ./Middlewares/Third_Party/FreeRTOS/Source/stream_buffer.o
LOAD ./Middlewares/Third_Party/FreeRTOS/Source/tasks.o
LOAD ./Middlewares/Third_Party/FreeRTOS/Source/timers.o
LOAD ./Middlewares/Third_Party/FreeRTOS/Source/portable/GCC/ARM_CM4F/port.o
LOAD ./Middlewares/Third_Party/FreeRTOS/Source/portable/MemMang/heap_4.o
START GROUP
LOAD C:/ST/STM32CubeIDE_1.18.1/STM32CubeIDE/plugins/com.st.stm32cube.ide.mcu.externaltools.gnu-tools-for-stm32.13.3.rel1.win32_1.0.0.202411081344/tools/bin/../lib/gcc/arm-none-eabi/13.3.1/../../../../arm-none-eabi/lib/thumb/v7e-m+fp/hard\libc_nano.a
LOAD C:/ST/STM32CubeIDE_1.18.1/STM32CubeIDE/plugins/com.st.stm32cube.ide.mcu.externaltools.gnu-tools-for-stm32.13.3.rel1.win32_1.0.0.202411081344/tools/bin/../lib/gcc/arm-none-eabi/13.3.1/../../../../arm-none-eabi/lib/thumb/v7e-m+fp/hard\libm.a
END GROUP
START GROUP
LOAD C:/ST/STM32CubeIDE_1.18.1/STM32CubeIDE/plugins/com.st.stm32cube.ide.mcu.externaltools.gnu-tools-for-stm32.13.3.rel1.win32_1.0.0.202411081344/tools/bin/../lib/gcc/arm-none-eabi/13.3.1/thumb/v7e-m+fp/hard\libgcc.a
LOAD C:/ST/STM32CubeIDE_1.18.1/STM32CubeIDE/plugins/com.st.stm32cube.ide.mcu.externaltools.gnu-tools-for-stm32.13.3.rel1.win32_1.0.0.202411081344/tools/bin/../lib/gcc/arm-none-eabi/13.3.1/../../../../arm-none-eabi/lib/thumb/v7e-m+fp/hard\libc_nano.a
END GROUP
START GROUP
LOAD C:/ST/STM32CubeIDE_1.18.1/STM32CubeIDE/plugins/com.st.stm32cube.ide.mcu.externaltools.gnu-tools-for-stm32.13.3.rel1.win32_1.0.0.202411081344/tools/bin/../lib/gcc/arm-none-eabi/13.3.1/thumb/v7e-m+fp/hard\libgcc.a
LOAD C:/ST/STM32CubeIDE_1.18.1/STM32CubeIDE/plugins/com.st.stm32cube.ide.mcu.externaltools.gnu-tools-for-stm32.13.3.rel1.win32_1.0.0.202411081344/tools/bin/../lib/gcc/arm-none-eabi/13.3.1/../../../../arm-none-eabi/lib/thumb/v7e-m+fp/hard\libc_nano.a
LOAD C:/ST/STM32CubeIDE_1.18.1/STM32CubeIDE/plugins/com.st.stm32cube.ide.mcu.externaltools.gnu-tools-for-stm32.13.3.rel1.win32_1.0.0.202411081344/tools/bin/../lib/gcc/arm-none-eabi/13.3.1/../../../../arm-none-eabi/lib/thumb/v7e-m+fp/hard\libnosys.a
END GROUP
START GROUP
LOAD C:/ST/STM32CubeIDE_1.18.1/STM32CubeIDE/plugins/com.st.stm32cube.ide.mcu.externaltools.gnu-tools-for-stm32.13.3.rel1.win32_1.0.0.202411081344/tools/bin/../lib/gcc/arm-none-eabi/13.3.1/thumb/v7e-m+fp/hard\libgcc.a
LOAD C:/ST/STM32CubeIDE_1.18.1/STM32CubeIDE/plugins/com.st.stm32cube.ide.mcu.externaltools.gnu-tools-for-stm32.13.3.rel1.win32_1.0.0.202411081344/tools/bin/../lib/gcc/arm-none-eabi/13.3.1/../../../../arm-none-eabi/lib/thumb/v7e-m+fp/hard\libc_nano.a
LOAD C:/ST/STM32CubeIDE_1.18.1/STM32CubeIDE/plugins/com.st.stm32cube.ide.mcu.externaltools.gnu-tools-for-stm32.13.3.rel1.win32_1.0.0.202411081344/tools/bin/../lib/gcc/arm-none-eabi/13.3.1/../../../../arm-none-eabi/lib/thumb/v7e-m+fp/hard\libnosys.a
END GROUP
LOAD C:/ST/STM32CubeIDE_1.18.1/STM32CubeIDE/plugins/com.st.stm32cube.ide.mcu.externaltools.gnu-tools-for-stm32.13.3.rel1.win32_1.0.0.202411081344/tools/bin/../lib/gcc/arm-none-eabi/13.3.1/thumb/v7e-m+fp/hard/crtend.o
LOAD C:/ST/STM32CubeIDE_1.18.1/STM32CubeIDE/plugins/com.st.stm32cube.ide.mcu.externaltools.gnu-tools-for-stm32.13.3.rel1.win32_1.0.0.202411081344/tools/bin/../lib/gcc/arm-none-eabi/13.3.1/thumb/v7e-m+fp/hard/crtn.o
                0x20020000                        _estack = (ORIGIN (RAM) + LENGTH (RAM))
                0x00000200                        _Min_Heap_Size = 0x200
                0x00000400                        _Min_Stack_Size = 0x400

.isr_vector     0x08000000      0x198
                0x08000000                        . = ALIGN (0x4)
 *(.isr_vector)
 .isr_vector    0x08000000      0x198 ./Core/Startup/startup_stm32f411retx.o
                0x08000000                g_pfnVectors
                0x08000198                        . = ALIGN (0x4)

.text           0x080001a0     0x72cc
                0x080001a0                        . = ALIGN (0x4)
 *(.text)
 .text          0x080001a0       0x40 C:/ST/STM32CubeIDE_1.18.1/STM32CubeIDE/plugins/com.st.stm32cube.ide.mcu.externaltools.gnu-tools-for-stm32.13.3.rel1.win32_1.0.0.202411081344/tools/bin/../lib/gcc/arm-none-eabi/13.3.1/thumb/v7e-m+fp/hard/crtbegin.o
 .text          0x080001e0       0xa0 C:/ST/STM32CubeIDE_1.18.1/STM32CubeIDE/plugins/com.st.stm32cube.ide.mcu.externaltools.gnu-tools-for-stm32.13.3.rel1.win32_1.0.0.202411081344/tools/bin/../lib/gcc/arm-none-eabi/13.3.1/../../../../arm-none-eabi/lib/thumb/v7e-m+fp/hard\libc_nano.a(libc_a-memchr.o)
                0x080001e0                memchr
 .text          0x08000280       0x30 C:/ST/STM32CubeIDE_1.18.1/STM32CubeIDE/plugins/com.st.stm32cube.ide.mcu.externaltools.gnu-tools-for-stm32.13.3.rel1.win32_1.0.0.202411081344/tools/bin/../lib/gcc/arm-none-eabi/13.3.1/thumb/v7e-m+fp/hard\libgcc.a(_aeabi_uldivmod.o)
                0x08000280                __aeabi_uldivmod
 .text          0x080002b0      0x2f8 C:/ST/STM32CubeIDE_1.18.1/STM32CubeIDE/plugins/com.st.stm32cube.ide.mcu.externaltools.gnu-tools-for-stm32.13.3.rel1.win32_1.0.0.202411081344/tools/bin/../lib/gcc/arm-none-eabi/13.3.1/thumb/v7e-m+fp/hard\libgcc.a(_udivmoddi4.o)
                0x080002b0                __udivmoddi4
 .text          0x080005a8        0x4 C:/ST/STM32CubeIDE_1.18.1/STM32CubeIDE/plugins/com.st.stm32cube.ide.mcu.externaltools.gnu-tools-for-stm32.13.3.rel1.win32_1.0.0.202411081344/tools/bin/../lib/gcc/arm-none-eabi/13.3.1/thumb/v7e-m+fp/hard\libgcc.a(_dvmd_tls.o)
                0x080005a8                __aeabi_idiv0
                0x080005a8                __aeabi_ldiv0
 *(.text*)
 .text.vApplicationGetIdleTaskMemory
                0x080005ac       0x34 ./Core/Src/freertos.o
                0x080005ac                vApplicationGetIdleTaskMemory
 .text.MX_FREERTOS_Init
                0x080005e0       0xd8 ./Core/Src/freertos.o
                0x080005e0                MX_FREERTOS_Init
 .text.StartDefaultTask
                0x080006b8       0x10 ./Core/Src/freertos.o
                0x080006b8                StartDefaultTask
 .text.StartListenerTask
                0x080006c8       0x1a ./Core/Src/freertos.o
                0x080006c8                StartListenerTask
 .text.StartControllerTask
                0x080006e2       0x1a ./Core/Src/freertos.o
                0x080006e2                StartControllerTask
 .text.StartPresenterTask
                0x080006fc       0x1a ./Core/Src/freertos.o
                0x080006fc                StartPresenterTask
 *fill*         0x08000716        0x2 
 .text.MX_GPIO_Init
                0x08000718      0x150 ./Core/Src/gpio.o
                0x08000718                MX_GPIO_Init
 .text.MX_I2C1_Init
                0x08000868       0x5c ./Core/Src/i2c.o
                0x08000868                MX_I2C1_Init
 .text.HAL_I2C_MspInit
                0x080008c4       0x90 ./Core/Src/i2c.o
                0x080008c4                HAL_I2C_MspInit
 .text.main     0x08000954       0x24 ./Core/Src/main.o
                0x08000954                main
 .text.SystemClock_Config
                0x08000978       0xd0 ./Core/Src/main.o
                0x08000978                SystemClock_Config
 .text.HAL_TIM_PeriodElapsedCallback
                0x08000a48       0x38 ./Core/Src/main.o
                0x08000a48                HAL_TIM_PeriodElapsedCallback
 .text.Error_Handler
                0x08000a80        0xc ./Core/Src/main.o
                0x08000a80                Error_Handler
 .text.HAL_MspInit
                0x08000a8c       0x58 ./Core/Src/stm32f4xx_hal_msp.o
                0x08000a8c                HAL_MspInit
 .text.HAL_InitTick
                0x08000ae4       0xe4 ./Core/Src/stm32f4xx_hal_timebase_tim.o
                0x08000ae4                HAL_InitTick
 .text.NMI_Handler
                0x08000bc8        0x8 ./Core/Src/stm32f4xx_it.o
                0x08000bc8                NMI_Handler
 .text.HardFault_Handler
                0x08000bd0        0x8 ./Core/Src/stm32f4xx_it.o
                0x08000bd0                HardFault_Handler
 .text.MemManage_Handler
                0x08000bd8        0x8 ./Core/Src/stm32f4xx_it.o
                0x08000bd8                MemManage_Handler
 .text.BusFault_Handler
                0x08000be0        0x8 ./Core/Src/stm32f4xx_it.o
                0x08000be0                BusFault_Handler
 .text.UsageFault_Handler
                0x08000be8        0x8 ./Core/Src/stm32f4xx_it.o
                0x08000be8                UsageFault_Handler
 .text.DebugMon_Handler
                0x08000bf0        0xe ./Core/Src/stm32f4xx_it.o
                0x08000bf0                DebugMon_Handler
 *fill*         0x08000bfe        0x2 
 .text.TIM1_TRG_COM_TIM11_IRQHandler
                0x08000c00       0x14 ./Core/Src/stm32f4xx_it.o
                0x08000c00                TIM1_TRG_COM_TIM11_IRQHandler
 .text.TIM2_IRQHandler
                0x08000c14       0x14 ./Core/Src/stm32f4xx_it.o
                0x08000c14                TIM2_IRQHandler
 .text._sbrk    0x08000c28       0x6c ./Core/Src/sysmem.o
                0x08000c28                _sbrk
 .text.SystemInit
                0x08000c94       0x24 ./Core/Src/system_stm32f4xx.o
                0x08000c94                SystemInit
 .text.MX_TIM2_Init
                0x08000cb8       0x98 ./Core/Src/tim.o
                0x08000cb8                MX_TIM2_Init
 .text.HAL_TIM_Base_MspInit
                0x08000d50       0x4c ./Core/Src/tim.o
                0x08000d50                HAL_TIM_Base_MspInit
 .text.Reset_Handler
                0x08000d9c       0x50 ./Core/Startup/startup_stm32f411retx.o
                0x08000d9c                Reset_Handler
 .text.Default_Handler
                0x08000dec        0x2 ./Core/Startup/startup_stm32f411retx.o
                0x08000dec                RTC_Alarm_IRQHandler
                0x08000dec                EXTI2_IRQHandler
                0x08000dec                SPI4_IRQHandler
                0x08000dec                TIM1_CC_IRQHandler
                0x08000dec                DMA2_Stream5_IRQHandler
                0x08000dec                DMA1_Stream5_IRQHandler
                0x08000dec                PVD_IRQHandler
                0x08000dec                SDIO_IRQHandler
                0x08000dec                TAMP_STAMP_IRQHandler
                0x08000dec                EXTI3_IRQHandler
                0x08000dec                TIM1_UP_TIM10_IRQHandler
                0x08000dec                I2C3_ER_IRQHandler
                0x08000dec                EXTI0_IRQHandler
                0x08000dec                I2C2_EV_IRQHandler
                0x08000dec                DMA1_Stream2_IRQHandler
                0x08000dec                FPU_IRQHandler
                0x08000dec                DMA2_Stream2_IRQHandler
                0x08000dec                SPI1_IRQHandler
                0x08000dec                TIM1_BRK_TIM9_IRQHandler
                0x08000dec                DMA2_Stream3_IRQHandler
                0x08000dec                USART6_IRQHandler
                0x08000dec                DMA2_Stream0_IRQHandler
                0x08000dec                TIM4_IRQHandler
                0x08000dec                I2C1_EV_IRQHandler
                0x08000dec                DMA1_Stream6_IRQHandler
                0x08000dec                DMA1_Stream1_IRQHandler
                0x08000dec                TIM3_IRQHandler
                0x08000dec                RCC_IRQHandler
                0x08000dec                Default_Handler
                0x08000dec                EXTI15_10_IRQHandler
                0x08000dec                ADC_IRQHandler
                0x08000dec                DMA1_Stream7_IRQHandler
                0x08000dec                SPI5_IRQHandler
                0x08000dec                TIM5_IRQHandler
                0x08000dec                DMA2_Stream7_IRQHandler
                0x08000dec                I2C3_EV_IRQHandler
                0x08000dec                EXTI9_5_IRQHandler
                0x08000dec                RTC_WKUP_IRQHandler
                0x08000dec                SPI2_IRQHandler
                0x08000dec                DMA1_Stream0_IRQHandler
                0x08000dec                EXTI4_IRQHandler
                0x08000dec                WWDG_IRQHandler
                0x08000dec                OTG_FS_WKUP_IRQHandler
                0x08000dec                EXTI1_IRQHandler
                0x08000dec                USART2_IRQHandler
                0x08000dec                I2C2_ER_IRQHandler
                0x08000dec                DMA2_Stream1_IRQHandler
                0x08000dec                FLASH_IRQHandler
                0x08000dec                DMA2_Stream4_IRQHandler
                0x08000dec                USART1_IRQHandler
                0x08000dec                OTG_FS_IRQHandler
                0x08000dec                SPI3_IRQHandler
                0x08000dec                DMA1_Stream4_IRQHandler
                0x08000dec                I2C1_ER_IRQHandler
                0x08000dec                DMA2_Stream6_IRQHandler
                0x08000dec                DMA1_Stream3_IRQHandler
 .text.Controller_Init
                0x08000dee       0x10 ./Core/ap/Controller/Controller.o
                0x08000dee                Controller_Init
 .text.Controller_Excute
                0x08000dfe       0x32 ./Core/ap/Controller/Controller.o
                0x08000dfe                Controller_Excute
 .text.Controller_CheckEventMode
                0x08000e30       0xac ./Core/ap/Controller/Controller.o
                0x08000e30                Controller_CheckEventMode
 .text.StopWatch_Init
                0x08000edc       0x54 ./Core/ap/Controller/StopWatch.o
                0x08000edc                StopWatch_Init
 .text.StopWatch_Excute
                0x08000f30       0x3e ./Core/ap/Controller/StopWatch.o
                0x08000f30                StopWatch_Excute
 *fill*         0x08000f6e        0x2 
 .text.StopWatch_Stop
                0x08000f70       0x44 ./Core/ap/Controller/StopWatch.o
                0x08000f70                StopWatch_Stop
 .text.StopWatch_Run
                0x08000fb4       0x84 ./Core/ap/Controller/StopWatch.o
                0x08000fb4                StopWatch_Run
 .text.StopWatch_Clear
                0x08001038       0x58 ./Core/ap/Controller/StopWatch.o
                0x08001038                StopWatch_Clear
 .text.StopWatch_IncTimeCallBack
                0x08001090       0x8c ./Core/ap/Controller/StopWatch.o
                0x08001090                StopWatch_IncTimeCallBack
 .text.TimeWatch_Init
                0x0800111c       0x54 ./Core/ap/Controller/TimeWatch.o
                0x0800111c                TimeWatch_Init
 .text.TimeWatch_Excute
                0x08001170       0x54 ./Core/ap/Controller/TimeWatch.o
                0x08001170                TimeWatch_Excute
 .text.TimeWatch_IncTimeCallBack
                0x080011c4       0x84 ./Core/ap/Controller/TimeWatch.o
                0x080011c4                TimeWatch_IncTimeCallBack
 .text.Listener_Init
                0x08001248       0x24 ./Core/ap/Listener/Listener.o
                0x08001248                Listener_Init
 .text.Listener_Excute
                0x0800126c       0x32 ./Core/ap/Listener/Listener.o
                0x0800126c                Listener_Excute
 *fill*         0x0800129e        0x2 
 .text.Listener_CheckButton
                0x080012a0       0x2c ./Core/ap/Listener/Listener.o
                0x080012a0                Listener_CheckButton
 .text.Listener_StopWatchInit
                0x080012cc       0x30 ./Core/ap/Listener/Listener_StopWatch.o
                0x080012cc                Listener_StopWatchInit
 .text.Listener_StopWatchExcute
                0x080012fc        0xc ./Core/ap/Listener/Listener_StopWatch.o
                0x080012fc                Listener_StopWatchExcute
 .text.Listener_StopWatch_CheckButton
                0x08001308       0x4c ./Core/ap/Listener/Listener_StopWatch.o
 .text.Listener_TimeWatch_Init
                0x08001354        0xe ./Core/ap/Listener/Listener_TimeWatch.o
                0x08001354                Listener_TimeWatch_Init
 .text.Listener_TimeWatch_Excute
                0x08001362        0xe ./Core/ap/Listener/Listener_TimeWatch.o
                0x08001362                Listener_TimeWatch_Excute
 .text.Model_Mode_Init
                0x08001370       0x20 ./Core/ap/Model/Model_Mode.o
                0x08001370                Model_Mode_Init
 .text.Model_Set_ModeState
                0x08001390       0x20 ./Core/ap/Model/Model_Mode.o
                0x08001390                Model_Set_ModeState
 .text.Model_Get_ModeState
                0x080013b0       0x18 ./Core/ap/Model/Model_Mode.o
                0x080013b0                Model_Get_ModeState
 .text.Model_StopWatch_Init
                0x080013c8       0x34 ./Core/ap/Model/Model_StopWatch.o
                0x080013c8                Model_StopWatch_Init
 .text.Model_Set_StopWatchState
                0x080013fc       0x20 ./Core/ap/Model/Model_StopWatch.o
                0x080013fc                Model_Set_StopWatchState
 .text.Model_Get_StopWatchState
                0x0800141c       0x18 ./Core/ap/Model/Model_StopWatch.o
                0x0800141c                Model_Get_StopWatchState
 .text.Model_timeWatch_Init
                0x08001434       0x20 ./Core/ap/Model/Model_TimeWatch.o
                0x08001434                Model_timeWatch_Init
 .text.Presenter_Init
                0x08001454       0x10 ./Core/ap/Presenter/Presenter.o
                0x08001454                Presenter_Init
 .text.Presenter_Excute
                0x08001464       0x88 ./Core/ap/Presenter/Presenter.o
                0x08001464                Presenter_Excute
 .text.Presenter_StopWatch_Init
                0x080014ec       0x14 ./Core/ap/Presenter/Presenter_StopWatch.o
                0x080014ec                Presenter_StopWatch_Init
 .text.Presenter_StopWatch_Excute
                0x08001500       0x58 ./Core/ap/Presenter/Presenter_StopWatch.o
                0x08001500                Presenter_StopWatch_Excute
 .text.Presenter_StopWatch_FND
                0x08001558       0xbc ./Core/ap/Presenter/Presenter_StopWatch.o
                0x08001558                Presenter_StopWatch_FND
 .text.Presenter_StopWatch_LCD
                0x08001614       0xec ./Core/ap/Presenter/Presenter_StopWatch.o
                0x08001614                Presenter_StopWatch_LCD
 .text.Presenter_TimeWatch_Init
                0x08001700        0xe ./Core/ap/Presenter/Presenter_TimeWatch.o
                0x08001700                Presenter_TimeWatch_Init
 *fill*         0x0800170e        0x2 
 .text.Presenter_TimeWatch_Excute
                0x08001710       0x58 ./Core/ap/Presenter/Presenter_TimeWatch.o
                0x08001710                Presenter_TimeWatch_Excute
 .text.Presenter_TimeWatch_FND
                0x08001768       0x50 ./Core/ap/Presenter/Presenter_TimeWatch.o
                0x08001768                Presenter_TimeWatch_FND
 .text.Presenter_TimeWatch_LCD
                0x080017b8       0x64 ./Core/ap/Presenter/Presenter_TimeWatch.o
                0x080017b8                Presenter_TimeWatch_LCD
 .text.Button_Init
                0x0800181c       0x2c ./Core/driver/Button/Button.o
                0x0800181c                Button_Init
 .text.Button_GetState
                0x08001848       0x62 ./Core/driver/Button/Button.o
                0x08001848                Button_GetState
 *fill*         0x080018aa        0x2 
 .text.FND_WriteDp
                0x080018ac       0x50 ./Core/driver/FND/FND.o
                0x080018ac                FND_WriteDp
 .text.FND_WriteData
                0x080018fc       0x20 ./Core/driver/FND/FND.o
                0x080018fc                FND_WriteData
 .text.FND_DispDataCallBack
                0x0800191c      0x220 ./Core/driver/FND/FND.o
                0x0800191c                FND_DispDataCallBack
 .text.FND_DispOn
                0x08001b3c       0x30 ./Core/driver/FND/FND.o
 .text.FND_DispOffALL
                0x08001b6c       0x44 ./Core/driver/FND/FND.o
 .text.FND_DispDigit
                0x08001bb0       0x90 ./Core/driver/FND/FND.o
 .text.LCD_Init
                0x08001c40       0x70 ./Core/driver/LCD/lcd.o
                0x08001c40                LCD_Init
 .text.LCD_sendI2C
                0x08001cb0       0x2c ./Core/driver/LCD/lcd.o
                0x08001cb0                LCD_sendI2C
 .text.LCD_backLightOn
                0x08001cdc       0x20 ./Core/driver/LCD/lcd.o
                0x08001cdc                LCD_backLightOn
 .text.LCD_cmdMode
                0x08001cfc       0x24 ./Core/driver/LCD/lcd.o
 .text.LCD_charMode
                0x08001d20       0x24 ./Core/driver/LCD/lcd.o
 .text.LCD_writeMode
                0x08001d44       0x24 ./Core/driver/LCD/lcd.o
 .text.LCD_E_High
                0x08001d68       0x24 ./Core/driver/LCD/lcd.o
 .text.LCD_E_Low
                0x08001d8c       0x24 ./Core/driver/LCD/lcd.o
 .text.LCD_sendNibbleData
                0x08001db0       0x48 ./Core/driver/LCD/lcd.o
 .text.LCD_sendData
                0x08001df8       0x28 ./Core/driver/LCD/lcd.o
 .text.LCD_writeCmdData
                0x08001e20       0x22 ./Core/driver/LCD/lcd.o
 .text.LCD_writeCharData
                0x08001e42       0x22 ./Core/driver/LCD/lcd.o
                0x08001e42                LCD_writeCharData
 .text.LCD_writeString
                0x08001e64       0x38 ./Core/driver/LCD/lcd.o
                0x08001e64                LCD_writeString
 .text.LCD_gotoXY
                0x08001e9c       0x42 ./Core/driver/LCD/lcd.o
                0x08001e9c                LCD_gotoXY
 .text.LCD_writeStringXY
                0x08001ede       0x2a ./Core/driver/LCD/lcd.o
                0x08001ede                LCD_writeStringXY
 .text.HAL_Init
                0x08001f08       0x44 ./Drivers/STM32F4xx_HAL_Driver/Src/stm32f4xx_hal.o
                0x08001f08                HAL_Init
 .text.HAL_IncTick
                0x08001f4c       0x28 ./Drivers/STM32F4xx_HAL_Driver/Src/stm32f4xx_hal.o
                0x08001f4c                HAL_IncTick
 .text.HAL_GetTick
                0x08001f74       0x18 ./Drivers/STM32F4xx_HAL_Driver/Src/stm32f4xx_hal.o
                0x08001f74                HAL_GetTick
 .text.HAL_Delay
                0x08001f8c       0x48 ./Drivers/STM32F4xx_HAL_Driver/Src/stm32f4xx_hal.o
                0x08001f8c                HAL_Delay
 .text.__NVIC_SetPriorityGrouping
                0x08001fd4       0x48 ./Drivers/STM32F4xx_HAL_Driver/Src/stm32f4xx_hal_cortex.o
 .text.__NVIC_GetPriorityGrouping
                0x0800201c       0x1c ./Drivers/STM32F4xx_HAL_Driver/Src/stm32f4xx_hal_cortex.o
 .text.__NVIC_EnableIRQ
                0x08002038       0x3c ./Drivers/STM32F4xx_HAL_Driver/Src/stm32f4xx_hal_cortex.o
 .text.__NVIC_SetPriority
                0x08002074       0x54 ./Drivers/STM32F4xx_HAL_Driver/Src/stm32f4xx_hal_cortex.o
 .text.NVIC_EncodePriority
                0x080020c8       0x66 ./Drivers/STM32F4xx_HAL_Driver/Src/stm32f4xx_hal_cortex.o
 .text.HAL_NVIC_SetPriorityGrouping
                0x0800212e       0x16 ./Drivers/STM32F4xx_HAL_Driver/Src/stm32f4xx_hal_cortex.o
                0x0800212e                HAL_NVIC_SetPriorityGrouping
 .text.HAL_NVIC_SetPriority
                0x08002144       0x38 ./Drivers/STM32F4xx_HAL_Driver/Src/stm32f4xx_hal_cortex.o
                0x08002144                HAL_NVIC_SetPriority
 .text.HAL_NVIC_EnableIRQ
                0x0800217c       0x1c ./Drivers/STM32F4xx_HAL_Driver/Src/stm32f4xx_hal_cortex.o
                0x0800217c                HAL_NVIC_EnableIRQ
 .text.HAL_GPIO_Init
                0x08002198      0x308 ./Drivers/STM32F4xx_HAL_Driver/Src/stm32f4xx_hal_gpio.o
                0x08002198                HAL_GPIO_Init
 .text.HAL_GPIO_ReadPin
                0x080024a0       0x30 ./Drivers/STM32F4xx_HAL_Driver/Src/stm32f4xx_hal_gpio.o
                0x080024a0                HAL_GPIO_ReadPin
 .text.HAL_GPIO_WritePin
                0x080024d0       0x32 ./Drivers/STM32F4xx_HAL_Driver/Src/stm32f4xx_hal_gpio.o
                0x080024d0                HAL_GPIO_WritePin
 *fill*         0x08002502        0x2 
 .text.HAL_I2C_Init
                0x08002504      0x288 ./Drivers/STM32F4xx_HAL_Driver/Src/stm32f4xx_hal_i2c.o
                0x08002504                HAL_I2C_Init
 .text.HAL_I2C_Master_Transmit
                0x0800278c      0x1fc ./Drivers/STM32F4xx_HAL_Driver/Src/stm32f4xx_hal_i2c.o
                0x0800278c                HAL_I2C_Master_Transmit
 .text.I2C_MasterRequestWrite
                0x08002988      0x104 ./Drivers/STM32F4xx_HAL_Driver/Src/stm32f4xx_hal_i2c.o
 .text.I2C_WaitOnFlagUntilTimeout
                0x08002a8c       0xf4 ./Drivers/STM32F4xx_HAL_Driver/Src/stm32f4xx_hal_i2c.o
 .text.I2C_WaitOnMasterAddressFlagUntilTimeout
                0x08002b80      0x140 ./Drivers/STM32F4xx_HAL_Driver/Src/stm32f4xx_hal_i2c.o
 .text.I2C_WaitOnTXEFlagUntilTimeout
                0x08002cc0       0x90 ./Drivers/STM32F4xx_HAL_Driver/Src/stm32f4xx_hal_i2c.o
 .text.I2C_WaitOnBTFFlagUntilTimeout
                0x08002d50       0x90 ./Drivers/STM32F4xx_HAL_Driver/Src/stm32f4xx_hal_i2c.o
 .text.I2C_IsAcknowledgeFailed
                0x08002de0       0x5e ./Drivers/STM32F4xx_HAL_Driver/Src/stm32f4xx_hal_i2c.o
 *fill*         0x08002e3e        0x2 
 .text.HAL_RCC_OscConfig
                0x08002e40      0x4f0 ./Drivers/STM32F4xx_HAL_Driver/Src/stm32f4xx_hal_rcc.o
                0x08002e40                HAL_RCC_OscConfig
 .text.HAL_RCC_ClockConfig
                0x08003330      0x1cc ./Drivers/STM32F4xx_HAL_Driver/Src/stm32f4xx_hal_rcc.o
                0x08003330                HAL_RCC_ClockConfig
 .text.HAL_RCC_GetSysClockFreq
                0x080034fc      0x20c ./Drivers/STM32F4xx_HAL_Driver/Src/stm32f4xx_hal_rcc.o
                0x080034fc                HAL_RCC_GetSysClockFreq
 .text.HAL_RCC_GetHCLKFreq
                0x08003708       0x18 ./Drivers/STM32F4xx_HAL_Driver/Src/stm32f4xx_hal_rcc.o
                0x08003708                HAL_RCC_GetHCLKFreq
 .text.HAL_RCC_GetPCLK1Freq
                0x08003720       0x28 ./Drivers/STM32F4xx_HAL_Driver/Src/stm32f4xx_hal_rcc.o
                0x08003720                HAL_RCC_GetPCLK1Freq
 .text.HAL_RCC_GetPCLK2Freq
                0x08003748       0x28 ./Drivers/STM32F4xx_HAL_Driver/Src/stm32f4xx_hal_rcc.o
                0x08003748                HAL_RCC_GetPCLK2Freq
 .text.HAL_RCC_GetClockConfig
                0x08003770       0x64 ./Drivers/STM32F4xx_HAL_Driver/Src/stm32f4xx_hal_rcc.o
                0x08003770                HAL_RCC_GetClockConfig
 .text.HAL_TIM_Base_Init
                0x080037d4       0x9e ./Drivers/STM32F4xx_HAL_Driver/Src/stm32f4xx_hal_tim.o
                0x080037d4                HAL_TIM_Base_Init
 *fill*         0x08003872        0x2 
 .text.HAL_TIM_Base_Start_IT
                0x08003874       0xc4 ./Drivers/STM32F4xx_HAL_Driver/Src/stm32f4xx_hal_tim.o
                0x08003874                HAL_TIM_Base_Start_IT
 .text.HAL_TIM_IRQHandler
                0x08003938      0x1e0 ./Drivers/STM32F4xx_HAL_Driver/Src/stm32f4xx_hal_tim.o
                0x08003938                HAL_TIM_IRQHandler
 .text.HAL_TIM_ConfigClockSource
                0x08003b18      0x18e ./Drivers/STM32F4xx_HAL_Driver/Src/stm32f4xx_hal_tim.o
                0x08003b18                HAL_TIM_ConfigClockSource
 .text.HAL_TIM_OC_DelayElapsedCallback
                0x08003ca6       0x14 ./Drivers/STM32F4xx_HAL_Driver/Src/stm32f4xx_hal_tim.o
                0x08003ca6                HAL_TIM_OC_DelayElapsedCallback
 .text.HAL_TIM_IC_CaptureCallback
                0x08003cba       0x14 ./Drivers/STM32F4xx_HAL_Driver/Src/stm32f4xx_hal_tim.o
                0x08003cba                HAL_TIM_IC_CaptureCallback
 .text.HAL_TIM_PWM_PulseFinishedCallback
                0x08003cce       0x14 ./Drivers/STM32F4xx_HAL_Driver/Src/stm32f4xx_hal_tim.o
                0x08003cce                HAL_TIM_PWM_PulseFinishedCallback
 .text.HAL_TIM_TriggerCallback
                0x08003ce2       0x14 ./Drivers/STM32F4xx_HAL_Driver/Src/stm32f4xx_hal_tim.o
                0x08003ce2                HAL_TIM_TriggerCallback
 *fill*         0x08003cf6        0x2 
 .text.TIM_Base_SetConfig
                0x08003cf8      0x10c ./Drivers/STM32F4xx_HAL_Driver/Src/stm32f4xx_hal_tim.o
                0x08003cf8                TIM_Base_SetConfig
 .text.TIM_TI1_ConfigInputStage
                0x08003e04       0x5e ./Drivers/STM32F4xx_HAL_Driver/Src/stm32f4xx_hal_tim.o
 .text.TIM_TI2_ConfigInputStage
                0x08003e62       0x60 ./Drivers/STM32F4xx_HAL_Driver/Src/stm32f4xx_hal_tim.o
 .text.TIM_ITRx_SetConfig
                0x08003ec2       0x36 ./Drivers/STM32F4xx_HAL_Driver/Src/stm32f4xx_hal_tim.o
 .text.TIM_ETR_SetConfig
                0x08003ef8       0x40 ./Drivers/STM32F4xx_HAL_Driver/Src/stm32f4xx_hal_tim.o
                0x08003ef8                TIM_ETR_SetConfig
 .text.HAL_TIMEx_MasterConfigSynchronization
                0x08003f38       0xdc ./Drivers/STM32F4xx_HAL_Driver/Src/stm32f4xx_hal_tim_ex.o
                0x08003f38                HAL_TIMEx_MasterConfigSynchronization
 .text.HAL_TIMEx_CommutCallback
                0x08004014       0x14 ./Drivers/STM32F4xx_HAL_Driver/Src/stm32f4xx_hal_tim_ex.o
                0x08004014                HAL_TIMEx_CommutCallback
 .text.HAL_TIMEx_BreakCallback
                0x08004028       0x14 ./Drivers/STM32F4xx_HAL_Driver/Src/stm32f4xx_hal_tim_ex.o
                0x08004028                HAL_TIMEx_BreakCallback
 .text.makeFreeRtosPriority
                0x0800403c       0x30 ./Middlewares/Third_Party/FreeRTOS/Source/CMSIS_RTOS/cmsis_os.o
 .text.inHandlerMode
                0x0800406c       0x24 ./Middlewares/Third_Party/FreeRTOS/Source/CMSIS_RTOS/cmsis_os.o
 .text.osKernelStart
                0x08004090        0xe ./Middlewares/Third_Party/FreeRTOS/Source/CMSIS_RTOS/cmsis_os.o
                0x08004090                osKernelStart
 .text.osThreadCreate
                0x0800409e       0x98 ./Middlewares/Third_Party/FreeRTOS/Source/CMSIS_RTOS/cmsis_os.o
                0x0800409e                osThreadCreate
 .text.osDelay  0x08004136       0x28 ./Middlewares/Third_Party/FreeRTOS/Source/CMSIS_RTOS/cmsis_os.o
                0x08004136                osDelay
 .text.osPoolCreate
                0x0800415e       0xba ./Middlewares/Third_Party/FreeRTOS/Source/CMSIS_RTOS/cmsis_os.o
                0x0800415e                osPoolCreate
 .text.osPoolAlloc
                0x08004218       0xc4 ./Middlewares/Third_Party/FreeRTOS/Source/CMSIS_RTOS/cmsis_os.o
                0x08004218                osPoolAlloc
 .text.osPoolFree
                0x080042dc       0x82 ./Middlewares/Third_Party/FreeRTOS/Source/CMSIS_RTOS/cmsis_os.o
                0x080042dc                osPoolFree
 .text.osMessageCreate
                0x0800435e       0x50 ./Middlewares/Third_Party/FreeRTOS/Source/CMSIS_RTOS/cmsis_os.o
                0x0800435e                osMessageCreate
 *fill*         0x080043ae        0x2 
 .text.osMessagePut
                0x080043b0       0x80 ./Middlewares/Third_Party/FreeRTOS/Source/CMSIS_RTOS/cmsis_os.o
                0x080043b0                osMessagePut
 .text.osMessageGet
                0x08004430       0xe8 ./Middlewares/Third_Party/FreeRTOS/Source/CMSIS_RTOS/cmsis_os.o
                0x08004430                osMessageGet
 .text.osMailCreate
                0x08004518       0xb0 ./Middlewares/Third_Party/FreeRTOS/Source/CMSIS_RTOS/cmsis_os.o
                0x08004518                osMailCreate
 .text.osMailAlloc
                0x080045c8       0x2a ./Middlewares/Third_Party/FreeRTOS/Source/CMSIS_RTOS/cmsis_os.o
                0x080045c8                osMailAlloc
 *fill*         0x080045f2        0x2 
 .text.osMailPut
                0x080045f4       0x7c ./Middlewares/Third_Party/FreeRTOS/Source/CMSIS_RTOS/cmsis_os.o
                0x080045f4                osMailPut
 .text.osMailGet
                0x08004670       0xe8 ./Middlewares/Third_Party/FreeRTOS/Source/CMSIS_RTOS/cmsis_os.o
                0x08004670                osMailGet
 .text.osMailFree
                0x08004758       0x2a ./Middlewares/Third_Party/FreeRTOS/Source/CMSIS_RTOS/cmsis_os.o
                0x08004758                osMailFree
 .text.vListInitialise
                0x08004782       0x40 ./Middlewares/Third_Party/FreeRTOS/Source/list.o
                0x08004782                vListInitialise
 .text.vListInitialiseItem
                0x080047c2       0x1a ./Middlewares/Third_Party/FreeRTOS/Source/list.o
                0x080047c2                vListInitialiseItem
 .text.vListInsertEnd
                0x080047dc       0x48 ./Middlewares/Third_Party/FreeRTOS/Source/list.o
                0x080047dc                vListInsertEnd
 .text.vListInsert
                0x08004824       0x72 ./Middlewares/Third_Party/FreeRTOS/Source/list.o
                0x08004824                vListInsert
 .text.uxListRemove
                0x08004896       0x54 ./Middlewares/Third_Party/FreeRTOS/Source/list.o
                0x08004896                uxListRemove
 *fill*         0x080048ea        0x2 
 .text.xQueueGenericReset
                0x080048ec       0xd4 ./Middlewares/Third_Party/FreeRTOS/Source/queue.o
                0x080048ec                xQueueGenericReset
 .text.xQueueGenericCreateStatic
                0x080049c0       0xfa ./Middlewares/Third_Party/FreeRTOS/Source/queue.o
                0x080049c0                xQueueGenericCreateStatic
 .text.xQueueGenericCreate
                0x08004aba       0x76 ./Middlewares/Third_Party/FreeRTOS/Source/queue.o
                0x08004aba                xQueueGenericCreate
 .text.prvInitialiseNewQueue
                0x08004b30       0x3e ./Middlewares/Third_Party/FreeRTOS/Source/queue.o
 *fill*         0x08004b6e        0x2 
 .text.xQueueGenericSend
                0x08004b70      0x204 ./Middlewares/Third_Party/FreeRTOS/Source/queue.o
                0x08004b70                xQueueGenericSend
 .text.xQueueGenericSendFromISR
                0x08004d74      0x13c ./Middlewares/Third_Party/FreeRTOS/Source/queue.o
                0x08004d74                xQueueGenericSendFromISR
 .text.xQueueReceive
                0x08004eb0      0x1c4 ./Middlewares/Third_Party/FreeRTOS/Source/queue.o
                0x08004eb0                xQueueReceive
 .text.xQueueReceiveFromISR
                0x08005074      0x104 ./Middlewares/Third_Party/FreeRTOS/Source/queue.o
                0x08005074                xQueueReceiveFromISR
 .text.prvCopyDataToQueue
                0x08005178       0xd4 ./Middlewares/Third_Party/FreeRTOS/Source/queue.o
 .text.prvCopyDataFromQueue
                0x0800524c       0x4c ./Middlewares/Third_Party/FreeRTOS/Source/queue.o
 .text.prvUnlockQueue
                0x08005298       0xa4 ./Middlewares/Third_Party/FreeRTOS/Source/queue.o
 .text.prvIsQueueEmpty
                0x0800533c       0x2c ./Middlewares/Third_Party/FreeRTOS/Source/queue.o
 .text.prvIsQueueFull
                0x08005368       0x30 ./Middlewares/Third_Party/FreeRTOS/Source/queue.o
 .text.xTaskCreateStatic
                0x08005398       0xc0 ./Middlewares/Third_Party/FreeRTOS/Source/tasks.o
                0x08005398                xTaskCreateStatic
 .text.xTaskCreate
                0x08005458       0x8a ./Middlewares/Third_Party/FreeRTOS/Source/tasks.o
                0x08005458                xTaskCreate
 *fill*         0x080054e2        0x2 
 .text.prvInitialiseNewTask
                0x080054e4      0x140 ./Middlewares/Third_Party/FreeRTOS/Source/tasks.o
 .text.prvAddNewTaskToReadyList
                0x08005624       0xd4 ./Middlewares/Third_Party/FreeRTOS/Source/tasks.o
 .text.vTaskDelay
                0x080056f8       0x6c ./Middlewares/Third_Party/FreeRTOS/Source/tasks.o
                0x080056f8                vTaskDelay
 .text.vTaskStartScheduler
                0x08005764       0xd4 ./Middlewares/Third_Party/FreeRTOS/Source/tasks.o
                0x08005764                vTaskStartScheduler
 .text.vTaskSuspendAll
                0x08005838       0x1c ./Middlewares/Third_Party/FreeRTOS/Source/tasks.o
                0x08005838                vTaskSuspendAll
 .text.xTaskResumeAll
                0x08005854      0x13c ./Middlewares/Third_Party/FreeRTOS/Source/tasks.o
                0x08005854                xTaskResumeAll
 .text.xTaskIncrementTick
                0x08005990      0x174 ./Middlewares/Third_Party/FreeRTOS/Source/tasks.o
                0x08005990                xTaskIncrementTick
 .text.vTaskSwitchContext
                0x08005b04       0xc8 ./Middlewares/Third_Party/FreeRTOS/Source/tasks.o
                0x08005b04                vTaskSwitchContext
 .text.vTaskPlaceOnEventList
                0x08005bcc       0x4c ./Middlewares/Third_Party/FreeRTOS/Source/tasks.o
                0x08005bcc                vTaskPlaceOnEventList
 .text.xTaskRemoveFromEventList
                0x08005c18       0xc8 ./Middlewares/Third_Party/FreeRTOS/Source/tasks.o
                0x08005c18                xTaskRemoveFromEventList
 .text.vTaskInternalSetTimeOutState
                0x08005ce0       0x2c ./Middlewares/Third_Party/FreeRTOS/Source/tasks.o
                0x08005ce0                vTaskInternalSetTimeOutState
 .text.xTaskCheckForTimeOut
                0x08005d0c       0xc8 ./Middlewares/Third_Party/FreeRTOS/Source/tasks.o
                0x08005d0c                xTaskCheckForTimeOut
 .text.vTaskMissedYield
                0x08005dd4       0x18 ./Middlewares/Third_Party/FreeRTOS/Source/tasks.o
                0x08005dd4                vTaskMissedYield
 .text.prvIdleTask
                0x08005dec       0x30 ./Middlewares/Third_Party/FreeRTOS/Source/tasks.o
 .text.prvInitialiseTaskLists
                0x08005e1c       0x80 ./Middlewares/Third_Party/FreeRTOS/Source/tasks.o
 .text.prvCheckTasksWaitingTermination
                0x08005e9c       0x5c ./Middlewares/Third_Party/FreeRTOS/Source/tasks.o
 .text.prvDeleteTCB
                0x08005ef8       0x6a ./Middlewares/Third_Party/FreeRTOS/Source/tasks.o
 *fill*         0x08005f62        0x2 
 .text.prvResetNextTaskUnblockTime
                0x08005f64       0x40 ./Middlewares/Third_Party/FreeRTOS/Source/tasks.o
 .text.xTaskGetSchedulerState
                0x08005fa4       0x3c ./Middlewares/Third_Party/FreeRTOS/Source/tasks.o
                0x08005fa4                xTaskGetSchedulerState
 .text.xTaskPriorityDisinherit
                0x08005fe0      0x110 ./Middlewares/Third_Party/FreeRTOS/Source/tasks.o
                0x08005fe0                xTaskPriorityDisinherit
 .text.prvAddCurrentTaskToDelayedList
                0x080060f0       0xcc ./Middlewares/Third_Party/FreeRTOS/Source/tasks.o
 .text.pxPortInitialiseStack
                0x080061bc       0x68 ./Middlewares/Third_Party/FreeRTOS/Source/portable/GCC/ARM_CM4F/port.o
                0x080061bc                pxPortInitialiseStack
 .text.prvTaskExitError
                0x08006224       0x5c ./Middlewares/Third_Party/FreeRTOS/Source/portable/GCC/ARM_CM4F/port.o
 .text.SVC_Handler
                0x08006280       0x28 ./Middlewares/Third_Party/FreeRTOS/Source/portable/GCC/ARM_CM4F/port.o
                0x08006280                SVC_Handler
 .text.prvPortStartFirstTask
                0x080062a8       0x28 ./Middlewares/Third_Party/FreeRTOS/Source/portable/GCC/ARM_CM4F/port.o
 .text.xPortStartScheduler
                0x080062d0      0x148 ./Middlewares/Third_Party/FreeRTOS/Source/portable/GCC/ARM_CM4F/port.o
                0x080062d0                xPortStartScheduler
 .text.vPortEnterCritical
                0x08006418       0x64 ./Middlewares/Third_Party/FreeRTOS/Source/portable/GCC/ARM_CM4F/port.o
                0x08006418                vPortEnterCritical
 .text.vPortExitCritical
                0x0800647c       0x54 ./Middlewares/Third_Party/FreeRTOS/Source/portable/GCC/ARM_CM4F/port.o
                0x0800647c                vPortExitCritical
 .text.PendSV_Handler
                0x080064d0       0x68 ./Middlewares/Third_Party/FreeRTOS/Source/portable/GCC/ARM_CM4F/port.o
                0x080064d0                PendSV_Handler
 .text.SysTick_Handler
                0x08006538       0x44 ./Middlewares/Third_Party/FreeRTOS/Source/portable/GCC/ARM_CM4F/port.o
                0x08006538                SysTick_Handler
 .text.vPortSetupTimerInterrupt
                0x0800657c       0x48 ./Middlewares/Third_Party/FreeRTOS/Source/portable/GCC/ARM_CM4F/port.o
                0x0800657c                vPortSetupTimerInterrupt
 .text.vPortEnableVFP
                0x080065c4       0x14 ./Middlewares/Third_Party/FreeRTOS/Source/portable/GCC/ARM_CM4F/port.o
 .text.vPortValidateInterruptPriority
                0x080065d8       0x84 ./Middlewares/Third_Party/FreeRTOS/Source/portable/GCC/ARM_CM4F/port.o
                0x080065d8                vPortValidateInterruptPriority
 .text.pvPortMalloc
                0x0800665c      0x19c ./Middlewares/Third_Party/FreeRTOS/Source/portable/MemMang/heap_4.o
                0x0800665c                pvPortMalloc
 .text.vPortFree
                0x080067f8       0xc8 ./Middlewares/Third_Party/FreeRTOS/Source/portable/MemMang/heap_4.o
                0x080067f8                vPortFree
 .text.prvHeapInit
                0x080068c0       0xc4 ./Middlewares/Third_Party/FreeRTOS/Source/portable/MemMang/heap_4.o
 .text.prvInsertBlockIntoFreeList
                0x08006984       0xb4 ./Middlewares/Third_Party/FreeRTOS/Source/portable/MemMang/heap_4.o
 .text.sprintf  0x08006a38       0x44 C:/ST/STM32CubeIDE_1.18.1/STM32CubeIDE/plugins/com.st.stm32cube.ide.mcu.externaltools.gnu-tools-for-stm32.13.3.rel1.win32_1.0.0.202411081344/tools/bin/../lib/gcc/arm-none-eabi/13.3.1/../../../../arm-none-eabi/lib/thumb/v7e-m+fp/hard\libc_nano.a(libc_a-sprintf.o)
                0x08006a38                siprintf
                0x08006a38                sprintf
 .text.memcmp   0x08006a7c       0x20 C:/ST/STM32CubeIDE_1.18.1/STM32CubeIDE/plugins/com.st.stm32cube.ide.mcu.externaltools.gnu-tools-for-stm32.13.3.rel1.win32_1.0.0.202411081344/tools/bin/../lib/gcc/arm-none-eabi/13.3.1/../../../../arm-none-eabi/lib/thumb/v7e-m+fp/hard\libc_nano.a(libc_a-memcmp.o)
                0x08006a7c                memcmp
 .text.memset   0x08006a9c       0x10 C:/ST/STM32CubeIDE_1.18.1/STM32CubeIDE/plugins/com.st.stm32cube.ide.mcu.externaltools.gnu-tools-for-stm32.13.3.rel1.win32_1.0.0.202411081344/tools/bin/../lib/gcc/arm-none-eabi/13.3.1/../../../../arm-none-eabi/lib/thumb/v7e-m+fp/hard\libc_nano.a(libc_a-memset.o)
                0x08006a9c                memset
 .text._reclaim_reent
                0x08006aac       0xbc C:/ST/STM32CubeIDE_1.18.1/STM32CubeIDE/plugins/com.st.stm32cube.ide.mcu.externaltools.gnu-tools-for-stm32.13.3.rel1.win32_1.0.0.202411081344/tools/bin/../lib/gcc/arm-none-eabi/13.3.1/../../../../arm-none-eabi/lib/thumb/v7e-m+fp/hard\libc_nano.a(libc_a-reent.o)
                0x08006aac                _reclaim_reent
 .text.__errno  0x08006b68        0xc C:/ST/STM32CubeIDE_1.18.1/STM32CubeIDE/plugins/com.st.stm32cube.ide.mcu.externaltools.gnu-tools-for-stm32.13.3.rel1.win32_1.0.0.202411081344/tools/bin/../lib/gcc/arm-none-eabi/13.3.1/../../../../arm-none-eabi/lib/thumb/v7e-m+fp/hard\libc_nano.a(libc_a-errno.o)
                0x08006b68                __errno
 .text.__libc_init_array
                0x08006b74       0x48 C:/ST/STM32CubeIDE_1.18.1/STM32CubeIDE/plugins/com.st.stm32cube.ide.mcu.externaltools.gnu-tools-for-stm32.13.3.rel1.win32_1.0.0.202411081344/tools/bin/../lib/gcc/arm-none-eabi/13.3.1/../../../../arm-none-eabi/lib/thumb/v7e-m+fp/hard\libc_nano.a(libc_a-init.o)
                0x08006b74                __libc_init_array
 .text.__retarget_lock_acquire_recursive
                0x08006bbc        0x2 C:/ST/STM32CubeIDE_1.18.1/STM32CubeIDE/plugins/com.st.stm32cube.ide.mcu.externaltools.gnu-tools-for-stm32.13.3.rel1.win32_1.0.0.202411081344/tools/bin/../lib/gcc/arm-none-eabi/13.3.1/../../../../arm-none-eabi/lib/thumb/v7e-m+fp/hard\libc_nano.a(libc_a-lock.o)
                0x08006bbc                __retarget_lock_acquire_recursive
 .text.__retarget_lock_release_recursive
                0x08006bbe        0x2 C:/ST/STM32CubeIDE_1.18.1/STM32CubeIDE/plugins/com.st.stm32cube.ide.mcu.externaltools.gnu-tools-for-stm32.13.3.rel1.win32_1.0.0.202411081344/tools/bin/../lib/gcc/arm-none-eabi/13.3.1/../../../../arm-none-eabi/lib/thumb/v7e-m+fp/hard\libc_nano.a(libc_a-lock.o)
                0x08006bbe                __retarget_lock_release_recursive
 .text.memcpy   0x08006bc0       0x1c C:/ST/STM32CubeIDE_1.18.1/STM32CubeIDE/plugins/com.st.stm32cube.ide.mcu.externaltools.gnu-tools-for-stm32.13.3.rel1.win32_1.0.0.202411081344/tools/bin/../lib/gcc/arm-none-eabi/13.3.1/../../../../arm-none-eabi/lib/thumb/v7e-m+fp/hard\libc_nano.a(libc_a-memcpy-stub.o)
                0x08006bc0                memcpy
 .text._free_r  0x08006bdc       0x94 C:/ST/STM32CubeIDE_1.18.1/STM32CubeIDE/plugins/com.st.stm32cube.ide.mcu.externaltools.gnu-tools-for-stm32.13.3.rel1.win32_1.0.0.202411081344/tools/bin/../lib/gcc/arm-none-eabi/13.3.1/../../../../arm-none-eabi/lib/thumb/v7e-m+fp/hard\libc_nano.a(libc_a-freer.o)
                0x08006bdc                _free_r
 .text.sbrk_aligned
                0x08006c70       0x44 C:/ST/STM32CubeIDE_1.18.1/STM32CubeIDE/plugins/com.st.stm32cube.ide.mcu.externaltools.gnu-tools-for-stm32.13.3.rel1.win32_1.0.0.202411081344/tools/bin/../lib/gcc/arm-none-eabi/13.3.1/../../../../arm-none-eabi/lib/thumb/v7e-m+fp/hard\libc_nano.a(libc_a-mallocr.o)
 .text._malloc_r
                0x08006cb4      0x100 C:/ST/STM32CubeIDE_1.18.1/STM32CubeIDE/plugins/com.st.stm32cube.ide.mcu.externaltools.gnu-tools-for-stm32.13.3.rel1.win32_1.0.0.202411081344/tools/bin/../lib/gcc/arm-none-eabi/13.3.1/../../../../arm-none-eabi/lib/thumb/v7e-m+fp/hard\libc_nano.a(libc_a-mallocr.o)
                0x08006cb4                _malloc_r
 .text.__malloc_lock
                0x08006db4        0xc C:/ST/STM32CubeIDE_1.18.1/STM32CubeIDE/plugins/com.st.stm32cube.ide.mcu.externaltools.gnu-tools-for-stm32.13.3.rel1.win32_1.0.0.202411081344/tools/bin/../lib/gcc/arm-none-eabi/13.3.1/../../../../arm-none-eabi/lib/thumb/v7e-m+fp/hard\libc_nano.a(libc_a-mlock.o)
                0x08006db4                __malloc_lock
 .text.__malloc_unlock
                0x08006dc0        0xc C:/ST/STM32CubeIDE_1.18.1/STM32CubeIDE/plugins/com.st.stm32cube.ide.mcu.externaltools.gnu-tools-for-stm32.13.3.rel1.win32_1.0.0.202411081344/tools/bin/../lib/gcc/arm-none-eabi/13.3.1/../../../../arm-none-eabi/lib/thumb/v7e-m+fp/hard\libc_nano.a(libc_a-mlock.o)
                0x08006dc0                __malloc_unlock
 .text.__ssputs_r
                0x08006dcc       0xb6 C:/ST/STM32CubeIDE_1.18.1/STM32CubeIDE/plugins/com.st.stm32cube.ide.mcu.externaltools.gnu-tools-for-stm32.13.3.rel1.win32_1.0.0.202411081344/tools/bin/../lib/gcc/arm-none-eabi/13.3.1/../../../../arm-none-eabi/lib/thumb/v7e-m+fp/hard\libc_nano.a(libc_a-nano-svfprintf.o)
                0x08006dcc                __ssputs_r
 *fill*         0x08006e82        0x2 
 .text._svfprintf_r
                0x08006e84      0x1f8 C:/ST/STM32CubeIDE_1.18.1/STM32CubeIDE/plugins/com.st.stm32cube.ide.mcu.externaltools.gnu-tools-for-stm32.13.3.rel1.win32_1.0.0.202411081344/tools/bin/../lib/gcc/arm-none-eabi/13.3.1/../../../../arm-none-eabi/lib/thumb/v7e-m+fp/hard\libc_nano.a(libc_a-nano-svfprintf.o)
                0x08006e84                _svfiprintf_r
                0x08006e84                _svfprintf_r
 .text._printf_common
                0x0800707c       0xda C:/ST/STM32CubeIDE_1.18.1/STM32CubeIDE/plugins/com.st.stm32cube.ide.mcu.externaltools.gnu-tools-for-stm32.13.3.rel1.win32_1.0.0.202411081344/tools/bin/../lib/gcc/arm-none-eabi/13.3.1/../../../../arm-none-eabi/lib/thumb/v7e-m+fp/hard\libc_nano.a(libc_a-nano-vfprintf_i.o)
                0x0800707c                _printf_common
 *fill*         0x08007156        0x2 
 .text._printf_i
                0x08007158      0x23c C:/ST/STM32CubeIDE_1.18.1/STM32CubeIDE/plugins/com.st.stm32cube.ide.mcu.externaltools.gnu-tools-for-stm32.13.3.rel1.win32_1.0.0.202411081344/tools/bin/../lib/gcc/arm-none-eabi/13.3.1/../../../../arm-none-eabi/lib/thumb/v7e-m+fp/hard\libc_nano.a(libc_a-nano-vfprintf_i.o)
                0x08007158                _printf_i
 .text.memmove  0x08007394       0x34 C:/ST/STM32CubeIDE_1.18.1/STM32CubeIDE/plugins/com.st.stm32cube.ide.mcu.externaltools.gnu-tools-for-stm32.13.3.rel1.win32_1.0.0.202411081344/tools/bin/../lib/gcc/arm-none-eabi/13.3.1/../../../../arm-none-eabi/lib/thumb/v7e-m+fp/hard\libc_nano.a(libc_a-memmove.o)
                0x08007394                memmove
 .text._sbrk_r  0x080073c8       0x20 C:/ST/STM32CubeIDE_1.18.1/STM32CubeIDE/plugins/com.st.stm32cube.ide.mcu.externaltools.gnu-tools-for-stm32.13.3.rel1.win32_1.0.0.202411081344/tools/bin/../lib/gcc/arm-none-eabi/13.3.1/../../../../arm-none-eabi/lib/thumb/v7e-m+fp/hard\libc_nano.a(libc_a-sbrkr.o)
                0x080073c8                _sbrk_r
 .text._realloc_r
                0x080073e8       0x5c C:/ST/STM32CubeIDE_1.18.1/STM32CubeIDE/plugins/com.st.stm32cube.ide.mcu.externaltools.gnu-tools-for-stm32.13.3.rel1.win32_1.0.0.202411081344/tools/bin/../lib/gcc/arm-none-eabi/13.3.1/../../../../arm-none-eabi/lib/thumb/v7e-m+fp/hard\libc_nano.a(libc_a-reallocr.o)
                0x080073e8                _realloc_r
 .text._malloc_usable_size_r
                0x08007444       0x10 C:/ST/STM32CubeIDE_1.18.1/STM32CubeIDE/plugins/com.st.stm32cube.ide.mcu.externaltools.gnu-tools-for-stm32.13.3.rel1.win32_1.0.0.202411081344/tools/bin/../lib/gcc/arm-none-eabi/13.3.1/../../../../arm-none-eabi/lib/thumb/v7e-m+fp/hard\libc_nano.a(libc_a-msizer.o)
                0x08007444                _malloc_usable_size_r
 *(.glue_7)
 .glue_7        0x08007454        0x0 linker stubs
 *(.glue_7t)
 .glue_7t       0x08007454        0x0 linker stubs
 *(.eh_frame)
 .eh_frame      0x08007454        0x0 C:/ST/STM32CubeIDE_1.18.1/STM32CubeIDE/plugins/com.st.stm32cube.ide.mcu.externaltools.gnu-tools-for-stm32.13.3.rel1.win32_1.0.0.202411081344/tools/bin/../lib/gcc/arm-none-eabi/13.3.1/thumb/v7e-m+fp/hard/crtbegin.o
 *(.init)
 .init          0x08007454        0x4 C:/ST/STM32CubeIDE_1.18.1/STM32CubeIDE/plugins/com.st.stm32cube.ide.mcu.externaltools.gnu-tools-for-stm32.13.3.rel1.win32_1.0.0.202411081344/tools/bin/../lib/gcc/arm-none-eabi/13.3.1/thumb/v7e-m+fp/hard/crti.o
                0x08007454                _init
 .init          0x08007458        0x8 C:/ST/STM32CubeIDE_1.18.1/STM32CubeIDE/plugins/com.st.stm32cube.ide.mcu.externaltools.gnu-tools-for-stm32.13.3.rel1.win32_1.0.0.202411081344/tools/bin/../lib/gcc/arm-none-eabi/13.3.1/thumb/v7e-m+fp/hard/crtn.o
 *(.fini)
 .fini          0x08007460        0x4 C:/ST/STM32CubeIDE_1.18.1/STM32CubeIDE/plugins/com.st.stm32cube.ide.mcu.externaltools.gnu-tools-for-stm32.13.3.rel1.win32_1.0.0.202411081344/tools/bin/../lib/gcc/arm-none-eabi/13.3.1/thumb/v7e-m+fp/hard/crti.o
                0x08007460                _fini
 .fini          0x08007464        0x8 C:/ST/STM32CubeIDE_1.18.1/STM32CubeIDE/plugins/com.st.stm32cube.ide.mcu.externaltools.gnu-tools-for-stm32.13.3.rel1.win32_1.0.0.202411081344/tools/bin/../lib/gcc/arm-none-eabi/13.3.1/thumb/v7e-m+fp/hard/crtn.o
                0x0800746c                        . = ALIGN (0x4)
                0x0800746c                        _etext = .

.vfp11_veneer   0x0800746c        0x0
 .vfp11_veneer  0x0800746c        0x0 linker stubs

.v4_bx          0x0800746c        0x0
 .v4_bx         0x0800746c        0x0 linker stubs

.iplt           0x0800746c        0x0
 .iplt          0x0800746c        0x0 C:/ST/STM32CubeIDE_1.18.1/STM32CubeIDE/plugins/com.st.stm32cube.ide.mcu.externaltools.gnu-tools-for-stm32.13.3.rel1.win32_1.0.0.202411081344/tools/bin/../lib/gcc/arm-none-eabi/13.3.1/thumb/v7e-m+fp/hard/crtbegin.o

.rodata         0x0800746c      0x1f4
                0x0800746c                        . = ALIGN (0x4)
 *(.rodata)
 .rodata        0x0800746c       0xac ./Core/Src/freertos.o
 .rodata        0x08007518       0x1e ./Core/ap/Presenter/Presenter.o
 *fill*         0x08007536        0x2 
 .rodata        0x08007538       0x57 ./Core/ap/Presenter/Presenter_StopWatch.o
 *fill*         0x0800758f        0x1 
 .rodata        0x08007590       0x36 ./Core/ap/Presenter/Presenter_TimeWatch.o
 *fill*         0x080075c6        0x2 
 .rodata        0x080075c8        0xc ./Core/driver/FND/FND.o
 .rodata        0x080075d4        0x5 ./Middlewares/Third_Party/FreeRTOS/Source/tasks.o
 *(.rodata*)
 *fill*         0x080075d9        0x3 
 .rodata.AHBPrescTable
                0x080075dc       0x10 ./Core/Src/system_stm32f4xx.o
                0x080075dc                AHBPrescTable
 .rodata.APBPrescTable
                0x080075ec        0x8 ./Core/Src/system_stm32f4xx.o
                0x080075ec                APBPrescTable
 .rodata.os_messageQ_def_modeEventQueue
                0x080075f4       0x10 ./Core/ap/Model/Model_Mode.o
                0x080075f4                os_messageQ_def_modeEventQueue
 .rodata.os_messageQ_def_stopWatchEventQueue
                0x08007604       0x10 ./Core/ap/Model/Model_StopWatch.o
                0x08007604                os_messageQ_def_stopWatchEventQueue
 .rodata.os_mailQ_def_stopWatchDataQueue
                0x08007614        0xc ./Core/ap/Model/Model_StopWatch.o
                0x08007614                os_mailQ_def_stopWatchDataQueue
 .rodata.os_mailQ_def_timeWatchDataQueue
                0x08007620        0xc ./Core/ap/Model/Model_TimeWatch.o
                0x08007620                os_mailQ_def_timeWatchDataQueue
 .rodata._svfprintf_r.str1.1
                0x0800762c       0x33 C:/ST/STM32CubeIDE_1.18.1/STM32CubeIDE/plugins/com.st.stm32cube.ide.mcu.externaltools.gnu-tools-for-stm32.13.3.rel1.win32_1.0.0.202411081344/tools/bin/../lib/gcc/arm-none-eabi/13.3.1/../../../../arm-none-eabi/lib/thumb/v7e-m+fp/hard\libc_nano.a(libc_a-nano-svfprintf.o)
                                 0x11 (size before relaxing)
 .rodata._printf_i.str1.1
                0x0800765f       0x22 C:/ST/STM32CubeIDE_1.18.1/STM32CubeIDE/plugins/com.st.stm32cube.ide.mcu.externaltools.gnu-tools-for-stm32.13.3.rel1.win32_1.0.0.202411081344/tools/bin/../lib/gcc/arm-none-eabi/13.3.1/../../../../arm-none-eabi/lib/thumb/v7e-m+fp/hard\libc_nano.a(libc_a-nano-vfprintf_i.o)
                0x08007684                        . = ALIGN (0x4)
 *fill*         0x0800765f        0x1 

.ARM.extab      0x08007660        0x0
                0x08007660                        . = ALIGN (0x4)
 *(.ARM.extab* .gnu.linkonce.armextab.*)
                0x08007660                        . = ALIGN (0x4)

.ARM            0x08007660        0x8
                0x08007660                        . = ALIGN (0x4)
                0x08007660                        __exidx_start = .
 *(.ARM.exidx*)
 .ARM.exidx     0x08007660        0x8 C:/ST/STM32CubeIDE_1.18.1/STM32CubeIDE/plugins/com.st.stm32cube.ide.mcu.externaltools.gnu-tools-for-stm32.13.3.rel1.win32_1.0.0.202411081344/tools/bin/../lib/gcc/arm-none-eabi/13.3.1/../../../../arm-none-eabi/lib/thumb/v7e-m+fp/hard\libc_nano.a(libc_a-memchr.o)
 .ARM.exidx     0x08007668        0x0 C:/ST/STM32CubeIDE_1.18.1/STM32CubeIDE/plugins/com.st.stm32cube.ide.mcu.externaltools.gnu-tools-for-stm32.13.3.rel1.win32_1.0.0.202411081344/tools/bin/../lib/gcc/arm-none-eabi/13.3.1/thumb/v7e-m+fp/hard\libgcc.a(_udivmoddi4.o)
                                  0x8 (size before relaxing)
                0x08007668                        __exidx_end = .
                0x08007668                        . = ALIGN (0x4)

.preinit_array  0x08007668        0x0
                0x08007668                        . = ALIGN (0x4)
                0x08007668                        PROVIDE (__preinit_array_start = .)
 *(.preinit_array*)
                0x08007668                        PROVIDE (__preinit_array_end = .)
                0x08007668                        . = ALIGN (0x4)

.init_array     0x08007668        0x4
                0x08007668                        . = ALIGN (0x4)
                0x08007668                        PROVIDE (__init_array_start = .)
 *(SORT_BY_NAME(.init_array.*))
 *(.init_array*)
 .init_array    0x08007668        0x4 C:/ST/STM32CubeIDE_1.18.1/STM32CubeIDE/plugins/com.st.stm32cube.ide.mcu.externaltools.gnu-tools-for-stm32.13.3.rel1.win32_1.0.0.202411081344/tools/bin/../lib/gcc/arm-none-eabi/13.3.1/thumb/v7e-m+fp/hard/crtbegin.o
                0x0800766c                        PROVIDE (__init_array_end = .)
                0x0800766c                        . = ALIGN (0x4)

.fini_array     0x0800766c        0x4
                0x0800766c                        . = ALIGN (0x4)
                [!provide]                        PROVIDE (__fini_array_start = .)
 *(SORT_BY_NAME(.fini_array.*))
 *(.fini_array*)
 .fini_array    0x0800766c        0x4 C:/ST/STM32CubeIDE_1.18.1/STM32CubeIDE/plugins/com.st.stm32cube.ide.mcu.externaltools.gnu-tools-for-stm32.13.3.rel1.win32_1.0.0.202411081344/tools/bin/../lib/gcc/arm-none-eabi/13.3.1/thumb/v7e-m+fp/hard/crtbegin.o
                [!provide]                        PROVIDE (__fini_array_end = .)
                0x08007670                        . = ALIGN (0x4)
                0x08007670                        _sidata = LOADADDR (.data)

.rel.dyn        0x08007670        0x0
 .rel.iplt      0x08007670        0x0 C:/ST/STM32CubeIDE_1.18.1/STM32CubeIDE/plugins/com.st.stm32cube.ide.mcu.externaltools.gnu-tools-for-stm32.13.3.rel1.win32_1.0.0.202411081344/tools/bin/../lib/gcc/arm-none-eabi/13.3.1/thumb/v7e-m+fp/hard/crtbegin.o

.data           0x20000000       0xc4 load address 0x08007670
                0x20000000                        . = ALIGN (0x4)
                0x20000000                        _sdata = .
 *(.data)
 *(.data*)
 .data.SystemCoreClock
                0x20000000        0x4 ./Core/Src/system_stm32f4xx.o
                0x20000000                SystemCoreClock
 .data.prevStopWatchState.0
                0x20000004        0x1 ./Core/ap/Presenter/Presenter_StopWatch.o
 *fill*         0x20000005        0x3 
 .data.fndDigitCom
                0x20000008       0x20 ./Core/driver/FND/FND.o
                0x20000008                fndDigitCom
 .data.fndPin   0x20000028       0x40 ./Core/driver/FND/FND.o
                0x20000028                fndPin
 .data.uwTickPrio
                0x20000068        0x4 ./Drivers/STM32F4xx_HAL_Driver/Src/stm32f4xx_hal.o
                0x20000068                uwTickPrio
 .data.uwTickFreq
                0x2000006c        0x1 ./Drivers/STM32F4xx_HAL_Driver/Src/stm32f4xx_hal.o
                0x2000006c                uwTickFreq
 *fill*         0x2000006d        0x3 
 .data.uxCriticalNesting
                0x20000070        0x4 ./Middlewares/Third_Party/FreeRTOS/Source/portable/GCC/ARM_CM4F/port.o
 .data._impure_ptr
                0x20000074        0x4 C:/ST/STM32CubeIDE_1.18.1/STM32CubeIDE/plugins/com.st.stm32cube.ide.mcu.externaltools.gnu-tools-for-stm32.13.3.rel1.win32_1.0.0.202411081344/tools/bin/../lib/gcc/arm-none-eabi/13.3.1/../../../../arm-none-eabi/lib/thumb/v7e-m+fp/hard\libc_nano.a(libc_a-impure.o)
                0x20000074                _impure_ptr
 .data._impure_data
                0x20000078       0x4c C:/ST/STM32CubeIDE_1.18.1/STM32CubeIDE/plugins/com.st.stm32cube.ide.mcu.externaltools.gnu-tools-for-stm32.13.3.rel1.win32_1.0.0.202411081344/tools/bin/../lib/gcc/arm-none-eabi/13.3.1/../../../../arm-none-eabi/lib/thumb/v7e-m+fp/hard\libc_nano.a(libc_a-impure.o)
                0x20000078                _impure_data
 *(.RamFunc)
 *(.RamFunc*)
                0x200000c4                        . = ALIGN (0x4)
                0x200000c4                        _edata = .

.igot.plt       0x200000c4        0x0 load address 0x08007734
 .igot.plt      0x200000c4        0x0 C:/ST/STM32CubeIDE_1.18.1/STM32CubeIDE/plugins/com.st.stm32cube.ide.mcu.externaltools.gnu-tools-for-stm32.13.3.rel1.win32_1.0.0.202411081344/tools/bin/../lib/gcc/arm-none-eabi/13.3.1/thumb/v7e-m+fp/hard/crtbegin.o
                0x200000c4                        . = ALIGN (0x4)

.bss            0x200000c4     0x42d4 load address 0x08007734
                0x200000c4                        _sbss = .
                0x200000c4                        __bss_start__ = _sbss
 *(.bss)
 .bss           0x200000c4       0x1c C:/ST/STM32CubeIDE_1.18.1/STM32CubeIDE/plugins/com.st.stm32cube.ide.mcu.externaltools.gnu-tools-for-stm32.13.3.rel1.win32_1.0.0.202411081344/tools/bin/../lib/gcc/arm-none-eabi/13.3.1/thumb/v7e-m+fp/hard/crtbegin.o
 *(.bss*)
 .bss.defaultTaskHandle
                0x200000e0        0x4 ./Core/Src/freertos.o
                0x200000e0                defaultTaskHandle
 .bss.myListenerTaskHandle
                0x200000e4        0x4 ./Core/Src/freertos.o
                0x200000e4                myListenerTaskHandle
 .bss.myControllerTasHandle
                0x200000e8        0x4 ./Core/Src/freertos.o
                0x200000e8                myControllerTasHandle
 .bss.myPresenterTaskHandle
                0x200000ec        0x4 ./Core/Src/freertos.o
                0x200000ec                myPresenterTaskHandle
 .bss.xIdleTaskTCBBuffer
                0x200000f0       0xa0 ./Core/Src/freertos.o
 .bss.xIdleStack
                0x20000190      0x200 ./Core/Src/freertos.o
 .bss.hi2c1     0x20000390       0x54 ./Core/Src/i2c.o
                0x20000390                hi2c1
 .bss.htim11    0x200003e4       0x48 ./Core/Src/stm32f4xx_hal_timebase_tim.o
                0x200003e4                htim11
 .bss.__sbrk_heap_end
                0x2000042c        0x4 ./Core/Src/sysmem.o
 .bss.htim2     0x20000430       0x48 ./Core/Src/tim.o
                0x20000430                htim2
 .bss.stopWatchData
                0x20000478        0x6 ./Core/ap/Controller/StopWatch.o
                0x20000478                stopWatchData
 *fill*         0x2000047e        0x2 
 .bss.prevStopWatchData.0
                0x20000480        0x6 ./Core/ap/Controller/StopWatch.o
 *fill*         0x20000486        0x2 
 .bss.timeWatchData
                0x20000488        0x6 ./Core/ap/Controller/TimeWatch.o
                0x20000488                timeWatchData
 .bss.prevMsec.0
                0x2000048e        0x2 ./Core/ap/Controller/TimeWatch.o
 .bss.hbtnMode  0x20000490        0xc ./Core/ap/Listener/Listener.o
                0x20000490                hbtnMode
 .bss.hbtnRunStop
                0x2000049c        0xc ./Core/ap/Listener/Listener_StopWatch.o
                0x2000049c                hbtnRunStop
 .bss.hbtnClear
                0x200004a8        0xc ./Core/ap/Listener/Listener_StopWatch.o
                0x200004a8                hbtnClear
 .bss.modeState
                0x200004b4        0x1 ./Core/ap/Model/Model_Mode.o
 *fill*         0x200004b5        0x3 
 .bss.modeEventMsgBox
                0x200004b8        0x4 ./Core/ap/Model/Model_Mode.o
                0x200004b8                modeEventMsgBox
 .bss.stopWatchState
                0x200004bc        0x1 ./Core/ap/Model/Model_StopWatch.o
 *fill*         0x200004bd        0x3 
 .bss.stopWatchEventMsgBox
                0x200004c0        0x4 ./Core/ap/Model/Model_StopWatch.o
                0x200004c0                stopWatchEventMsgBox
 .bss.stopWatchDataMailBox
                0x200004c4        0x4 ./Core/ap/Model/Model_StopWatch.o
                0x200004c4                stopWatchDataMailBox
 .bss.os_mailQ_cb_stopWatchDataQueue
                0x200004c8        0x4 ./Core/ap/Model/Model_StopWatch.o
                0x200004c8                os_mailQ_cb_stopWatchDataQueue
 .bss.timeWatchDataMailBox
                0x200004cc        0x4 ./Core/ap/Model/Model_TimeWatch.o
                0x200004cc                timeWatchDataMailBox
 .bss.os_mailQ_cb_timeWatchDataQueue
                0x200004d0        0x4 ./Core/ap/Model/Model_TimeWatch.o
                0x200004d0                os_mailQ_cb_timeWatchDataQueue
 .bss.prevState.0
                0x200004d4        0x1 ./Core/ap/Presenter/Presenter.o
 *fill*         0x200004d5        0x3 
 .bss.stopWatchData.1
                0x200004d8        0x6 ./Core/ap/Presenter/Presenter_StopWatch.o
 *fill*         0x200004de        0x2 
 .bss.timeWatchData.0
                0x200004e0        0x6 ./Core/ap/Presenter/Presenter_TimeWatch.o
 .bss.fndDispDp
                0x200004e6        0x1 ./Core/driver/FND/FND.o
 *fill*         0x200004e7        0x1 
 .bss.fndDispNum
                0x200004e8        0x2 ./Core/driver/FND/FND.o
 *fill*         0x200004ea        0x2 
 .bss.digitPos.0
                0x200004ec        0x4 ./Core/driver/FND/FND.o
 .bss.lcdData   0x200004f0        0x1 ./Core/driver/LCD/lcd.o
 *fill*         0x200004f1        0x3 
 .bss.hLcdI2C   0x200004f4        0x4 ./Core/driver/LCD/lcd.o
 .bss.uwTick    0x200004f8        0x4 ./Drivers/STM32F4xx_HAL_Driver/Src/stm32f4xx_hal.o
                0x200004f8                uwTick
 .bss.pxCurrentTCB
                0x200004fc        0x4 ./Middlewares/Third_Party/FreeRTOS/Source/tasks.o
                0x200004fc                pxCurrentTCB
 .bss.pxReadyTasksLists
                0x20000500       0x8c ./Middlewares/Third_Party/FreeRTOS/Source/tasks.o
 .bss.xDelayedTaskList1
                0x2000058c       0x14 ./Middlewares/Third_Party/FreeRTOS/Source/tasks.o
 .bss.xDelayedTaskList2
                0x200005a0       0x14 ./Middlewares/Third_Party/FreeRTOS/Source/tasks.o
 .bss.pxDelayedTaskList
                0x200005b4        0x4 ./Middlewares/Third_Party/FreeRTOS/Source/tasks.o
 .bss.pxOverflowDelayedTaskList
                0x200005b8        0x4 ./Middlewares/Third_Party/FreeRTOS/Source/tasks.o
 .bss.xPendingReadyList
                0x200005bc       0x14 ./Middlewares/Third_Party/FreeRTOS/Source/tasks.o
 .bss.xTasksWaitingTermination
                0x200005d0       0x14 ./Middlewares/Third_Party/FreeRTOS/Source/tasks.o
 .bss.uxDeletedTasksWaitingCleanUp
                0x200005e4        0x4 ./Middlewares/Third_Party/FreeRTOS/Source/tasks.o
 .bss.xSuspendedTaskList
                0x200005e8       0x14 ./Middlewares/Third_Party/FreeRTOS/Source/tasks.o
 .bss.uxCurrentNumberOfTasks
                0x200005fc        0x4 ./Middlewares/Third_Party/FreeRTOS/Source/tasks.o
 .bss.xTickCount
                0x20000600        0x4 ./Middlewares/Third_Party/FreeRTOS/Source/tasks.o
 .bss.uxTopReadyPriority
                0x20000604        0x4 ./Middlewares/Third_Party/FreeRTOS/Source/tasks.o
 .bss.xSchedulerRunning
                0x20000608        0x4 ./Middlewares/Third_Party/FreeRTOS/Source/tasks.o
 .bss.xPendedTicks
                0x2000060c        0x4 ./Middlewares/Third_Party/FreeRTOS/Source/tasks.o
 .bss.xYieldPending
                0x20000610        0x4 ./Middlewares/Third_Party/FreeRTOS/Source/tasks.o
 .bss.xNumOfOverflows
                0x20000614        0x4 ./Middlewares/Third_Party/FreeRTOS/Source/tasks.o
 .bss.uxTaskNumber
                0x20000618        0x4 ./Middlewares/Third_Party/FreeRTOS/Source/tasks.o
 .bss.xNextTaskUnblockTime
                0x2000061c        0x4 ./Middlewares/Third_Party/FreeRTOS/Source/tasks.o
 .bss.xIdleTaskHandle
                0x20000620        0x4 ./Middlewares/Third_Party/FreeRTOS/Source/tasks.o
 .bss.uxSchedulerSuspended
                0x20000624        0x4 ./Middlewares/Third_Party/FreeRTOS/Source/tasks.o
 .bss.ucMaxSysCallPriority
                0x20000628        0x1 ./Middlewares/Third_Party/FreeRTOS/Source/portable/GCC/ARM_CM4F/port.o
 *fill*         0x20000629        0x3 
 .bss.ulMaxPRIGROUPValue
                0x2000062c        0x4 ./Middlewares/Third_Party/FreeRTOS/Source/portable/GCC/ARM_CM4F/port.o
 .bss.ucHeap    0x20000630     0x3c00 ./Middlewares/Third_Party/FreeRTOS/Source/portable/MemMang/heap_4.o
 .bss.xStart    0x20004230        0x8 ./Middlewares/Third_Party/FreeRTOS/Source/portable/MemMang/heap_4.o
 .bss.pxEnd     0x20004238        0x4 ./Middlewares/Third_Party/FreeRTOS/Source/portable/MemMang/heap_4.o
 .bss.xFreeBytesRemaining
                0x2000423c        0x4 ./Middlewares/Third_Party/FreeRTOS/Source/portable/MemMang/heap_4.o
 .bss.xMinimumEverFreeBytesRemaining
                0x20004240        0x4 ./Middlewares/Third_Party/FreeRTOS/Source/portable/MemMang/heap_4.o
 .bss.xNumberOfSuccessfulAllocations
                0x20004244        0x4 ./Middlewares/Third_Party/FreeRTOS/Source/portable/MemMang/heap_4.o
 .bss.xNumberOfSuccessfulFrees
                0x20004248        0x4 ./Middlewares/Third_Party/FreeRTOS/Source/portable/MemMang/heap_4.o
 .bss.xBlockAllocatedBit
                0x2000424c        0x4 ./Middlewares/Third_Party/FreeRTOS/Source/portable/MemMang/heap_4.o
 .bss.__sf      0x20004250      0x138 C:/ST/STM32CubeIDE_1.18.1/STM32CubeIDE/plugins/com.st.stm32cube.ide.mcu.externaltools.gnu-tools-for-stm32.13.3.rel1.win32_1.0.0.202411081344/tools/bin/../lib/gcc/arm-none-eabi/13.3.1/../../../../arm-none-eabi/lib/thumb/v7e-m+fp/hard\libc_nano.a(libc_a-findfp.o)
                0x20004250                __sf
 .bss.errno     0x20004388        0x4 C:/ST/STM32CubeIDE_1.18.1/STM32CubeIDE/plugins/com.st.stm32cube.ide.mcu.externaltools.gnu-tools-for-stm32.13.3.rel1.win32_1.0.0.202411081344/tools/bin/../lib/gcc/arm-none-eabi/13.3.1/../../../../arm-none-eabi/lib/thumb/v7e-m+fp/hard\libc_nano.a(libc_a-reent.o)
                0x20004388                errno
 .bss.__lock___malloc_recursive_mutex
                0x2000438c        0x1 C:/ST/STM32CubeIDE_1.18.1/STM32CubeIDE/plugins/com.st.stm32cube.ide.mcu.externaltools.gnu-tools-for-stm32.13.3.rel1.win32_1.0.0.202411081344/tools/bin/../lib/gcc/arm-none-eabi/13.3.1/../../../../arm-none-eabi/lib/thumb/v7e-m+fp/hard\libc_nano.a(libc_a-lock.o)
                0x2000438c                __lock___malloc_recursive_mutex
 *fill*         0x2000438d        0x3 
 .bss.__malloc_sbrk_start
                0x20004390        0x4 C:/ST/STM32CubeIDE_1.18.1/STM32CubeIDE/plugins/com.st.stm32cube.ide.mcu.externaltools.gnu-tools-for-stm32.13.3.rel1.win32_1.0.0.202411081344/tools/bin/../lib/gcc/arm-none-eabi/13.3.1/../../../../arm-none-eabi/lib/thumb/v7e-m+fp/hard\libc_nano.a(libc_a-mallocr.o)
                0x20004390                __malloc_sbrk_start
 .bss.__malloc_free_list
                0x20004394        0x4 C:/ST/STM32CubeIDE_1.18.1/STM32CubeIDE/plugins/com.st.stm32cube.ide.mcu.externaltools.gnu-tools-for-stm32.13.3.rel1.win32_1.0.0.202411081344/tools/bin/../lib/gcc/arm-none-eabi/13.3.1/../../../../arm-none-eabi/lib/thumb/v7e-m+fp/hard\libc_nano.a(libc_a-mallocr.o)
                0x20004394                __malloc_free_list
 *(COMMON)
                0x20004398                        . = ALIGN (0x4)
                0x20004398                        _ebss = .
                0x20004398                        __bss_end__ = _ebss

._user_heap_stack
                0x20004398      0x600 load address 0x08007734
                0x20004398                        . = ALIGN (0x8)
                [!provide]                        PROVIDE (end = .)
                0x20004398                        PROVIDE (_end = .)
                0x20004598                        . = (. + _Min_Heap_Size)
 *fill*         0x20004398      0x200 
                0x20004998                        . = (. + _Min_Stack_Size)
 *fill*         0x20004598      0x400 
                0x20004998                        . = ALIGN (0x8)

/DISCARD/
 libc.a(*)
 libm.a(*)
 libgcc.a(*)

.ARM.attributes
                0x00000000       0x30
 *(.ARM.attributes)
 .ARM.attributes
                0x00000000       0x22 C:/ST/STM32CubeIDE_1.18.1/STM32CubeIDE/plugins/com.st.stm32cube.ide.mcu.externaltools.gnu-tools-for-stm32.13.3.rel1.win32_1.0.0.202411081344/tools/bin/../lib/gcc/arm-none-eabi/13.3.1/thumb/v7e-m+fp/hard/crti.o
 .ARM.attributes
                0x00000022       0x34 C:/ST/STM32CubeIDE_1.18.1/STM32CubeIDE/plugins/com.st.stm32cube.ide.mcu.externaltools.gnu-tools-for-stm32.13.3.rel1.win32_1.0.0.202411081344/tools/bin/../lib/gcc/arm-none-eabi/13.3.1/thumb/v7e-m+fp/hard/crtbegin.o
 .ARM.attributes
                0x00000056       0x34 ./Core/Src/freertos.o
 .ARM.attributes
                0x0000008a       0x34 ./Core/Src/gpio.o
 .ARM.attributes
                0x000000be       0x34 ./Core/Src/i2c.o
 .ARM.attributes
                0x000000f2       0x34 ./Core/Src/main.o
 .ARM.attributes
                0x00000126       0x34 ./Core/Src/stm32f4xx_hal_msp.o
 .ARM.attributes
                0x0000015a       0x34 ./Core/Src/stm32f4xx_hal_timebase_tim.o
 .ARM.attributes
                0x0000018e       0x34 ./Core/Src/stm32f4xx_it.o
 .ARM.attributes
                0x000001c2       0x34 ./Core/Src/sysmem.o
 .ARM.attributes
                0x000001f6       0x34 ./Core/Src/system_stm32f4xx.o
 .ARM.attributes
                0x0000022a       0x34 ./Core/Src/tim.o
 .ARM.attributes
                0x0000025e       0x21 ./Core/Startup/startup_stm32f411retx.o
 .ARM.attributes
                0x0000027f       0x34 ./Core/ap/Controller/Controller.o
 .ARM.attributes
                0x000002b3       0x34 ./Core/ap/Controller/StopWatch.o
 .ARM.attributes
                0x000002e7       0x34 ./Core/ap/Controller/TimeWatch.o
 .ARM.attributes
                0x0000031b       0x34 ./Core/ap/Listener/Listener.o
 .ARM.attributes
                0x0000034f       0x34 ./Core/ap/Listener/Listener_StopWatch.o
 .ARM.attributes
                0x00000383       0x34 ./Core/ap/Listener/Listener_TimeWatch.o
 .ARM.attributes
                0x000003b7       0x34 ./Core/ap/Model/Model_Mode.o
 .ARM.attributes
                0x000003eb       0x34 ./Core/ap/Model/Model_StopWatch.o
 .ARM.attributes
                0x0000041f       0x34 ./Core/ap/Model/Model_TimeWatch.o
 .ARM.attributes
                0x00000453       0x34 ./Core/ap/Presenter/Presenter.o
 .ARM.attributes
                0x00000487       0x34 ./Core/ap/Presenter/Presenter_StopWatch.o
 .ARM.attributes
                0x000004bb       0x34 ./Core/ap/Presenter/Presenter_TimeWatch.o
 .ARM.attributes
                0x000004ef       0x34 ./Core/driver/Button/Button.o
 .ARM.attributes
                0x00000523       0x34 ./Core/driver/FND/FND.o
 .ARM.attributes
                0x00000557       0x34 ./Core/driver/LCD/lcd.o
 .ARM.attributes
                0x0000058b       0x34 ./Drivers/STM32F4xx_HAL_Driver/Src/stm32f4xx_hal.o
 .ARM.attributes
                0x000005bf       0x34 ./Drivers/STM32F4xx_HAL_Driver/Src/stm32f4xx_hal_cortex.o
 .ARM.attributes
                0x000005f3       0x34 ./Drivers/STM32F4xx_HAL_Driver/Src/stm32f4xx_hal_gpio.o
 .ARM.attributes
                0x00000627       0x34 ./Drivers/STM32F4xx_HAL_Driver/Src/stm32f4xx_hal_i2c.o
 .ARM.attributes
                0x0000065b       0x34 ./Drivers/STM32F4xx_HAL_Driver/Src/stm32f4xx_hal_rcc.o
 .ARM.attributes
                0x0000068f       0x34 ./Drivers/STM32F4xx_HAL_Driver/Src/stm32f4xx_hal_tim.o
 .ARM.attributes
                0x000006c3       0x34 ./Drivers/STM32F4xx_HAL_Driver/Src/stm32f4xx_hal_tim_ex.o
 .ARM.attributes
                0x000006f7       0x34 ./Middlewares/Third_Party/FreeRTOS/Source/CMSIS_RTOS/cmsis_os.o
 .ARM.attributes
                0x0000072b       0x34 ./Middlewares/Third_Party/FreeRTOS/Source/list.o
 .ARM.attributes
                0x0000075f       0x34 ./Middlewares/Third_Party/FreeRTOS/Source/queue.o
 .ARM.attributes
                0x00000793       0x34 ./Middlewares/Third_Party/FreeRTOS/Source/tasks.o
 .ARM.attributes
                0x000007c7       0x34 ./Middlewares/Third_Party/FreeRTOS/Source/portable/GCC/ARM_CM4F/port.o
 .ARM.attributes
                0x000007fb       0x34 ./Middlewares/Third_Party/FreeRTOS/Source/portable/MemMang/heap_4.o
 .ARM.attributes
                0x0000082f       0x34 C:/ST/STM32CubeIDE_1.18.1/STM32CubeIDE/plugins/com.st.stm32cube.ide.mcu.externaltools.gnu-tools-for-stm32.13.3.rel1.win32_1.0.0.202411081344/tools/bin/../lib/gcc/arm-none-eabi/13.3.1/../../../../arm-none-eabi/lib/thumb/v7e-m+fp/hard\libc_nano.a(libc_a-findfp.o)
 .ARM.attributes
                0x00000863       0x34 C:/ST/STM32CubeIDE_1.18.1/STM32CubeIDE/plugins/com.st.stm32cube.ide.mcu.externaltools.gnu-tools-for-stm32.13.3.rel1.win32_1.0.0.202411081344/tools/bin/../lib/gcc/arm-none-eabi/13.3.1/../../../../arm-none-eabi/lib/thumb/v7e-m+fp/hard\libc_nano.a(libc_a-sprintf.o)
 .ARM.attributes
                0x00000897       0x34 C:/ST/STM32CubeIDE_1.18.1/STM32CubeIDE/plugins/com.st.stm32cube.ide.mcu.externaltools.gnu-tools-for-stm32.13.3.rel1.win32_1.0.0.202411081344/tools/bin/../lib/gcc/arm-none-eabi/13.3.1/../../../../arm-none-eabi/lib/thumb/v7e-m+fp/hard\libc_nano.a(libc_a-memcmp.o)
 .ARM.attributes
                0x000008cb       0x34 C:/ST/STM32CubeIDE_1.18.1/STM32CubeIDE/plugins/com.st.stm32cube.ide.mcu.externaltools.gnu-tools-for-stm32.13.3.rel1.win32_1.0.0.202411081344/tools/bin/../lib/gcc/arm-none-eabi/13.3.1/../../../../arm-none-eabi/lib/thumb/v7e-m+fp/hard\libc_nano.a(libc_a-memset.o)
 .ARM.attributes
                0x000008ff       0x34 C:/ST/STM32CubeIDE_1.18.1/STM32CubeIDE/plugins/com.st.stm32cube.ide.mcu.externaltools.gnu-tools-for-stm32.13.3.rel1.win32_1.0.0.202411081344/tools/bin/../lib/gcc/arm-none-eabi/13.3.1/../../../../arm-none-eabi/lib/thumb/v7e-m+fp/hard\libc_nano.a(libc_a-reent.o)
 .ARM.attributes
                0x00000933       0x34 C:/ST/STM32CubeIDE_1.18.1/STM32CubeIDE/plugins/com.st.stm32cube.ide.mcu.externaltools.gnu-tools-for-stm32.13.3.rel1.win32_1.0.0.202411081344/tools/bin/../lib/gcc/arm-none-eabi/13.3.1/../../../../arm-none-eabi/lib/thumb/v7e-m+fp/hard\libc_nano.a(libc_a-impure.o)
 .ARM.attributes
                0x00000967       0x34 C:/ST/STM32CubeIDE_1.18.1/STM32CubeIDE/plugins/com.st.stm32cube.ide.mcu.externaltools.gnu-tools-for-stm32.13.3.rel1.win32_1.0.0.202411081344/tools/bin/../lib/gcc/arm-none-eabi/13.3.1/../../../../arm-none-eabi/lib/thumb/v7e-m+fp/hard\libc_nano.a(libc_a-errno.o)
 .ARM.attributes
                0x0000099b       0x34 C:/ST/STM32CubeIDE_1.18.1/STM32CubeIDE/plugins/com.st.stm32cube.ide.mcu.externaltools.gnu-tools-for-stm32.13.3.rel1.win32_1.0.0.202411081344/tools/bin/../lib/gcc/arm-none-eabi/13.3.1/../../../../arm-none-eabi/lib/thumb/v7e-m+fp/hard\libc_nano.a(libc_a-init.o)
 .ARM.attributes
                0x000009cf       0x34 C:/ST/STM32CubeIDE_1.18.1/STM32CubeIDE/plugins/com.st.stm32cube.ide.mcu.externaltools.gnu-tools-for-stm32.13.3.rel1.win32_1.0.0.202411081344/tools/bin/../lib/gcc/arm-none-eabi/13.3.1/../../../../arm-none-eabi/lib/thumb/v7e-m+fp/hard\libc_nano.a(libc_a-lock.o)
 .ARM.attributes
                0x00000a03       0x34 C:/ST/STM32CubeIDE_1.18.1/STM32CubeIDE/plugins/com.st.stm32cube.ide.mcu.externaltools.gnu-tools-for-stm32.13.3.rel1.win32_1.0.0.202411081344/tools/bin/../lib/gcc/arm-none-eabi/13.3.1/../../../../arm-none-eabi/lib/thumb/v7e-m+fp/hard\libc_nano.a(libc_a-memcpy-stub.o)
 .ARM.attributes
                0x00000a37       0x34 C:/ST/STM32CubeIDE_1.18.1/STM32CubeIDE/plugins/com.st.stm32cube.ide.mcu.externaltools.gnu-tools-for-stm32.13.3.rel1.win32_1.0.0.202411081344/tools/bin/../lib/gcc/arm-none-eabi/13.3.1/../../../../arm-none-eabi/lib/thumb/v7e-m+fp/hard\libc_nano.a(libc_a-freer.o)
 .ARM.attributes
                0x00000a6b       0x34 C:/ST/STM32CubeIDE_1.18.1/STM32CubeIDE/plugins/com.st.stm32cube.ide.mcu.externaltools.gnu-tools-for-stm32.13.3.rel1.win32_1.0.0.202411081344/tools/bin/../lib/gcc/arm-none-eabi/13.3.1/../../../../arm-none-eabi/lib/thumb/v7e-m+fp/hard\libc_nano.a(libc_a-mallocr.o)
 .ARM.attributes
                0x00000a9f       0x34 C:/ST/STM32CubeIDE_1.18.1/STM32CubeIDE/plugins/com.st.stm32cube.ide.mcu.externaltools.gnu-tools-for-stm32.13.3.rel1.win32_1.0.0.202411081344/tools/bin/../lib/gcc/arm-none-eabi/13.3.1/../../../../arm-none-eabi/lib/thumb/v7e-m+fp/hard\libc_nano.a(libc_a-mlock.o)
 .ARM.attributes
                0x00000ad3       0x34 C:/ST/STM32CubeIDE_1.18.1/STM32CubeIDE/plugins/com.st.stm32cube.ide.mcu.externaltools.gnu-tools-for-stm32.13.3.rel1.win32_1.0.0.202411081344/tools/bin/../lib/gcc/arm-none-eabi/13.3.1/../../../../arm-none-eabi/lib/thumb/v7e-m+fp/hard\libc_nano.a(libc_a-nano-svfprintf.o)
 .ARM.attributes
                0x00000b07       0x34 C:/ST/STM32CubeIDE_1.18.1/STM32CubeIDE/plugins/com.st.stm32cube.ide.mcu.externaltools.gnu-tools-for-stm32.13.3.rel1.win32_1.0.0.202411081344/tools/bin/../lib/gcc/arm-none-eabi/13.3.1/../../../../arm-none-eabi/lib/thumb/v7e-m+fp/hard\libc_nano.a(libc_a-nano-vfprintf_i.o)
 .ARM.attributes
                0x00000b3b       0x34 C:/ST/STM32CubeIDE_1.18.1/STM32CubeIDE/plugins/com.st.stm32cube.ide.mcu.externaltools.gnu-tools-for-stm32.13.3.rel1.win32_1.0.0.202411081344/tools/bin/../lib/gcc/arm-none-eabi/13.3.1/../../../../arm-none-eabi/lib/thumb/v7e-m+fp/hard\libc_nano.a(libc_a-memmove.o)
 .ARM.attributes
                0x00000b6f       0x34 C:/ST/STM32CubeIDE_1.18.1/STM32CubeIDE/plugins/com.st.stm32cube.ide.mcu.externaltools.gnu-tools-for-stm32.13.3.rel1.win32_1.0.0.202411081344/tools/bin/../lib/gcc/arm-none-eabi/13.3.1/../../../../arm-none-eabi/lib/thumb/v7e-m+fp/hard\libc_nano.a(libc_a-sbrkr.o)
 .ARM.attributes
                0x00000ba3       0x1c C:/ST/STM32CubeIDE_1.18.1/STM32CubeIDE/plugins/com.st.stm32cube.ide.mcu.externaltools.gnu-tools-for-stm32.13.3.rel1.win32_1.0.0.202411081344/tools/bin/../lib/gcc/arm-none-eabi/13.3.1/../../../../arm-none-eabi/lib/thumb/v7e-m+fp/hard\libc_nano.a(libc_a-memchr.o)
 .ARM.attributes
                0x00000bbf       0x34 C:/ST/STM32CubeIDE_1.18.1/STM32CubeIDE/plugins/com.st.stm32cube.ide.mcu.externaltools.gnu-tools-for-stm32.13.3.rel1.win32_1.0.0.202411081344/tools/bin/../lib/gcc/arm-none-eabi/13.3.1/../../../../arm-none-eabi/lib/thumb/v7e-m+fp/hard\libc_nano.a(libc_a-reallocr.o)
 .ARM.attributes
                0x00000bf3       0x34 C:/ST/STM32CubeIDE_1.18.1/STM32CubeIDE/plugins/com.st.stm32cube.ide.mcu.externaltools.gnu-tools-for-stm32.13.3.rel1.win32_1.0.0.202411081344/tools/bin/../lib/gcc/arm-none-eabi/13.3.1/../../../../arm-none-eabi/lib/thumb/v7e-m+fp/hard\libc_nano.a(libc_a-msizer.o)
 .ARM.attributes
                0x00000c27       0x22 C:/ST/STM32CubeIDE_1.18.1/STM32CubeIDE/plugins/com.st.stm32cube.ide.mcu.externaltools.gnu-tools-for-stm32.13.3.rel1.win32_1.0.0.202411081344/tools/bin/../lib/gcc/arm-none-eabi/13.3.1/thumb/v7e-m+fp/hard\libgcc.a(_aeabi_uldivmod.o)
 .ARM.attributes
                0x00000c49       0x34 C:/ST/STM32CubeIDE_1.18.1/STM32CubeIDE/plugins/com.st.stm32cube.ide.mcu.externaltools.gnu-tools-for-stm32.13.3.rel1.win32_1.0.0.202411081344/tools/bin/../lib/gcc/arm-none-eabi/13.3.1/thumb/v7e-m+fp/hard\libgcc.a(_udivmoddi4.o)
 .ARM.attributes
                0x00000c7d       0x22 C:/ST/STM32CubeIDE_1.18.1/STM32CubeIDE/plugins/com.st.stm32cube.ide.mcu.externaltools.gnu-tools-for-stm32.13.3.rel1.win32_1.0.0.202411081344/tools/bin/../lib/gcc/arm-none-eabi/13.3.1/thumb/v7e-m+fp/hard\libgcc.a(_dvmd_tls.o)
 .ARM.attributes
                0x00000c9f       0x22 C:/ST/STM32CubeIDE_1.18.1/STM32CubeIDE/plugins/com.st.stm32cube.ide.mcu.externaltools.gnu-tools-for-stm32.13.3.rel1.win32_1.0.0.202411081344/tools/bin/../lib/gcc/arm-none-eabi/13.3.1/thumb/v7e-m+fp/hard/crtn.o
OUTPUT(250704_RTOS_StopWatch_TimeWatch.elf elf32-littlearm)
LOAD linker stubs
LOAD C:/ST/STM32CubeIDE_1.18.1/STM32CubeIDE/plugins/com.st.stm32cube.ide.mcu.externaltools.gnu-tools-for-stm32.13.3.rel1.win32_1.0.0.202411081344/tools/bin/../lib/gcc/arm-none-eabi/13.3.1/../../../../arm-none-eabi/lib/thumb/v7e-m+fp/hard\libc.a
LOAD C:/ST/STM32CubeIDE_1.18.1/STM32CubeIDE/plugins/com.st.stm32cube.ide.mcu.externaltools.gnu-tools-for-stm32.13.3.rel1.win32_1.0.0.202411081344/tools/bin/../lib/gcc/arm-none-eabi/13.3.1/../../../../arm-none-eabi/lib/thumb/v7e-m+fp/hard\libm.a
LOAD C:/ST/STM32CubeIDE_1.18.1/STM32CubeIDE/plugins/com.st.stm32cube.ide.mcu.externaltools.gnu-tools-for-stm32.13.3.rel1.win32_1.0.0.202411081344/tools/bin/../lib/gcc/arm-none-eabi/13.3.1/thumb/v7e-m+fp/hard\libgcc.a

.debug_info     0x00000000    0x18217
 .debug_info    0x00000000     0x1298 ./Core/Src/freertos.o
 .debug_info    0x00001298      0x433 ./Core/Src/gpio.o
 .debug_info    0x000016cb      0x9a5 ./Core/Src/i2c.o
 .debug_info    0x00002070      0xba3 ./Core/Src/main.o
 .debug_info    0x00002c13      0x44f ./Core/Src/stm32f4xx_hal_msp.o
 .debug_info    0x00003062      0xb75 ./Core/Src/stm32f4xx_hal_timebase_tim.o
 .debug_info    0x00003bd7      0x6ba ./Core/Src/stm32f4xx_it.o
 .debug_info    0x00004291      0x168 ./Core/Src/sysmem.o
 .debug_info    0x000043f9      0x53e ./Core/Src/system_stm32f4xx.o
 .debug_info    0x00004937      0xb98 ./Core/Src/tim.o
 .debug_info    0x000054cf       0x30 ./Core/Startup/startup_stm32f411retx.o
 .debug_info    0x000054ff      0x4b1 ./Core/ap/Controller/Controller.o
 .debug_info    0x000059b0      0x49d ./Core/ap/Controller/StopWatch.o
 .debug_info    0x00005e4d      0x298 ./Core/ap/Controller/TimeWatch.o
 .debug_info    0x000060e5      0x38e ./Core/ap/Listener/Listener.o
 .debug_info    0x00006473      0x322 ./Core/ap/Listener/Listener_StopWatch.o
 .debug_info    0x00006795       0x9f ./Core/ap/Listener/Listener_TimeWatch.o
 .debug_info    0x00006834      0x3b1 ./Core/ap/Model/Model_Mode.o
 .debug_info    0x00006be5      0x470 ./Core/ap/Model/Model_StopWatch.o
 .debug_info    0x00007055      0x186 ./Core/ap/Model/Model_TimeWatch.o
 .debug_info    0x000071db      0x1d1 ./Core/ap/Presenter/Presenter.o
 .debug_info    0x000073ac      0x9ac ./Core/ap/Presenter/Presenter_StopWatch.o
 .debug_info    0x00007d58      0x3f8 ./Core/ap/Presenter/Presenter_TimeWatch.o
 .debug_info    0x00008150      0x295 ./Core/driver/Button/Button.o
 .debug_info    0x000083e5      0x3c7 ./Core/driver/FND/FND.o
 .debug_info    0x000087ac      0x86f ./Core/driver/LCD/lcd.o
 .debug_info    0x0000901b      0x8c4 ./Drivers/STM32F4xx_HAL_Driver/Src/stm32f4xx_hal.o
 .debug_info    0x000098df      0xcfc ./Drivers/STM32F4xx_HAL_Driver/Src/stm32f4xx_hal_cortex.o
 .debug_info    0x0000a5db      0x6f9 ./Drivers/STM32F4xx_HAL_Driver/Src/stm32f4xx_hal_gpio.o
 .debug_info    0x0000acd4     0x2426 ./Drivers/STM32F4xx_HAL_Driver/Src/stm32f4xx_hal_i2c.o
 .debug_info    0x0000d0fa      0x904 ./Drivers/STM32F4xx_HAL_Driver/Src/stm32f4xx_hal_rcc.o
 .debug_info    0x0000d9fe     0x2996 ./Drivers/STM32F4xx_HAL_Driver/Src/stm32f4xx_hal_tim.o
 .debug_info    0x00010394     0x14d4 ./Drivers/STM32F4xx_HAL_Driver/Src/stm32f4xx_hal_tim_ex.o
 .debug_info    0x00011868     0x21e2 ./Middlewares/Third_Party/FreeRTOS/Source/CMSIS_RTOS/cmsis_os.o
 .debug_info    0x00013a4a      0x2af ./Middlewares/Third_Party/FreeRTOS/Source/list.o
 .debug_info    0x00013cf9     0x17cd ./Middlewares/Third_Party/FreeRTOS/Source/queue.o
 .debug_info    0x000154c6     0x239e ./Middlewares/Third_Party/FreeRTOS/Source/tasks.o
 .debug_info    0x00017864      0x4de ./Middlewares/Third_Party/FreeRTOS/Source/portable/GCC/ARM_CM4F/port.o
 .debug_info    0x00017d42      0x4d5 ./Middlewares/Third_Party/FreeRTOS/Source/portable/MemMang/heap_4.o

.debug_abbrev   0x00000000     0x4c6b
 .debug_abbrev  0x00000000      0x241 ./Core/Src/freertos.o
 .debug_abbrev  0x00000241      0x151 ./Core/Src/gpio.o
 .debug_abbrev  0x00000392      0x1f0 ./Core/Src/i2c.o
 .debug_abbrev  0x00000582      0x25c ./Core/Src/main.o
 .debug_abbrev  0x000007de      0x119 ./Core/Src/stm32f4xx_hal_msp.o
 .debug_abbrev  0x000008f7      0x207 ./Core/Src/stm32f4xx_hal_timebase_tim.o
 .debug_abbrev  0x00000afe      0x194 ./Core/Src/stm32f4xx_it.o
 .debug_abbrev  0x00000c92       0xbc ./Core/Src/sysmem.o
 .debug_abbrev  0x00000d4e      0x11a ./Core/Src/system_stm32f4xx.o
 .debug_abbrev  0x00000e68      0x20a ./Core/Src/tim.o
 .debug_abbrev  0x00001072       0x24 ./Core/Startup/startup_stm32f411retx.o
 .debug_abbrev  0x00001096      0x21d ./Core/ap/Controller/Controller.o
 .debug_abbrev  0x000012b3      0x228 ./Core/ap/Controller/StopWatch.o
 .debug_abbrev  0x000014db      0x173 ./Core/ap/Controller/TimeWatch.o
 .debug_abbrev  0x0000164e      0x1d3 ./Core/ap/Listener/Listener.o
 .debug_abbrev  0x00001821      0x192 ./Core/ap/Listener/Listener_StopWatch.o
 .debug_abbrev  0x000019b3       0x45 ./Core/ap/Listener/Listener_TimeWatch.o
 .debug_abbrev  0x000019f8      0x1ab ./Core/ap/Model/Model_Mode.o
 .debug_abbrev  0x00001ba3      0x1b0 ./Core/ap/Model/Model_StopWatch.o
 .debug_abbrev  0x00001d53      0x106 ./Core/ap/Model/Model_TimeWatch.o
 .debug_abbrev  0x00001e59      0x138 ./Core/ap/Presenter/Presenter.o
 .debug_abbrev  0x00001f91      0x25c ./Core/ap/Presenter/Presenter_StopWatch.o
 .debug_abbrev  0x000021ed      0x229 ./Core/ap/Presenter/Presenter_TimeWatch.o
 .debug_abbrev  0x00002416      0x16d ./Core/driver/Button/Button.o
 .debug_abbrev  0x00002583      0x1f9 ./Core/driver/FND/FND.o
 .debug_abbrev  0x0000277c      0x208 ./Core/driver/LCD/lcd.o
 .debug_abbrev  0x00002984      0x24b ./Drivers/STM32F4xx_HAL_Driver/Src/stm32f4xx_hal.o
 .debug_abbrev  0x00002bcf      0x31d ./Drivers/STM32F4xx_HAL_Driver/Src/stm32f4xx_hal_cortex.o
 .debug_abbrev  0x00002eec      0x1d3 ./Drivers/STM32F4xx_HAL_Driver/Src/stm32f4xx_hal_gpio.o
 .debug_abbrev  0x000030bf      0x2bc ./Drivers/STM32F4xx_HAL_Driver/Src/stm32f4xx_hal_i2c.o
 .debug_abbrev  0x0000337b      0x2b6 ./Drivers/STM32F4xx_HAL_Driver/Src/stm32f4xx_hal_rcc.o
 .debug_abbrev  0x00003631      0x28b ./Drivers/STM32F4xx_HAL_Driver/Src/stm32f4xx_hal_tim.o
 .debug_abbrev  0x000038bc      0x296 ./Drivers/STM32F4xx_HAL_Driver/Src/stm32f4xx_hal_tim_ex.o
 .debug_abbrev  0x00003b52      0x426 ./Middlewares/Third_Party/FreeRTOS/Source/CMSIS_RTOS/cmsis_os.o
 .debug_abbrev  0x00003f78       0xf5 ./Middlewares/Third_Party/FreeRTOS/Source/list.o
 .debug_abbrev  0x0000406d      0x3b5 ./Middlewares/Third_Party/FreeRTOS/Source/queue.o
 .debug_abbrev  0x00004422      0x3d0 ./Middlewares/Third_Party/FreeRTOS/Source/tasks.o
 .debug_abbrev  0x000047f2      0x25c ./Middlewares/Third_Party/FreeRTOS/Source/portable/GCC/ARM_CM4F/port.o
 .debug_abbrev  0x00004a4e      0x21d ./Middlewares/Third_Party/FreeRTOS/Source/portable/MemMang/heap_4.o

.debug_aranges  0x00000000     0x1600
 .debug_aranges
                0x00000000       0x48 ./Core/Src/freertos.o
 .debug_aranges
                0x00000048       0x20 ./Core/Src/gpio.o
 .debug_aranges
                0x00000068       0x30 ./Core/Src/i2c.o
 .debug_aranges
                0x00000098       0x38 ./Core/Src/main.o
 .debug_aranges
                0x000000d0       0x20 ./Core/Src/stm32f4xx_hal_msp.o
 .debug_aranges
                0x000000f0       0x30 ./Core/Src/stm32f4xx_hal_timebase_tim.o
 .debug_aranges
                0x00000120       0x58 ./Core/Src/stm32f4xx_it.o
 .debug_aranges
                0x00000178       0x20 ./Core/Src/sysmem.o
 .debug_aranges
                0x00000198       0x28 ./Core/Src/system_stm32f4xx.o
 .debug_aranges
                0x000001c0       0x30 ./Core/Src/tim.o
 .debug_aranges
                0x000001f0       0x28 ./Core/Startup/startup_stm32f411retx.o
 .debug_aranges
                0x00000218       0x30 ./Core/ap/Controller/Controller.o
 .debug_aranges
                0x00000248       0x48 ./Core/ap/Controller/StopWatch.o
 .debug_aranges
                0x00000290       0x30 ./Core/ap/Controller/TimeWatch.o
 .debug_aranges