../Core/ap/src/Presenter.c:15:6:Presenter_outData	16	static
../Core/ap/src/Presenter.c:20:6:Presenter_Excute	8	static
../Core/ap/src/Presenter.c:32:6:Presenter_DispTimeWatch	16	static
../Core/ap/src/Presenter.c:38:6:Presenter_DispStopWatch	16	static
../Core/ap/src/Presenter.c:45:6:Presenter_DispMonitorTimeWatch	88	static
../Core/ap/src/Presenter.c:52:6:Presenter_DispMonitorStopWatch	88	static
../Core/ap/src/Presenter.c:60:6:Presenter_DispFND_TimeWatch	16	static
../Core/ap/src/Presenter.c:71:6:Presenter_DispFND_StopWatch	16	static
