../Core/ap/src/Presenter.c:22:6:Presenter_Init	8	static
../Core/ap/src/Presenter.c:27:6:Presenter_OutData	16	static
../Core/ap/src/Presenter.c:32:6:Presenter_Excute	8	static
../Core/ap/src/Presenter.c:42:6:Presenter_DispTimeWatch	16	static
../Core/ap/src/Presenter.c:48:6:Presenter_DispStopWatch	16	static
../Core/ap/src/Presenter.c:55:6:Presenter_DispFndTimeWatch	16	static
../Core/ap/src/Presenter.c:69:6:Presenter_DispFndStopWatch	16	static
../Core/ap/src/Presenter.c:90:6:Presenter_DispMonitorTimeWatch	88	static
../Core/ap/src/Presenter.c:97:6:Presenter_DispMonitorStopWatch	88	static
