Archive member included to satisfy reference by file (symbol)

C:/ST/STM32CubeIDE_1.18.1/STM32CubeIDE/plugins/com.st.stm32cube.ide.mcu.externaltools.gnu-tools-for-stm32.13.3.rel1.win32_1.0.0.202411081344/tools/bin/../lib/gcc/arm-none-eabi/13.3.1/../../../../arm-none-eabi/lib/thumb/v7e-m+fp/hard\libc_nano.a(libc_a-exit.o)
                              C:/ST/STM32CubeIDE_1.18.1/STM32CubeIDE/plugins/com.st.stm32cube.ide.mcu.externaltools.gnu-tools-for-stm32.13.3.rel1.win32_1.0.0.202411081344/tools/bin/../lib/gcc/arm-none-eabi/13.3.1/../../../../arm-none-eabi/lib/thumb/v7e-m+fp/hard/crt0.o (exit)
C:/ST/STM32CubeIDE_1.18.1/STM32CubeIDE/plugins/com.st.stm32cube.ide.mcu.externaltools.gnu-tools-for-stm32.13.3.rel1.win32_1.0.0.202411081344/tools/bin/../lib/gcc/arm-none-eabi/13.3.1/../../../../arm-none-eabi/lib/thumb/v7e-m+fp/hard\libc_nano.a(libc_a-findfp.o)
                              C:/ST/STM32CubeIDE_1.18.1/STM32CubeIDE/plugins/com.st.stm32cube.ide.mcu.externaltools.gnu-tools-for-stm32.13.3.rel1.win32_1.0.0.202411081344/tools/bin/../lib/gcc/arm-none-eabi/13.3.1/../../../../arm-none-eabi/lib/thumb/v7e-m+fp/hard\libc_nano.a(libc_a-exit.o) (__stdio_exit_handler)
C:/ST/STM32CubeIDE_1.18.1/STM32CubeIDE/plugins/com.st.stm32cube.ide.mcu.externaltools.gnu-tools-for-stm32.13.3.rel1.win32_1.0.0.202411081344/tools/bin/../lib/gcc/arm-none-eabi/13.3.1/../../../../arm-none-eabi/lib/thumb/v7e-m+fp/hard\libc_nano.a(libc_a-fwalk.o)
                              C:/ST/STM32CubeIDE_1.18.1/STM32CubeIDE/plugins/com.st.stm32cube.ide.mcu.externaltools.gnu-tools-for-stm32.13.3.rel1.win32_1.0.0.202411081344/tools/bin/../lib/gcc/arm-none-eabi/13.3.1/../../../../arm-none-eabi/lib/thumb/v7e-m+fp/hard\libc_nano.a(libc_a-findfp.o) (_fwalk_sglue)
C:/ST/STM32CubeIDE_1.18.1/STM32CubeIDE/plugins/com.st.stm32cube.ide.mcu.externaltools.gnu-tools-for-stm32.13.3.rel1.win32_1.0.0.202411081344/tools/bin/../lib/gcc/arm-none-eabi/13.3.1/../../../../arm-none-eabi/lib/thumb/v7e-m+fp/hard\libc_nano.a(libc_a-sprintf.o)
                              ./Core/ap/src/Listener.o (sprintf)
C:/ST/STM32CubeIDE_1.18.1/STM32CubeIDE/plugins/com.st.stm32cube.ide.mcu.externaltools.gnu-tools-for-stm32.13.3.rel1.win32_1.0.0.202411081344/tools/bin/../lib/gcc/arm-none-eabi/13.3.1/../../../../arm-none-eabi/lib/thumb/v7e-m+fp/hard\libc_nano.a(libc_a-stdio.o)
                              C:/ST/STM32CubeIDE_1.18.1/STM32CubeIDE/plugins/com.st.stm32cube.ide.mcu.externaltools.gnu-tools-for-stm32.13.3.rel1.win32_1.0.0.202411081344/tools/bin/../lib/gcc/arm-none-eabi/13.3.1/../../../../arm-none-eabi/lib/thumb/v7e-m+fp/hard\libc_nano.a(libc_a-findfp.o) (__sread)
C:/ST/STM32CubeIDE_1.18.1/STM32CubeIDE/plugins/com.st.stm32cube.ide.mcu.externaltools.gnu-tools-for-stm32.13.3.rel1.win32_1.0.0.202411081344/tools/bin/../lib/gcc/arm-none-eabi/13.3.1/../../../../arm-none-eabi/lib/thumb/v7e-m+fp/hard\libc_nano.a(libc_a-memset.o)
                              C:/ST/STM32CubeIDE_1.18.1/STM32CubeIDE/plugins/com.st.stm32cube.ide.mcu.externaltools.gnu-tools-for-stm32.13.3.rel1.win32_1.0.0.202411081344/tools/bin/../lib/gcc/arm-none-eabi/13.3.1/../../../../arm-none-eabi/lib/thumb/v7e-m+fp/hard/crt0.o (memset)
C:/ST/STM32CubeIDE_1.18.1/STM32CubeIDE/plugins/com.st.stm32cube.ide.mcu.externaltools.gnu-tools-for-stm32.13.3.rel1.win32_1.0.0.202411081344/tools/bin/../lib/gcc/arm-none-eabi/13.3.1/../../../../arm-none-eabi/lib/thumb/v7e-m+fp/hard\libc_nano.a(libc_a-closer.o)
                              C:/ST/STM32CubeIDE_1.18.1/STM32CubeIDE/plugins/com.st.stm32cube.ide.mcu.externaltools.gnu-tools-for-stm32.13.3.rel1.win32_1.0.0.202411081344/tools/bin/../lib/gcc/arm-none-eabi/13.3.1/../../../../arm-none-eabi/lib/thumb/v7e-m+fp/hard\libc_nano.a(libc_a-stdio.o) (_close_r)
C:/ST/STM32CubeIDE_1.18.1/STM32CubeIDE/plugins/com.st.stm32cube.ide.mcu.externaltools.gnu-tools-for-stm32.13.3.rel1.win32_1.0.0.202411081344/tools/bin/../lib/gcc/arm-none-eabi/13.3.1/../../../../arm-none-eabi/lib/thumb/v7e-m+fp/hard\libc_nano.a(libc_a-reent.o)
                              C:/ST/STM32CubeIDE_1.18.1/STM32CubeIDE/plugins/com.st.stm32cube.ide.mcu.externaltools.gnu-tools-for-stm32.13.3.rel1.win32_1.0.0.202411081344/tools/bin/../lib/gcc/arm-none-eabi/13.3.1/../../../../arm-none-eabi/lib/thumb/v7e-m+fp/hard\libc_nano.a(libc_a-closer.o) (errno)
C:/ST/STM32CubeIDE_1.18.1/STM32CubeIDE/plugins/com.st.stm32cube.ide.mcu.externaltools.gnu-tools-for-stm32.13.3.rel1.win32_1.0.0.202411081344/tools/bin/../lib/gcc/arm-none-eabi/13.3.1/../../../../arm-none-eabi/lib/thumb/v7e-m+fp/hard\libc_nano.a(libc_a-impure.o)
                              C:/ST/STM32CubeIDE_1.18.1/STM32CubeIDE/plugins/com.st.stm32cube.ide.mcu.externaltools.gnu-tools-for-stm32.13.3.rel1.win32_1.0.0.202411081344/tools/bin/../lib/gcc/arm-none-eabi/13.3.1/../../../../arm-none-eabi/lib/thumb/v7e-m+fp/hard\libc_nano.a(libc_a-sprintf.o) (_impure_ptr)
[...]
Memory Configuration

Name             Origin             Length             Attributes
RAM              0x20000000         0x00020000         xrw
FLASH            0x08000000         0x00080000         xr
*default*        0x00000000         0xffffffff

Linker script and memory map

LOAD C:/ST/STM32CubeIDE_1.18.1/STM32CubeIDE/plugins/com.st.stm32cube.ide.mcu.externaltools.gnu-tools-for-stm32.13.3.rel1.win32_1.0.0.202411081344/tools/bin/../lib/gcc/arm-none-eabi/13.3.1/thumb/v7e-m+fp/hard/crti.o
LOAD C:/ST/STM32CubeIDE_1.18.1/STM32CubeIDE/plugins/com.st.stm32cube.ide.mcu.externaltools.gnu-tools-for-stm32.13.3.rel1.win32_1.0.0.202411081344/tools/bin/../lib/gcc/arm-none-eabi/13.3.1/thumb/v7e-m+fp/hard/crtbegin.o
LOAD C:/ST/STM32CubeIDE_1.18.1/STM32CubeIDE/plugins/com.st.stm32cube.ide.mcu.externaltools.gnu-tools-for-stm32.13.3.rel1.win32_1.0.0.202411081344/tools/bin/../lib/gcc/arm-none-eabi/13.3.1/../../../../arm-none-eabi/lib/thumb/v7e-m+fp/hard/crt0.o
LOAD ./Core/Src/gpio.o
LOAD ./Core/Src/i2c.o
LOAD ./Core/Src/main.o
LOAD ./Core/Src/stm32f4xx_hal_msp.o
LOAD ./Core/Src/stm32f4xx_it.o
LOAD ./Core/Src/syscalls.o
LOAD ./Core/Src/sysmem.o
LOAD ./Core/Src/system_stm32f4xx.o
LOAD ./Core/Src/tim.o
LOAD ./Core/Src/usart.o
LOAD ./Core/Startup/startup_stm32f411retx.o
LOAD ./Core/ap/src/Controller.o
LOAD ./Core/ap/src/Listener.o
LOAD ./Core/ap/src/MotorRun.o
LOAD ./Core/ap/src/Presenter.o
LOAD ./Core/ap/src/Security.o
LOAD ./Core/ap/src/Sound.o
LOAD ./Core/ap/src/UltraRun.o
LOAD ./Core/ap/src/ap_main.o
LOAD ./Core/ap/src/login.o
LOAD ./Core/ap/src/queue.o
LOAD ./Core/ap/src/stopWatch.o
LOAD ./Core/ap/src/timeWatch.o
LOAD ./Core/driver/Button/Button.o
LOAD ./Core/driver/Buzzer/Buzzer.o
LOAD ./Core/driver/FND/FND.o
LOAD ./Core/driver/LCD/lcd.o
LOAD ./Core/driver/LedBar/LedBar.o
LOAD ./Core/driver/Motor/Motor.o
LOAD ./Core/driver/Ultra/Ultra.o
LOAD ./Drivers/STM32F4xx_HAL_Driver/Src/stm32f4xx_hal.o
LOAD ./Drivers/STM32F4xx_HAL_Driver/Src/stm32f4xx_hal_cortex.o
LOAD ./Drivers/STM32F4xx_HAL_Driver/Src/stm32f4xx_hal_dma.o
LOAD ./Drivers/STM32F4xx_HAL_Driver/Src/stm32f4xx_hal_dma_ex.o
LOAD ./Drivers/STM32F4xx_HAL_Driver/Src/stm32f4xx_hal_exti.o
LOAD ./Drivers/STM32F4xx_HAL_Driver/Src/stm32f4xx_hal_flash.o
LOAD ./Drivers/STM32F4xx_HAL_Driver/Src/stm32f4xx_hal_flash_ex.o
LOAD ./Drivers/STM32F4xx_HAL_Driver/Src/stm32f4xx_hal_flash_ramfunc.o
LOAD ./Drivers/STM32F4xx_HAL_Driver/Src/stm32f4xx_hal_gpio.o
LOAD ./Drivers/STM32F4xx_HAL_Driver/Src/stm32f4xx_hal_i2c.o
LOAD ./Drivers/STM32F4xx_HAL_Driver/Src/stm32f4xx_hal_i2c_ex.o
LOAD ./Drivers/STM32F4xx_HAL_Driver/Src/stm32f4xx_hal_pwr.o
LOAD ./Drivers/STM32F4xx_HAL_Driver/Src/stm32f4xx_hal_pwr_ex.o
LOAD ./Drivers/STM32F4xx_HAL_Driver/Src/stm32f4xx_hal_rcc.o
LOAD ./Drivers/STM32F4xx_HAL_Driver/Src/stm32f4xx_hal_rcc_ex.o
LOAD ./Drivers/STM32F4xx_HAL_Driver/Src/stm32f4xx_hal_tim.o
LOAD ./Drivers/STM32F4xx_HAL_Driver/Src/stm32f4xx_hal_tim_ex.o
LOAD ./Drivers/STM32F4xx_HAL_Driver/Src/stm32f4xx_hal_uart.o
START GROUP
LOAD C:/ST/STM32CubeIDE_1.18.1/STM32CubeIDE/plugins/com.st.stm32cube.ide.mcu.externaltools.gnu-tools-for-stm32.13.3.rel1.win32_1.0.0.202411081344/tools/bin/../lib/gcc/arm-none-eabi/13.3.1/../../../../arm-none-eabi/lib/thumb/v7e-m+fp/hard\libc_nano.a
LOAD C:/ST/STM32CubeIDE_1.18.1/STM32CubeIDE/plugins/com.st.stm32cube.ide.mcu.externaltools.gnu-tools-for-stm32.13.3.rel1.win32_1.0.0.202411081344/tools/bin/../lib/gcc/arm-none-eabi/13.3.1/../../../../arm-none-eabi/lib/thumb/v7e-m+fp/hard\libm.a
END GROUP
START GROUP
LOAD C:/ST/STM32CubeIDE_1.18.1/STM32CubeIDE/plugins/com.st.stm32cube.ide.mcu.externaltools.gnu-tools-for-stm32.13.3.rel1.win32_1.0.0.202411081344/tools/bin/../lib/gcc/arm-none-eabi/13.3.1/thumb/v7e-m+fp/hard\libgcc.a
LOAD C:/ST/STM32CubeIDE_1.18.1/STM32CubeIDE/plugins/com.st.stm32cube.ide.mcu.externaltools.gnu-tools-for-stm32.13.3.rel1.win32_1.0.0.202411081344/tools/bin/../lib/gcc/arm-none-eabi/13.3.1/../../../../arm-none-eabi/lib/thumb/v7e-m+fp/hard\libc_nano.a
END GROUP
START GROUP
LOAD C:/ST/STM32CubeIDE_1.18.1/STM32CubeIDE/plugins/com.st.stm32cube.ide.mcu.externaltools.gnu-tools-for-stm32.13.3.rel1.win32_1.0.0.202411081344/tools/bin/../lib/gcc/arm-none-eabi/13.3.1/thumb/v7e-m+fp/hard\libgcc.a
LOAD C:/ST/STM32CubeIDE_1.18.1/STM32CubeIDE/plugins/com.st.stm32cube.ide.mcu.externaltools.gnu-tools-for-stm32.13.3.rel1.win32_1.0.0.202411081344/tools/bin/../lib/gcc/arm-none-eabi/13.3.1/../../../../arm-none-eabi/lib/thumb/v7e-m+fp/hard\libc_nano.a
LOAD C:/ST/STM32CubeIDE_1.18.1/STM32CubeIDE/plugins/com.st.stm32cube.ide.mcu.externaltools.gnu-tools-for-stm32.13.3.rel1.win32_1.0.0.202411081344/tools/bin/../lib/gcc/arm-none-eabi/13.3.1/../../../../arm-none-eabi/lib/thumb/v7e-m+fp/hard\libnosys.a
END GROUP
START GROUP
LOAD C:/ST/STM32CubeIDE_1.18.1/STM32CubeIDE/plugins/com.st.stm32cube.ide.mcu.externaltools.gnu-tools-for-stm32.13.3.rel1.win32_1.0.0.202411081344/tools/bin/../lib/gcc/arm-none-eabi/13.3.1/thumb/v7e-m+fp/hard\libgcc.a
LOAD C:/ST/STM32CubeIDE_1.18.1/STM32CubeIDE/plugins/com.st.stm32cube.ide.mcu.externaltools.gnu-tools-for-stm32.13.3.rel1.win32_1.0.0.202411081344/tools/bin/../lib/gcc/arm-none-eabi/13.3.1/../../../../arm-none-eabi/lib/thumb/v7e-m+fp/hard\libc_nano.a
LOAD C:/ST/STM32CubeIDE_1.18.1/STM32CubeIDE/plugins/com.st.stm32cube.ide.mcu.externaltools.gnu-tools-for-stm32.13.3.rel1.win32_1.0.0.202411081344/tools/bin/../lib/gcc/arm-none-eabi/13.3.1/../../../../arm-none-eabi/lib/thumb/v7e-m+fp/hard\libnosys.a
END GROUP
LOAD C:/ST/STM32CubeIDE_1.18.1/STM32CubeIDE/plugins/com.st.stm32cube.ide.mcu.externaltools.gnu-tools-for-stm32.13.3.rel1.win32_1.0.0.202411081344/tools/bin/../lib/gcc/arm-none-eabi/13.3.1/thumb/v7e-m+fp/hard/crtend.o
LOAD C:/ST/STM32CubeIDE_1.18.1/STM32CubeIDE/plugins/com.st.stm32cube.ide.mcu.externaltools.gnu-tools-for-stm32.13.3.rel1.win32_1.0.0.202411081344/tools/bin/../lib/gcc/arm-none-eabi/13.3.1/thumb/v7e-m+fp/hard/crtn.o
                0x20020000                        _estack = (ORIGIN (RAM) + LENGTH (RAM))
                0x00000200                        _Min_Heap_Size = 0x200
                0x00000400                        _Min_Stack_Size = 0x400

.isr_vector     0x08000000      0x198
                0x08000000                        . = ALIGN (0x4)
 *(.isr_vector)
 .isr_vector    0x08000000      0x198 ./Core/Startup/startup_stm32f411retx.o
                0x08000000                g_pfnVectors
                0x08000198                        . = ALIGN (0x4)

.text           0x080001a0     0x6680
                0x080001a0                        . = ALIGN (0x4)
 *(.text)
 .text          0x080001a0       0x40 C:/ST/STM32CubeIDE_1.18.1/STM32CubeIDE/plugins/com.st.stm32cube.ide.mcu.externaltools.gnu-tools-for-stm32.13.3.rel1.win32_1.0.0.202411081344/tools/bin/../lib/gcc/arm-none-eabi/13.3.1/thumb/v7e-m+fp/hard/crtbegin.o
 .text          0x080001e0       0x14 C:/ST/STM32CubeIDE_1.18.1/STM32CubeIDE/plugins/com.st.stm32cube.ide.mcu.externaltools.gnu-tools-for-stm32.13.3.rel1.win32_1.0.0.202411081344/tools/bin/../lib/gcc/arm-none-eabi/13.3.1/../../../../arm-none-eabi/lib/thumb/v7e-m+fp/hard\libc_nano.a(libc_a-strcmp.o)
                0x080001e0                strcmp
 .text          0x080001f4       0x10 C:/ST/STM32CubeIDE_1.18.1/STM32CubeIDE/plugins/com.st.stm32cube.ide.mcu.externaltools.gnu-tools-for-stm32.13.3.rel1.win32_1.0.0.202411081344/tools/bin/../lib/gcc/arm-none-eabi/13.3.1/../../../../arm-none-eabi/lib/thumb/v7e-m+fp/hard\libc_nano.a(libc_a-strlen.o)
                0x080001f4                strlen
 *fill*         0x08000204        0xc 
 .text          0x08000210       0xa0 C:/ST/STM32CubeIDE_1.18.1/STM32CubeIDE/plugins/com.st.stm32cube.ide.mcu.externaltools.gnu-tools-for-stm32.13.3.rel1.win32_1.0.0.202411081344/tools/bin/../lib/gcc/arm-none-eabi/13.3.1/../../../../arm-none-eabi/lib/thumb/v7e-m+fp/hard\libc_nano.a(libc_a-memchr.o)
                0x08000210                memchr
 .text          0x080002b0       0x30 C:/ST/STM32CubeIDE_1.18.1/STM32CubeIDE/plugins/com.st.stm32cube.ide.mcu.externaltools.gnu-tools-for-stm32.13.3.rel1.win32_1.0.0.202411081344/tools/bin/../lib/gcc/arm-none-eabi/13.3.1/thumb/v7e-m+fp/hard\libgcc.a(_aeabi_uldivmod.o)
                0x080002b0                __aeabi_uldivmod
 .text          0x080002e0      0x2f8 C:/ST/STM32CubeIDE_1.18.1/STM32CubeIDE/plugins/com.st.stm32cube.ide.mcu.externaltools.gnu-tools-for-stm32.13.3.rel1.win32_1.0.0.202411081344/tools/bin/../lib/gcc/arm-none-eabi/13.3.1/thumb/v7e-m+fp/hard\libgcc.a(_udivmoddi4.o)
                0x080002e0                __udivmoddi4
 .text          0x080005d8        0x4 C:/ST/STM32CubeIDE_1.18.1/STM32CubeIDE/plugins/com.st.stm32cube.ide.mcu.externaltools.gnu-tools-for-stm32.13.3.rel1.win32_1.0.0.202411081344/tools/bin/../lib/gcc/arm-none-eabi/13.3.1/thumb/v7e-m+fp/hard\libgcc.a(_dvmd_tls.o)
                0x080005d8                __aeabi_idiv0
                0x080005d8                __aeabi_ldiv0
 *(.text*)
 .text.MX_GPIO_Init
                0x080005dc      0x150 ./Core/Src/gpio.o
                0x080005dc                MX_GPIO_Init
 .text.MX_I2C1_Init
                0x0800072c       0x5c ./Core/Src/i2c.o
                0x0800072c                MX_I2C1_Init
 .text.HAL_I2C_MspInit
                0x08000788       0x90 ./Core/Src/i2c.o
                0x08000788                HAL_I2C_MspInit
 .text.main     0x08000818       0x2e ./Core/Src/main.o
                0x08000818                main
 *fill*         0x08000846        0x2 
 .text.SystemClock_Config
                0x08000848       0xd0 ./Core/Src/main.o
                0x08000848                SystemClock_Config
 .text.Error_Handler
                0x08000918        0xc ./Core/Src/main.o
                0x08000918                Error_Handler
 .text.HAL_MspInit
                0x08000924       0x50 ./Core/Src/stm32f4xx_hal_msp.o
                0x08000924                HAL_MspInit
 .text.NMI_Handler
                0x08000974        0x8 ./Core/Src/stm32f4xx_it.o
                0x08000974                NMI_Handler
 .text.HardFault_Handler
                0x0800097c        0x8 ./Core/Src/stm32f4xx_it.o
                0x0800097c                HardFault_Handler
 .text.MemManage_Handler
                0x08000984        0x8 ./Core/Src/stm32f4xx_it.o
                0x08000984                MemManage_Handler
 .text.BusFault_Handler
                0x0800098c        0x8 ./Core/Src/stm32f4xx_it.o
                0x0800098c                BusFault_Handler
 .text.UsageFault_Handler
                0x08000994        0x8 ./Core/Src/stm32f4xx_it.o
                0x08000994                UsageFault_Handler
 .text.SVC_Handler
                0x0800099c        0xe ./Core/Src/stm32f4xx_it.o
                0x0800099c                SVC_Handler
 .text.DebugMon_Handler
                0x080009aa        0xe ./Core/Src/stm32f4xx_it.o
                0x080009aa                DebugMon_Handler
 .text.PendSV_Handler
                0x080009b8        0xe ./Core/Src/stm32f4xx_it.o
                0x080009b8                PendSV_Handler
 .text.SysTick_Handler
                0x080009c6        0xc ./Core/Src/stm32f4xx_it.o
                0x080009c6                SysTick_Handler
 *fill*         0x080009d2        0x2 
 .text.TIM2_IRQHandler
                0x080009d4       0x14 ./Core/Src/stm32f4xx_it.o
                0x080009d4                TIM2_IRQHandler
 .text.USART2_IRQHandler
                0x080009e8       0x14 ./Core/Src/stm32f4xx_it.o
                0x080009e8                USART2_IRQHandler
 .text._sbrk    0x080009fc       0x6c ./Core/Src/sysmem.o
                0x080009fc                _sbrk
 .text.SystemInit
                0x08000a68       0x24 ./Core/Src/system_stm32f4xx.o
                0x08000a68                SystemInit
 .text.MX_TIM1_Init
                0x08000a8c      0x140 ./Core/Src/tim.o
                0x08000a8c                MX_TIM1_Init
 .text.MX_TIM2_Init
                0x08000bcc       0x98 ./Core/Src/tim.o
                0x08000bcc                MX_TIM2_Init
 .text.MX_TIM3_Init
                0x08000c64       0xf0 ./Core/Src/tim.o
                0x08000c64                MX_TIM3_Init
 .text.HAL_TIM_Base_MspInit
                0x08000d54       0xa4 ./Core/Src/tim.o
                0x08000d54                HAL_TIM_Base_MspInit
 .text.HAL_TIM_MspPostInit
                0x08000df8       0xc4 ./Core/Src/tim.o
                0x08000df8                HAL_TIM_MspPostInit
 .text.MX_USART2_UART_Init
                0x08000ebc       0x54 ./Core/Src/usart.o
                0x08000ebc                MX_USART2_UART_Init
 .text.HAL_UART_MspInit
                0x08000f10       0xa0 ./Core/Src/usart.o
                0x08000f10                HAL_UART_MspInit
 .text.Reset_Handler
                0x08000fb0       0x50 ./Core/Startup/startup_stm32f411retx.o
                0x08000fb0                Reset_Handler
 .text.Default_Handler
                0x08001000        0x2 ./Core/Startup/startup_stm32f411retx.o
                0x08001000                RTC_Alarm_IRQHandler
                0x08001000                EXTI2_IRQHandler
                0x08001000                SPI4_IRQHandler
                0x08001000                TIM1_CC_IRQHandler
                0x08001000                DMA2_Stream5_IRQHandler
                0x08001000                DMA1_Stream5_IRQHandler
                0x08001000                PVD_IRQHandler
                0x08001000                SDIO_IRQHandler
                0x08001000                TAMP_STAMP_IRQHandler
                0x08001000                EXTI3_IRQHandler
                0x08001000                TIM1_UP_TIM10_IRQHandler
                0x08001000                I2C3_ER_IRQHandler
                0x08001000                EXTI0_IRQHandler
                0x08001000                I2C2_EV_IRQHandler
                0x08001000                DMA1_Stream2_IRQHandler
                0x08001000                FPU_IRQHandler
                0x08001000                DMA2_Stream2_IRQHandler
                0x08001000                SPI1_IRQHandler
                0x08001000                TIM1_BRK_TIM9_IRQHandler
                0x08001000                DMA2_Stream3_IRQHandler
                0x08001000                USART6_IRQHandler
                0x08001000                DMA2_Stream0_IRQHandler
                0x08001000                TIM4_IRQHandler
                0x08001000                I2C1_EV_IRQHandler
                0x08001000                DMA1_Stream6_IRQHandler
                0x08001000                DMA1_Stream1_IRQHandler
                0x08001000                TIM3_IRQHandler
                0x08001000                RCC_IRQHandler
                0x08001000                Default_Handler
                0x08001000                EXTI15_10_IRQHandler
                0x08001000                ADC_IRQHandler
                0x08001000                DMA1_Stream7_IRQHandler
                0x08001000                SPI5_IRQHandler
                0x08001000                TIM5_IRQHandler
                0x08001000                DMA2_Stream7_IRQHandler
                0x08001000                I2C3_EV_IRQHandler
                0x08001000                EXTI9_5_IRQHandler
                0x08001000                RTC_WKUP_IRQHandler
                0x08001000                SPI2_IRQHandler
                0x08001000                DMA1_Stream0_IRQHandler
                0x08001000                EXTI4_IRQHandler
                0x08001000                WWDG_IRQHandler
                0x08001000                OTG_FS_WKUP_IRQHandler
                0x08001000                TIM1_TRG_COM_TIM11_IRQHandler
                0x08001000                EXTI1_IRQHandler
                0x08001000                I2C2_ER_IRQHandler
                0x08001000                DMA2_Stream1_IRQHandler
                0x08001000                FLASH_IRQHandler
                0x08001000                DMA2_Stream4_IRQHandler
                0x08001000                USART1_IRQHandler
                0x08001000                OTG_FS_IRQHandler
                0x08001000                SPI3_IRQHandler
                0x08001000                DMA1_Stream4_IRQHandler
                0x08001000                I2C1_ER_IRQHandler
                0x08001000                DMA2_Stream6_IRQHandler
                0x08001000                DMA1_Stream3_IRQHandler
 .text.Controller_Excute
                0x08001002        0xc ./Core/ap/src/Controller.o
                0x08001002                Controller_Excute
 *fill*         0x0800100e        0x2 
 .text.Controller_SetInputData
                0x08001010       0x30 ./Core/ap/src/Controller.o
                0x08001010                Controller_SetInputData
 .text.Controller_Mode
                0x08001040       0x74 ./Core/ap/src/Controller.o
                0x08001040                Controller_Mode
 .text.Listener_Init
                0x080010b4       0x38 ./Core/ap/src/Listener.o
                0x080010b4                Listener_Init
 .text.Listener_Excute
                0x080010ec       0x10 ./Core/ap/src/Listener.o
                0x080010ec                Listener_Excute
 .text.Listener_CheckButton
                0x080010fc       0x58 ./Core/ap/src/Listener.o
 .text.Listener_CheckUart
                0x08001154      0x108 ./Core/ap/src/Listener.o
 .text.Listener_UartCallBack
                0x0800125c       0x2c ./Core/ap/src/Listener.o
                0x0800125c                Listener_UartCallBack
 .text.ComparePassword
                0x08001288       0x38 ./Core/ap/src/Listener.o
                0x08001288                ComparePassword
 .text.MotorRun_Init
                0x080012c0       0x14 ./Core/ap/src/MotorRun.o
                0x080012c0                MotorRun_Init
 .text.MotorRUN_PowerOn
                0x080012d4       0x1e ./Core/ap/src/MotorRun.o
                0x080012d4                MotorRUN_PowerOn
 *fill*         0x080012f2        0x2 
 .text.Presenter_Init
                0x080012f4       0x24 ./Core/ap/src/Presenter.o
                0x080012f4                Presenter_Init
 .text.Presenter_UL_StateData
                0x08001318       0x20 ./Core/ap/src/Presenter.o
                0x08001318                Presenter_UL_StateData
 .text.Presenter_UL_OutData
                0x08001338       0x2c ./Core/ap/src/Presenter.o
                0x08001338                Presenter_UL_OutData
 .text.Presenter_UL_Detected
                0x08001364       0x38 ./Core/ap/src/Presenter.o
                0x08001364                Presenter_UL_Detected
 .text.Presenter_UL_NotDetected
                0x0800139c       0x40 ./Core/ap/src/Presenter.o
                0x0800139c                Presenter_UL_NotDetected
 .text.Presenter_UL_WarningLED_ON
                0x080013dc       0x20 ./Core/ap/src/Presenter.o
 .text.Presenter_UL_WarningLED_OFF
                0x080013fc       0x20 ./Core/ap/src/Presenter.o
 .text.Presenter_UL_LoginLED_OFF
                0x0800141c       0x1c ./Core/ap/src/Presenter.o
 .text.Presenter_UL_ModeWarning
                0x08001438       0x18 ./Core/ap/src/Presenter.o
 .text.Presenter_UL_ModeLOGIN
                0x08001450       0x18 ./Core/ap/src/Presenter.o
 .text.Presenter_UL_Excute
                0x08001468       0x48 ./Core/ap/src/Presenter.o
                0x08001468                Presenter_UL_Excute
 .text.Presenter_LOG_Excute
                0x080014b0       0x1c ./Core/ap/src/Presenter.o
                0x080014b0                Presenter_LOG_Excute
 .text.Present_Disp_UART_InsertPwMESSAGE
                0x080014cc       0x88 ./Core/ap/src/Presenter.o
 .text.Present_Disp_UART_state_messege
                0x08001554      0x138 ./Core/ap/src/Presenter.o
 .text.Presenter_ResetStateMessageFlags
                0x0800168c       0x2c ./Core/ap/src/Presenter.o
                0x0800168c                Presenter_ResetStateMessageFlags
 .text.Security_Excute
                0x080016b8       0x34 ./Core/ap/src/Security.o
                0x080016b8                Security_Excute
 .text.Security_Run
                0x080016ec       0x2c ./Core/ap/src/Security.o
                0x080016ec                Security_Run
 .text.Security_Warning
                0x08001718       0x50 ./Core/ap/src/Security.o
                0x08001718                Security_Warning
 .text.Sound_Warning
                0x08001768       0x1e ./Core/ap/src/Sound.o
                0x08001768                Sound_Warning
 .text.Sound_PowerOn
                0x08001786       0x48 ./Core/ap/src/Sound.o
                0x08001786                Sound_PowerOn
 .text.Sound_PowerOff
                0x080017ce       0x48 ./Core/ap/src/Sound.o
                0x080017ce                Sound_PowerOff
 *fill*         0x08001816        0x2 
 .text.Ultra_RunCallBack
                0x08001818       0x74 ./Core/ap/src/UltraRun.o
                0x08001818                Ultra_RunCallBack
 .text.HAL_TIM_PeriodElapsedCallback
                0x0800188c       0x26 ./Core/ap/src/ap_main.o
                0x0800188c                HAL_TIM_PeriodElapsedCallback
 *fill*         0x080018b2        0x2 
 .text.HAL_UART_RxCpltCallback
                0x080018b4       0x24 ./Core/ap/src/ap_main.o
                0x080018b4                HAL_UART_RxCpltCallback
 .text.ap_main  0x080018d8       0x20 ./Core/ap/src/ap_main.o
                0x080018d8                ap_main
 .text.ap_init  0x080018f8       0x10 ./Core/ap/src/ap_main.o
                0x080018f8                ap_init
 .text.Login_Execute
                0x08001908       0x50 ./Core/ap/src/login.o
                0x08001908                Login_Execute
 .text.wait_input
                0x08001958       0x24 ./Core/ap/src/login.o
 .text.input_ING
                0x0800197c       0x34 ./Core/ap/src/login.o
 .text.Login_Open
                0x080019b0       0x48 ./Core/ap/src/login.o
                0x080019b0                Login_Open
 .text.Login_Fail
                0x080019f8       0x48 ./Core/ap/src/login.o
                0x080019f8                Login_Fail
 .text.Login_Clear
                0x08001a40       0x58 ./Core/ap/src/login.o
                0x08001a40                Login_Clear
 .text.Que_Init
                0x08001a98       0x20 ./Core/ap/src/queue.o
                0x08001a98                Que_Init
 .text.isQueFull
                0x08001ab8       0x36 ./Core/ap/src/queue.o
                0x08001ab8                isQueFull
 .text.isQueEmpty
                0x08001aee       0x26 ./Core/ap/src/queue.o
                0x08001aee                isQueEmpty
 .text.enQue    0x08001b14       0x46 ./Core/ap/src/queue.o
                0x08001b14                enQue
 .text.deQue    0x08001b5a       0x4a ./Core/ap/src/queue.o
                0x08001b5a                deQue
 .text.StopWatch_IncTimeCallBack
                0x08001ba4       0x18 ./Core/ap/src/stopWatch.o
                0x08001ba4                StopWatch_IncTimeCallBack
 .text.StopWatch_IncTime
                0x08001bbc       0x84 ./Core/ap/src/stopWatch.o
                0x08001bbc                StopWatch_IncTime
 .text.TimeWatch_IncTimeCallBack
                0x08001c40       0x84 ./Core/ap/src/timeWatch.o
                0x08001c40                TimeWatch_IncTimeCallBack
 .text.Button_Init
                0x08001cc4       0x2c ./Core/driver/Button/Button.o
                0x08001cc4                Button_Init
 .text.Button_GetState
                0x08001cf0       0x62 ./Core/driver/Button/Button.o
                0x08001cf0                Button_GetState
 *fill*         0x08001d52        0x2 
 .text.Buzzer_Init
                0x08001d54       0x2c ./Core/driver/Buzzer/Buzzer.o
                0x08001d54                Buzzer_Init
 .text.Buzzer_SetFreq
                0x08001d80       0x6c ./Core/driver/Buzzer/Buzzer.o
                0x08001d80                Buzzer_SetFreq
 .text.Buzzer_Start
                0x08001dec       0x20 ./Core/driver/Buzzer/Buzzer.o
                0x08001dec                Buzzer_Start
 .text.Buzzer_Stop
                0x08001e0c       0x20 ./Core/driver/Buzzer/Buzzer.o
                0x08001e0c                Buzzer_Stop
 .text.LCD_Init
                0x08001e2c       0x70 ./Core/driver/LCD/lcd.o
                0x08001e2c                LCD_Init
 .text.LCD_sendI2C
                0x08001e9c       0x2c ./Core/driver/LCD/lcd.o
                0x08001e9c                LCD_sendI2C
 .text.LCD_backLightOn
                0x08001ec8       0x20 ./Core/driver/LCD/lcd.o
                0x08001ec8                LCD_backLightOn
 .text.LCD_cmdMode
                0x08001ee8       0x24 ./Core/driver/LCD/lcd.o
 .text.LCD_writeMode
                0x08001f0c       0x24 ./Core/driver/LCD/lcd.o
 .text.LCD_E_High
                0x08001f30       0x24 ./Core/driver/LCD/lcd.o
 .text.LCD_E_Low
                0x08001f54       0x24 ./Core/driver/LCD/lcd.o
 .text.LCD_sendNibbleData
                0x08001f78       0x48 ./Core/driver/LCD/lcd.o
 .text.LCD_sendData
                0x08001fc0       0x28 ./Core/driver/LCD/lcd.o
 .text.Motor_Init
                0x08001fe8       0x2c ./Core/driver/Motor/Motor.o
                0x08001fe8                Motor_Init
 .text.Motor_SetFreq
                0x08002014       0x6c ./Core/driver/Motor/Motor.o
                0x08002014                Motor_SetFreq
 .text.Motor_Start
                0x08002080       0x20 ./Core/driver/Motor/Motor.o
                0x08002080                Motor_Start
 .text.Motor_Stop
                0x080020a0       0x20 ./Core/driver/Motor/Motor.o
                0x080020a0                Motor_Stop
 .text.Ultra_Trigger_Input
                0x080020c0       0x16 ./Core/driver/Ultra/Ultra.o
                0x080020c0                Ultra_Trigger_Input
 *fill*         0x080020d6        0x2 
 .text.Delay_us
                0x080020d8       0x38 ./Core/driver/Ultra/Ultra.o
 .text.Ultra_High
                0x08002110       0x18 ./Core/driver/Ultra/Ultra.o
 .text.Ultra_Low
                0x08002128       0x18 ./Core/driver/Ultra/Ultra.o
 .text.Ultra_Echo
                0x08002140       0x54 ./Core/driver/Ultra/Ultra.o
                0x08002140                Ultra_Echo
 .text.Ultra_Calculate
                0x08002194       0x3c ./Core/driver/Ultra/Ultra.o
                0x08002194                Ultra_Calculate
 .text.HAL_Init
                0x080021d0       0x44 ./Drivers/STM32F4xx_HAL_Driver/Src/stm32f4xx_hal.o
                0x080021d0                HAL_Init
 .text.HAL_InitTick
                0x08002214       0x60 ./Drivers/STM32F4xx_HAL_Driver/Src/stm32f4xx_hal.o
                0x08002214                HAL_InitTick
 .text.HAL_IncTick
                0x08002274       0x28 ./Drivers/STM32F4xx_HAL_Driver/Src/stm32f4xx_hal.o
                0x08002274                HAL_IncTick
 .text.HAL_GetTick
                0x0800229c       0x18 ./Drivers/STM32F4xx_HAL_Driver/Src/stm32f4xx_hal.o
                0x0800229c                HAL_GetTick
 .text.HAL_Delay
                0x080022b4       0x48 ./Drivers/STM32F4xx_HAL_Driver/Src/stm32f4xx_hal.o
                0x080022b4                HAL_Delay
 .text.__NVIC_SetPriorityGrouping
                0x080022fc       0x48 ./Drivers/STM32F4xx_HAL_Driver/Src/stm32f4xx_hal_cortex.o
 .text.__NVIC_GetPriorityGrouping
                0x08002344       0x1c ./Drivers/STM32F4xx_HAL_Driver/Src/stm32f4xx_hal_cortex.o
 .text.__NVIC_EnableIRQ
                0x08002360       0x3c ./Drivers/STM32F4xx_HAL_Driver/Src/stm32f4xx_hal_cortex.o
 .text.__NVIC_SetPriority
                0x0800239c       0x54 ./Drivers/STM32F4xx_HAL_Driver/Src/stm32f4xx_hal_cortex.o
 .text.NVIC_EncodePriority
                0x080023f0       0x66 ./Drivers/STM32F4xx_HAL_Driver/Src/stm32f4xx_hal_cortex.o
 *fill*         0x08002456        0x2 
 .text.SysTick_Config
                0x08002458       0x44 ./Drivers/STM32F4xx_HAL_Driver/Src/stm32f4xx_hal_cortex.o
 .text.HAL_NVIC_SetPriorityGrouping
                0x0800249c       0x16 ./Drivers/STM32F4xx_HAL_Driver/Src/stm32f4xx_hal_cortex.o
                0x0800249c                HAL_NVIC_SetPriorityGrouping
 .text.HAL_NVIC_SetPriority
                0x080024b2       0x38 ./Drivers/STM32F4xx_HAL_Driver/Src/stm32f4xx_hal_cortex.o
                0x080024b2                HAL_NVIC_SetPriority
 .text.HAL_NVIC_EnableIRQ
                0x080024ea       0x1c ./Drivers/STM32F4xx_HAL_Driver/Src/stm32f4xx_hal_cortex.o
                0x080024ea                HAL_NVIC_EnableIRQ
 .text.HAL_SYSTICK_Config
                0x08002506       0x18 ./Drivers/STM32F4xx_HAL_Driver/Src/stm32f4xx_hal_cortex.o
                0x08002506                HAL_SYSTICK_Config
 .text.HAL_DMA_Abort
                0x0800251e       0xe0 ./Drivers/STM32F4xx_HAL_Driver/Src/stm32f4xx_hal_dma.o
                0x0800251e                HAL_DMA_Abort
 .text.HAL_DMA_Abort_IT
                0x080025fe       0x44 ./Drivers/STM32F4xx_HAL_Driver/Src/stm32f4xx_hal_dma.o
                0x080025fe                HAL_DMA_Abort_IT
 *fill*         0x08002642        0x2 
 .text.HAL_GPIO_Init
                0x08002644      0x308 ./Drivers/STM32F4xx_HAL_Driver/Src/stm32f4xx_hal_gpio.o
                0x08002644                HAL_GPIO_Init
 .text.HAL_GPIO_ReadPin
                0x0800294c       0x30 ./Drivers/STM32F4xx_HAL_Driver/Src/stm32f4xx_hal_gpio.o
                0x0800294c                HAL_GPIO_ReadPin
 .text.HAL_GPIO_WritePin
                0x0800297c       0x32 ./Drivers/STM32F4xx_HAL_Driver/Src/stm32f4xx_hal_gpio.o
                0x0800297c                HAL_GPIO_WritePin
 *fill*         0x080029ae        0x2 
 .text.HAL_I2C_Init
                0x080029b0      0x288 ./Drivers/STM32F4xx_HAL_Driver/Src/stm32f4xx_hal_i2c.o
                0x080029b0                HAL_I2C_Init
 .text.HAL_I2C_Master_Transmit
                0x08002c38      0x1fc ./Drivers/STM32F4xx_HAL_Driver/Src/stm32f4xx_hal_i2c.o
                0x08002c38                HAL_I2C_Master_Transmit
 .text.I2C_MasterRequestWrite
                0x08002e34      0x104 ./Drivers/STM32F4xx_HAL_Driver/Src/stm32f4xx_hal_i2c.o
 .text.I2C_WaitOnFlagUntilTimeout
                0x08002f38       0xf4 ./Drivers/STM32F4xx_HAL_Driver/Src/stm32f4xx_hal_i2c.o
 .text.I2C_WaitOnMasterAddressFlagUntilTimeout
                0x0800302c      0x140 ./Drivers/STM32F4xx_HAL_Driver/Src/stm32f4xx_hal_i2c.o
 .text.I2C_WaitOnTXEFlagUntilTimeout
                0x0800316c       0x90 ./Drivers/STM32F4xx_HAL_Driver/Src/stm32f4xx_hal_i2c.o
 .text.I2C_WaitOnBTFFlagUntilTimeout
                0x080031fc       0x90 ./Drivers/STM32F4xx_HAL_Driver/Src/stm32f4xx_hal_i2c.o
 .text.I2C_IsAcknowledgeFailed
                0x0800328c       0x5e ./Drivers/STM32F4xx_HAL_Driver/Src/stm32f4xx_hal_i2c.o
 *fill*         0x080032ea        0x2 
 .text.HAL_RCC_OscConfig
                0x080032ec      0x4f0 ./Drivers/STM32F4xx_HAL_Driver/Src/stm32f4xx_hal_rcc.o
                0x080032ec                HAL_RCC_OscConfig
 .text.HAL_RCC_ClockConfig
                0x080037dc      0x1cc ./Drivers/STM32F4xx_HAL_Driver/Src/stm32f4xx_hal_rcc.o
                0x080037dc                HAL_RCC_ClockConfig
 .text.HAL_RCC_GetSysClockFreq
                0x080039a8      0x20c ./Drivers/STM32F4xx_HAL_Driver/Src/stm32f4xx_hal_rcc.o
                0x080039a8                HAL_RCC_GetSysClockFreq
 .text.HAL_RCC_GetHCLKFreq
                0x08003bb4       0x18 ./Drivers/STM32F4xx_HAL_Driver/Src/stm32f4xx_hal_rcc.o
                0x08003bb4                HAL_RCC_GetHCLKFreq
 .text.HAL_RCC_GetPCLK1Freq
                0x08003bcc       0x28 ./Drivers/STM32F4xx_HAL_Driver/Src/stm32f4xx_hal_rcc.o
                0x08003bcc                HAL_RCC_GetPCLK1Freq
 .text.HAL_RCC_GetPCLK2Freq
                0x08003bf4       0x28 ./Drivers/STM32F4xx_HAL_Driver/Src/stm32f4xx_hal_rcc.o
                0x08003bf4                HAL_RCC_GetPCLK2Freq
 .text.HAL_TIM_Base_Init
                0x08003c1c       0x9e ./Drivers/STM32F4xx_HAL_Driver/Src/stm32f4xx_hal_tim.o
                0x08003c1c                HAL_TIM_Base_Init
 *fill*         0x08003cba        0x2 
 .text.HAL_TIM_Base_Start
                0x08003cbc       0xb4 ./Drivers/STM32F4xx_HAL_Driver/Src/stm32f4xx_hal_tim.o
                0x08003cbc                HAL_TIM_Base_Start
 .text.HAL_TIM_Base_Stop
                0x08003d70       0x4e ./Drivers/STM32F4xx_HAL_Driver/Src/stm32f4xx_hal_tim.o
                0x08003d70                HAL_TIM_Base_Stop
 *fill*         0x08003dbe        0x2 
 .text.HAL_TIM_Base_Start_IT
                0x08003dc0       0xc4 ./Drivers/STM32F4xx_HAL_Driver/Src/stm32f4xx_hal_tim.o
                0x08003dc0                HAL_TIM_Base_Start_IT
 .text.HAL_TIM_PWM_Init
                0x08003e84       0x9e ./Drivers/STM32F4xx_HAL_Driver/Src/stm32f4xx_hal_tim.o
                0x08003e84                HAL_TIM_PWM_Init
 .text.HAL_TIM_PWM_MspInit
                0x08003f22       0x14 ./Drivers/STM32F4xx_HAL_Driver/Src/stm32f4xx_hal_tim.o
                0x08003f22                HAL_TIM_PWM_MspInit
 *fill*         0x08003f36        0x2 
 .text.HAL_TIM_PWM_Start
                0x08003f38      0x160 ./Drivers/STM32F4xx_HAL_Driver/Src/stm32f4xx_hal_tim.o
                0x08003f38                HAL_TIM_PWM_Start
 .text.HAL_TIM_PWM_Stop
                0x08004098       0xc8 ./Drivers/STM32F4xx_HAL_Driver/Src/stm32f4xx_hal_tim.o
                0x08004098                HAL_TIM_PWM_Stop
 .text.HAL_TIM_IRQHandler
                0x08004160      0x1e0 ./Drivers/STM32F4xx_HAL_Driver/Src/stm32f4xx_hal_tim.o
                0x08004160                HAL_TIM_IRQHandler
 .text.HAL_TIM_PWM_ConfigChannel
                0x08004340      0x184 ./Drivers/STM32F4xx_HAL_Driver/Src/stm32f4xx_hal_tim.o
                0x08004340                HAL_TIM_PWM_ConfigChannel
 .text.HAL_TIM_ConfigClockSource
                0x080044c4      0x18e ./Drivers/STM32F4xx_HAL_Driver/Src/stm32f4xx_hal_tim.o
                0x080044c4                HAL_TIM_ConfigClockSource
 .text.HAL_TIM_OC_DelayElapsedCallback
                0x08004652       0x14 ./Drivers/STM32F4xx_HAL_Driver/Src/stm32f4xx_hal_tim.o
                0x08004652                HAL_TIM_OC_DelayElapsedCallback
 .text.HAL_TIM_IC_CaptureCallback
                0x08004666       0x14 ./Drivers/STM32F4xx_HAL_Driver/Src/stm32f4xx_hal_tim.o
                0x08004666                HAL_TIM_IC_CaptureCallback
 .text.HAL_TIM_PWM_PulseFinishedCallback
                0x0800467a       0x14 ./Drivers/STM32F4xx_HAL_Driver/Src/stm32f4xx_hal_tim.o
                0x0800467a                HAL_TIM_PWM_PulseFinishedCallback
 .text.HAL_TIM_TriggerCallback
                0x0800468e       0x14 ./Drivers/STM32F4xx_HAL_Driver/Src/stm32f4xx_hal_tim.o
                0x0800468e                HAL_TIM_TriggerCallback
 *fill*         0x080046a2        0x2 
 .text.TIM_Base_SetConfig
                0x080046a4      0x10c ./Drivers/STM32F4xx_HAL_Driver/Src/stm32f4xx_hal_tim.o
                0x080046a4                TIM_Base_SetConfig
 .text.TIM_OC1_SetConfig
                0x080047b0       0xcc ./Drivers/STM32F4xx_HAL_Driver/Src/stm32f4xx_hal_tim.o
 .text.TIM_OC2_SetConfig
                0x0800487c       0xd8 ./Drivers/STM32F4xx_HAL_Driver/Src/stm32f4xx_hal_tim.o
                0x0800487c                TIM_OC2_SetConfig
 .text.TIM_OC3_SetConfig
                0x08004954       0xd4 ./Drivers/STM32F4xx_HAL_Driver/Src/stm32f4xx_hal_tim.o
 .text.TIM_OC4_SetConfig
                0x08004a28       0xa0 ./Drivers/STM32F4xx_HAL_Driver/Src/stm32f4xx_hal_tim.o
 .text.TIM_TI1_ConfigInputStage
                0x08004ac8       0x5e ./Drivers/STM32F4xx_HAL_Driver/Src/stm32f4xx_hal_tim.o
 .text.TIM_TI2_ConfigInputStage
                0x08004b26       0x60 ./Drivers/STM32F4xx_HAL_Driver/Src/stm32f4xx_hal_tim.o
 .text.TIM_ITRx_SetConfig
                0x08004b86       0x36 ./Drivers/STM32F4xx_HAL_Driver/Src/stm32f4xx_hal_tim.o
 .text.TIM_ETR_SetConfig
                0x08004bbc       0x40 ./Drivers/STM32F4xx_HAL_Driver/Src/stm32f4xx_hal_tim.o
                0x08004bbc                TIM_ETR_SetConfig
 .text.TIM_CCxChannelCmd
                0x08004bfc       0x4a ./Drivers/STM32F4xx_HAL_Driver/Src/stm32f4xx_hal_tim.o
                0x08004bfc                TIM_CCxChannelCmd
 *fill*         0x08004c46        0x2 
 .text.HAL_TIMEx_MasterConfigSynchronization
                0x08004c48       0xdc ./Drivers/STM32F4xx_HAL_Driver/Src/stm32f4xx_hal_tim_ex.o
                0x08004c48                HAL_TIMEx_MasterConfigSynchronization
 .text.HAL_TIMEx_ConfigBreakDeadTime
                0x08004d24       0xa4 ./Drivers/STM32F4xx_HAL_Driver/Src/stm32f4xx_hal_tim_ex.o
                0x08004d24                HAL_TIMEx_ConfigBreakDeadTime
 .text.HAL_TIMEx_CommutCallback
                0x08004dc8       0x14 ./Drivers/STM32F4xx_HAL_Driver/Src/stm32f4xx_hal_tim_ex.o
                0x08004dc8                HAL_TIMEx_CommutCallback
 .text.HAL_TIMEx_BreakCallback
                0x08004ddc       0x14 ./Drivers/STM32F4xx_HAL_Driver/Src/stm32f4xx_hal_tim_ex.o
                0x08004ddc                HAL_TIMEx_BreakCallback
 .text.HAL_UART_Init
                0x08004df0       0xa0 ./Drivers/STM32F4xx_HAL_Driver/Src/stm32f4xx_hal_uart.o
                0x08004df0                HAL_UART_Init
 .text.HAL_UART_Transmit
                0x08004e90      0x116 ./Drivers/STM32F4xx_HAL_Driver/Src/stm32f4xx_hal_uart.o
                0x08004e90                HAL_UART_Transmit
 .text.HAL_UART_Receive_IT
                0x08004fa6       0x4a ./Drivers/STM32F4xx_HAL_Driver/Src/stm32f4xx_hal_uart.o
                0x08004fa6                HAL_UART_Receive_IT
 .text.HAL_UART_IRQHandler
                0x08004ff0      0x554 ./Drivers/STM32F4xx_HAL_Driver/Src/stm32f4xx_hal_uart.o
                0x08004ff0                HAL_UART_IRQHandler
 .text.HAL_UART_TxCpltCallback
                0x08005544       0x14 ./Drivers/STM32F4xx_HAL_Driver/Src/stm32f4xx_hal_uart.o
                0x08005544                HAL_UART_TxCpltCallback
 .text.HAL_UART_ErrorCallback
                0x08005558       0x14 ./Drivers/STM32F4xx_HAL_Driver/Src/stm32f4xx_hal_uart.o
                0x08005558                HAL_UART_ErrorCallback
 .text.HAL_UARTEx_RxEventCallback
                0x0800556c       0x18 ./Drivers/STM32F4xx_HAL_Driver/Src/stm32f4xx_hal_uart.o
                0x0800556c                HAL_UARTEx_RxEventCallback
 .text.UART_WaitOnFlagUntilTimeout
                0x08005584       0xb2 ./Drivers/STM32F4xx_HAL_Driver/Src/stm32f4xx_hal_uart.o
 .text.UART_Start_Receive_IT
                0x08005636       0x74 ./Drivers/STM32F4xx_HAL_Driver/Src/stm32f4xx_hal_uart.o
                0x08005636                UART_Start_Receive_IT
 .text.UART_EndRxTransfer
                0x080056aa       0xc6 ./Drivers/STM32F4xx_HAL_Driver/Src/stm32f4xx_hal_uart.o
 .text.UART_DMAAbortOnError
                0x08005770       0x22 ./Drivers/STM32F4xx_HAL_Driver/Src/stm32f4xx_hal_uart.o
 .text.UART_Transmit_IT
                0x08005792       0xa0 ./Drivers/STM32F4xx_HAL_Driver/Src/stm32f4xx_hal_uart.o
 .text.UART_EndTransmit_IT
                0x08005832       0x30 ./Drivers/STM32F4xx_HAL_Driver/Src/stm32f4xx_hal_uart.o
 .text.UART_Receive_IT
                0x08005862      0x17c ./Drivers/STM32F4xx_HAL_Driver/Src/stm32f4xx_hal_uart.o
 *fill*         0x080059de        0x2 
 .text.UART_SetConfig
                0x080059e0      0x4e8 ./Drivers/STM32F4xx_HAL_Driver/Src/stm32f4xx_hal_uart.o
 .text.sprintf  0x08005ec8       0x44 C:/ST/STM32CubeIDE_1.18.1/STM32CubeIDE/plugins/com.st.stm32cube.ide.mcu.externaltools.gnu-tools-for-stm32.13.3.rel1.win32_1.0.0.202411081344/tools/bin/../lib/gcc/arm-none-eabi/13.3.1/../../../../arm-none-eabi/lib/thumb/v7e-m+fp/hard\libc_nano.a(libc_a-sprintf.o)
                0x08005ec8                siprintf
                0x08005ec8                sprintf
 .text.memset   0x08005f0c       0x10 C:/ST/STM32CubeIDE_1.18.1/STM32CubeIDE/plugins/com.st.stm32cube.ide.mcu.externaltools.gnu-tools-for-stm32.13.3.rel1.win32_1.0.0.202411081344/tools/bin/../lib/gcc/arm-none-eabi/13.3.1/../../../../arm-none-eabi/lib/thumb/v7e-m+fp/hard\libc_nano.a(libc_a-memset.o)
                0x08005f0c                memset
 .text.__errno  0x08005f1c        0xc C:/ST/STM32CubeIDE_1.18.1/STM32CubeIDE/plugins/com.st.stm32cube.ide.mcu.externaltools.gnu-tools-for-stm32.13.3.rel1.win32_1.0.0.202411081344/tools/bin/../lib/gcc/arm-none-eabi/13.3.1/../../../../arm-none-eabi/lib/thumb/v7e-m+fp/hard\libc_nano.a(libc_a-errno.o)
                0x08005f1c                __errno
 .text.__libc_init_array
                0x08005f28       0x48 C:/ST/STM32CubeIDE_1.18.1/STM32CubeIDE/plugins/com.st.stm32cube.ide.mcu.externaltools.gnu-tools-for-stm32.13.3.rel1.win32_1.0.0.202411081344/tools/bin/../lib/gcc/arm-none-eabi/13.3.1/../../../../arm-none-eabi/lib/thumb/v7e-m+fp/hard\libc_nano.a(libc_a-init.o)
                0x08005f28                __libc_init_array
 .text.__retarget_lock_acquire_recursive
                0x08005f70        0x2 C:/ST/STM32CubeIDE_1.18.1/STM32CubeIDE/plugins/com.st.stm32cube.ide.mcu.externaltools.gnu-tools-for-stm32.13.3.rel1.win32_1.0.0.202411081344/tools/bin/../lib/gcc/arm-none-eabi/13.3.1/../../../../arm-none-eabi/lib/thumb/v7e-m+fp/hard\libc_nano.a(libc_a-lock.o)
                0x08005f70                __retarget_lock_acquire_recursive
 .text.__retarget_lock_release_recursive
                0x08005f72        0x2 C:/ST/STM32CubeIDE_1.18.1/STM32CubeIDE/plugins/com.st.stm32cube.ide.mcu.externaltools.gnu-tools-for-stm32.13.3.rel1.win32_1.0.0.202411081344/tools/bin/../lib/gcc/arm-none-eabi/13.3.1/../../../../arm-none-eabi/lib/thumb/v7e-m+fp/hard\libc_nano.a(libc_a-lock.o)
                0x08005f72                __retarget_lock_release_recursive
 .text._free_r  0x08005f74       0x94 C:/ST/STM32CubeIDE_1.18.1/STM32CubeIDE/plugins/com.st.stm32cube.ide.mcu.externaltools.gnu-tools-for-stm32.13.3.rel1.win32_1.0.0.202411081344/tools/bin/../lib/gcc/arm-none-eabi/13.3.1/../../../../arm-none-eabi/lib/thumb/v7e-m+fp/hard\libc_nano.a(libc_a-freer.o)
                0x08005f74                _free_r
 .text.sbrk_aligned
                0x08006008       0x44 C:/ST/STM32CubeIDE_1.18.1/STM32CubeIDE/plugins/com.st.stm32cube.ide.mcu.externaltools.gnu-tools-for-stm32.13.3.rel1.win32_1.0.0.202411081344/tools/bin/../lib/gcc/arm-none-eabi/13.3.1/../../../../arm-none-eabi/lib/thumb/v7e-m+fp/hard\libc_nano.a(libc_a-mallocr.o)
 .text._malloc_r
                0x0800604c      0x100 C:/ST/STM32CubeIDE_1.18.1/STM32CubeIDE/plugins/com.st.stm32cube.ide.mcu.externaltools.gnu-tools-for-stm32.13.3.rel1.win32_1.0.0.202411081344/tools/bin/../lib/gcc/arm-none-eabi/13.3.1/../../../../arm-none-eabi/lib/thumb/v7e-m+fp/hard\libc_nano.a(libc_a-mallocr.o)
                0x0800604c                _malloc_r
 .text.__malloc_lock
                0x0800614c        0xc C:/ST/STM32CubeIDE_1.18.1/STM32CubeIDE/plugins/com.st.stm32cube.ide.mcu.externaltools.gnu-tools-for-stm32.13.3.rel1.win32_1.0.0.202411081344/tools/bin/../lib/gcc/arm-none-eabi/13.3.1/../../../../arm-none-eabi/lib/thumb/v7e-m+fp/hard\libc_nano.a(libc_a-mlock.o)
                0x0800614c                __malloc_lock
 .text.__malloc_unlock
                0x08006158        0xc C:/ST/STM32CubeIDE_1.18.1/STM32CubeIDE/plugins/com.st.stm32cube.ide.mcu.externaltools.gnu-tools-for-stm32.13.3.rel1.win32_1.0.0.202411081344/tools/bin/../lib/gcc/arm-none-eabi/13.3.1/../../../../arm-none-eabi/lib/thumb/v7e-m+fp/hard\libc_nano.a(libc_a-mlock.o)
                0x08006158                __malloc_unlock
 .text.__ssputs_r
                0x08006164       0xb6 C:/ST/STM32CubeIDE_1.18.1/STM32CubeIDE/plugins/com.st.stm32cube.ide.mcu.externaltools.gnu-tools-for-stm32.13.3.rel1.win32_1.0.0.202411081344/tools/bin/../lib/gcc/arm-none-eabi/13.3.1/../../../../arm-none-eabi/lib/thumb/v7e-m+fp/hard\libc_nano.a(libc_a-nano-svfprintf.o)
                0x08006164                __ssputs_r
 *fill*         0x0800621a        0x2 
 .text._svfprintf_r
                0x0800621c      0x1f8 C:/ST/STM32CubeIDE_1.18.1/STM32CubeIDE/plugins/com.st.stm32cube.ide.mcu.externaltools.gnu-tools-for-stm32.13.3.rel1.win32_1.0.0.202411081344/tools/bin/../lib/gcc/arm-none-eabi/13.3.1/../../../../arm-none-eabi/lib/thumb/v7e-m+fp/hard\libc_nano.a(libc_a-nano-svfprintf.o)
                0x0800621c                _svfiprintf_r
                0x0800621c                _svfprintf_r
 .text._printf_common
                0x08006414       0xda C:/ST/STM32CubeIDE_1.18.1/STM32CubeIDE/plugins/com.st.stm32cube.ide.mcu.externaltools.gnu-tools-for-stm32.13.3.rel1.win32_1.0.0.202411081344/tools/bin/../lib/gcc/arm-none-eabi/13.3.1/../../../../arm-none-eabi/lib/thumb/v7e-m+fp/hard\libc_nano.a(libc_a-nano-vfprintf_i.o)
                0x08006414                _printf_common
 *fill*         0x080064ee        0x2 
 .text._printf_i
                0x080064f0      0x23c C:/ST/STM32CubeIDE_1.18.1/STM32CubeIDE/plugins/com.st.stm32cube.ide.mcu.externaltools.gnu-tools-for-stm32.13.3.rel1.win32_1.0.0.202411081344/tools/bin/../lib/gcc/arm-none-eabi/13.3.1/../../../../arm-none-eabi/lib/thumb/v7e-m+fp/hard\libc_nano.a(libc_a-nano-vfprintf_i.o)
                0x080064f0                _printf_i
 .text.memmove  0x0800672c       0x34 C:/ST/STM32CubeIDE_1.18.1/STM32CubeIDE/plugins/com.st.stm32cube.ide.mcu.externaltools.gnu-tools-for-stm32.13.3.rel1.win32_1.0.0.202411081344/tools/bin/../lib/gcc/arm-none-eabi/13.3.1/../../../../arm-none-eabi/lib/thumb/v7e-m+fp/hard\libc_nano.a(libc_a-memmove.o)
                0x0800672c                memmove
 .text._sbrk_r  0x08006760       0x20 C:/ST/STM32CubeIDE_1.18.1/STM32CubeIDE/plugins/com.st.stm32cube.ide.mcu.externaltools.gnu-tools-for-stm32.13.3.rel1.win32_1.0.0.202411081344/tools/bin/../lib/gcc/arm-none-eabi/13.3.1/../../../../arm-none-eabi/lib/thumb/v7e-m+fp/hard\libc_nano.a(libc_a-sbrkr.o)
                0x08006760                _sbrk_r
 .text.memcpy   0x08006780       0x1c C:/ST/STM32CubeIDE_1.18.1/STM32CubeIDE/plugins/com.st.stm32cube.ide.mcu.externaltools.gnu-tools-for-stm32.13.3.rel1.win32_1.0.0.202411081344/tools/bin/../lib/gcc/arm-none-eabi/13.3.1/../../../../arm-none-eabi/lib/thumb/v7e-m+fp/hard\libc_nano.a(libc_a-memcpy-stub.o)
                0x08006780                memcpy
 .text._realloc_r
                0x0800679c       0x5c C:/ST/STM32CubeIDE_1.18.1/STM32CubeIDE/plugins/com.st.stm32cube.ide.mcu.externaltools.gnu-tools-for-stm32.13.3.rel1.win32_1.0.0.202411081344/tools/bin/../lib/gcc/arm-none-eabi/13.3.1/../../../../arm-none-eabi/lib/thumb/v7e-m+fp/hard\libc_nano.a(libc_a-reallocr.o)
                0x0800679c                _realloc_r
 .text._malloc_usable_size_r
                0x080067f8       0x10 C:/ST/STM32CubeIDE_1.18.1/STM32CubeIDE/plugins/com.st.stm32cube.ide.mcu.externaltools.gnu-tools-for-stm32.13.3.rel1.win32_1.0.0.202411081344/tools/bin/../lib/gcc/arm-none-eabi/13.3.1/../../../../arm-none-eabi/lib/thumb/v7e-m+fp/hard\libc_nano.a(libc_a-msizer.o)
                0x080067f8                _malloc_usable_size_r
 *(.glue_7)
 .glue_7        0x08006808        0x0 linker stubs
 *(.glue_7t)
 .glue_7t       0x08006808        0x0 linker stubs
 *(.eh_frame)
 .eh_frame      0x08006808        0x0 C:/ST/STM32CubeIDE_1.18.1/STM32CubeIDE/plugins/com.st.stm32cube.ide.mcu.externaltools.gnu-tools-for-stm32.13.3.rel1.win32_1.0.0.202411081344/tools/bin/../lib/gcc/arm-none-eabi/13.3.1/thumb/v7e-m+fp/hard/crtbegin.o
 *(.init)
 .init          0x08006808        0x4 C:/ST/STM32CubeIDE_1.18.1/STM32CubeIDE/plugins/com.st.stm32cube.ide.mcu.externaltools.gnu-tools-for-stm32.13.3.rel1.win32_1.0.0.202411081344/tools/bin/../lib/gcc/arm-none-eabi/13.3.1/thumb/v7e-m+fp/hard/crti.o
                0x08006808                _init
 .init          0x0800680c        0x8 C:/ST/STM32CubeIDE_1.18.1/STM32CubeIDE/plugins/com.st.stm32cube.ide.mcu.externaltools.gnu-tools-for-stm32.13.3.rel1.win32_1.0.0.202411081344/tools/bin/../lib/gcc/arm-none-eabi/13.3.1/thumb/v7e-m+fp/hard/crtn.o
 *(.fini)
 .fini          0x08006814        0x4 C:/ST/STM32CubeIDE_1.18.1/STM32CubeIDE/plugins/com.st.stm32cube.ide.mcu.externaltools.gnu-tools-for-stm32.13.3.rel1.win32_1.0.0.202411081344/tools/bin/../lib/gcc/arm-none-eabi/13.3.1/thumb/v7e-m+fp/hard/crti.o
                0x08006814                _fini
 .fini          0x08006818        0x8 C:/ST/STM32CubeIDE_1.18.1/STM32CubeIDE/plugins/com.st.stm32cube.ide.mcu.externaltools.gnu-tools-for-stm32.13.3.rel1.win32_1.0.0.202411081344/tools/bin/../lib/gcc/arm-none-eabi/13.3.1/thumb/v7e-m+fp/hard/crtn.o
                0x08006820                        . = ALIGN (0x4)
                0x08006820                        _etext = .

.vfp11_veneer   0x08006820        0x0
 .vfp11_veneer  0x08006820        0x0 linker stubs

.v4_bx          0x08006820        0x0
 .v4_bx         0x08006820        0x0 linker stubs

.iplt           0x08006820        0x0
 .iplt          0x08006820        0x0 C:/ST/STM32CubeIDE_1.18.1/STM32CubeIDE/plugins/com.st.stm32cube.ide.mcu.externaltools.gnu-tools-for-stm32.13.3.rel1.win32_1.0.0.202411081344/tools/bin/../lib/gcc/arm-none-eabi/13.3.1/thumb/v7e-m+fp/hard/crtbegin.o

.rodata         0x08006820      0x198
                0x08006820                        . = ALIGN (0x4)
 *(.rodata)
 .rodata        0x08006820       0x28 ./Core/ap/src/Listener.o
 .rodata        0x08006848      0x11e ./Core/ap/src/Presenter.o
 *(.rodata*)
 *fill*         0x08006966        0x2 
 .rodata.AHBPrescTable
                0x08006968       0x10 ./Core/Src/system_stm32f4xx.o
                0x08006968                AHBPrescTable
 .rodata.APBPrescTable
                0x08006978        0x8 ./Core/Src/system_stm32f4xx.o
                0x08006978                APBPrescTable
 .rodata.correctPassword
                0x08006980        0x5 ./Core/ap/src/Listener.o
 .rodata._svfprintf_r.str1.1
                0x08006985       0x33 C:/ST/STM32CubeIDE_1.18.1/STM32CubeIDE/plugins/com.st.stm32cube.ide.mcu.externaltools.gnu-tools-for-stm32.13.3.rel1.win32_1.0.0.202411081344/tools/bin/../lib/gcc/arm-none-eabi/13.3.1/../../../../arm-none-eabi/lib/thumb/v7e-m+fp/hard\libc_nano.a(libc_a-nano-svfprintf.o)
                                 0x11 (size before relaxing)
 .rodata._printf_i.str1.1
                0x080069b8       0x22 C:/ST/STM32CubeIDE_1.18.1/STM32CubeIDE/plugins/com.st.stm32cube.ide.mcu.externaltools.gnu-tools-for-stm32.13.3.rel1.win32_1.0.0.202411081344/tools/bin/../lib/gcc/arm-none-eabi/13.3.1/../../../../arm-none-eabi/lib/thumb/v7e-m+fp/hard\libc_nano.a(libc_a-nano-vfprintf_i.o)
                0x080069dc                        . = ALIGN (0x4)

.ARM.extab      0x080069b8        0x0
                0x080069b8                        . = ALIGN (0x4)
 *(.ARM.extab* .gnu.linkonce.armextab.*)
                0x080069b8                        . = ALIGN (0x4)

.ARM            0x080069b8        0x8
                0x080069b8                        . = ALIGN (0x4)
                0x080069b8                        __exidx_start = .
 *(.ARM.exidx*)
 .ARM.exidx     0x080069b8        0x8 C:/ST/STM32CubeIDE_1.18.1/STM32CubeIDE/plugins/com.st.stm32cube.ide.mcu.externaltools.gnu-tools-for-stm32.13.3.rel1.win32_1.0.0.202411081344/tools/bin/../lib/gcc/arm-none-eabi/13.3.1/../../../../arm-none-eabi/lib/thumb/v7e-m+fp/hard\libc_nano.a(libc_a-strcmp.o)
 .ARM.exidx     0x080069c0        0x0 C:/ST/STM32CubeIDE_1.18.1/STM32CubeIDE/plugins/com.st.stm32cube.ide.mcu.externaltools.gnu-tools-for-stm32.13.3.rel1.win32_1.0.0.202411081344/tools/bin/../lib/gcc/arm-none-eabi/13.3.1/../../../../arm-none-eabi/lib/thumb/v7e-m+fp/hard\libc_nano.a(libc_a-strlen.o)
                                  0x8 (size before relaxing)
 .ARM.exidx     0x080069c0        0x0 C:/ST/STM32CubeIDE_1.18.1/STM32CubeIDE/plugins/com.st.stm32cube.ide.mcu.externaltools.gnu-tools-for-stm32.13.3.rel1.win32_1.0.0.202411081344/tools/bin/../lib/gcc/arm-none-eabi/13.3.1/../../../../arm-none-eabi/lib/thumb/v7e-m+fp/hard\libc_nano.a(libc_a-memchr.o)
                                  0x8 (size before relaxing)
 .ARM.exidx     0x080069c0        0x0 C:/ST/STM32CubeIDE_1.18.1/STM32CubeIDE/plugins/com.st.stm32cube.ide.mcu.externaltools.gnu-tools-for-stm32.13.3.rel1.win32_1.0.0.202411081344/tools/bin/../lib/gcc/arm-none-eabi/13.3.1/thumb/v7e-m+fp/hard\libgcc.a(_udivmoddi4.o)
                                  0x8 (size before relaxing)
                0x080069c0                        __exidx_end = .
                0x080069c0                        . = ALIGN (0x4)

.preinit_array  0x080069c0        0x0
                0x080069c0                        . = ALIGN (0x4)
                0x080069c0                        PROVIDE (__preinit_array_start = .)
 *(.preinit_array*)
                0x080069c0                        PROVIDE (__preinit_array_end = .)
                0x080069c0                        . = ALIGN (0x4)

.init_array     0x080069c0        0x4
                0x080069c0                        . = ALIGN (0x4)
                0x080069c0                        PROVIDE (__init_array_start = .)
 *(SORT_BY_NAME(.init_array.*))
 *(.init_array*)
 .init_array    0x080069c0        0x4 C:/ST/STM32CubeIDE_1.18.1/STM32CubeIDE/plugins/com.st.stm32cube.ide.mcu.externaltools.gnu-tools-for-stm32.13.3.rel1.win32_1.0.0.202411081344/tools/bin/../lib/gcc/arm-none-eabi/13.3.1/thumb/v7e-m+fp/hard/crtbegin.o
                0x080069c4                        PROVIDE (__init_array_end = .)
                0x080069c4                        . = ALIGN (0x4)

.fini_array     0x080069c4        0x4
                0x080069c4                        . = ALIGN (0x4)
                [!provide]                        PROVIDE (__fini_array_start = .)
 *(SORT_BY_NAME(.fini_array.*))
 *(.fini_array*)
 .fini_array    0x080069c4        0x4 C:/ST/STM32CubeIDE_1.18.1/STM32CubeIDE/plugins/com.st.stm32cube.ide.mcu.externaltools.gnu-tools-for-stm32.13.3.rel1.win32_1.0.0.202411081344/tools/bin/../lib/gcc/arm-none-eabi/13.3.1/thumb/v7e-m+fp/hard/crtbegin.o
                [!provide]                        PROVIDE (__fini_array_end = .)
                0x080069c8                        . = ALIGN (0x4)
                0x080069c8                        _sidata = LOADADDR (.data)

.rel.dyn        0x080069c8        0x0
 .rel.iplt      0x080069c8        0x0 C:/ST/STM32CubeIDE_1.18.1/STM32CubeIDE/plugins/com.st.stm32cube.ide.mcu.externaltools.gnu-tools-for-stm32.13.3.rel1.win32_1.0.0.202411081344/tools/bin/../lib/gcc/arm-none-eabi/13.3.1/thumb/v7e-m+fp/hard/crtbegin.o

.data           0x20000000       0x6c load address 0x080069c8
                0x20000000                        . = ALIGN (0x4)
                0x20000000                        _sdata = .
 *(.data)
 *(.data*)
 .data.SystemCoreClock
                0x20000000        0x4 ./Core/Src/system_stm32f4xx.o
                0x20000000                SystemCoreClock
 .data.stopWatch
                0x20000004        0x6 ./Core/ap/src/stopWatch.o
 *fill*         0x2000000a        0x2 
 .data.timeWatch
                0x2000000c        0x6 ./Core/ap/src/timeWatch.o
 *fill*         0x20000012        0x2 
 .data.uwTickPrio
                0x20000014        0x4 ./Drivers/STM32F4xx_HAL_Driver/Src/stm32f4xx_hal.o
                0x20000014                uwTickPrio
 .data.uwTickFreq
                0x20000018        0x1 ./Drivers/STM32F4xx_HAL_Driver/Src/stm32f4xx_hal.o
                0x20000018                uwTickFreq
 *fill*         0x20000019        0x3 
 .data._impure_ptr
                0x2000001c        0x4 C:/ST/STM32CubeIDE_1.18.1/STM32CubeIDE/plugins/com.st.stm32cube.ide.mcu.externaltools.gnu-tools-for-stm32.13.3.rel1.win32_1.0.0.202411081344/tools/bin/../lib/gcc/arm-none-eabi/13.3.1/../../../../arm-none-eabi/lib/thumb/v7e-m+fp/hard\libc_nano.a(libc_a-impure.o)
                0x2000001c                _impure_ptr
 .data._impure_data
                0x20000020       0x4c C:/ST/STM32CubeIDE_1.18.1/STM32CubeIDE/plugins/com.st.stm32cube.ide.mcu.externaltools.gnu-tools-for-stm32.13.3.rel1.win32_1.0.0.202411081344/tools/bin/../lib/gcc/arm-none-eabi/13.3.1/../../../../arm-none-eabi/lib/thumb/v7e-m+fp/hard\libc_nano.a(libc_a-impure.o)
                0x20000020                _impure_data
 *(.RamFunc)
 *(.RamFunc*)
                0x2000006c                        . = ALIGN (0x4)
                0x2000006c                        _edata = .

.igot.plt       0x2000006c        0x0 load address 0x08006a34
 .igot.plt      0x2000006c        0x0 C:/ST/STM32CubeIDE_1.18.1/STM32CubeIDE/plugins/com.st.stm32cube.ide.mcu.externaltools.gnu-tools-for-stm32.13.3.rel1.win32_1.0.0.202411081344/tools/bin/../lib/gcc/arm-none-eabi/13.3.1/thumb/v7e-m+fp/hard/crtbegin.o
                0x2000006c                        . = ALIGN (0x4)

.bss            0x2000006c      0x3a4 load address 0x08006a34
                0x2000006c                        _sbss = .
                0x2000006c                        __bss_start__ = _sbss
 *(.bss)
 .bss           0x2000006c       0x1c C:/ST/STM32CubeIDE_1.18.1/STM32CubeIDE/plugins/com.st.stm32cube.ide.mcu.externaltools.gnu-tools-for-stm32.13.3.rel1.win32_1.0.0.202411081344/tools/bin/../lib/gcc/arm-none-eabi/13.3.1/thumb/v7e-m+fp/hard/crtbegin.o
 *(.bss*)
 .bss.hi2c1     0x20000088       0x54 ./Core/Src/i2c.o
                0x20000088                hi2c1
 .bss.__sbrk_heap_end
                0x200000dc        0x4 ./Core/Src/sysmem.o
 .bss.htim1     0x200000e0       0x48 ./Core/Src/tim.o
                0x200000e0                htim1
 .bss.htim2     0x20000128       0x48 ./Core/Src/tim.o
                0x20000128                htim2
 .bss.htim3     0x20000170       0x48 ./Core/Src/tim.o
                0x20000170                htim3
 .bss.huart2    0x200001b8       0x48 ./Core/Src/usart.o
                0x200001b8                huart2
 .bss.stateData
                0x20000200        0x1 ./Core/ap/src/Controller.o
                0x20000200                stateData
 *fill*         0x20000201        0x3 
 .bss.controlData
                0x20000204        0x8 ./Core/ap/src/Controller.o
                0x20000204                controlData
 .bss.modeState
                0x2000020c        0x1 ./Core/ap/src/Controller.o
 .bss.rcvData   0x2000020d        0x1 ./Core/ap/src/Listener.o
 *fill*         0x2000020e        0x2 
 .bss.uartRxQue
                0x20000210       0x18 ./Core/ap/src/Listener.o
 .bss.inputData
                0x20000228        0x8 ./Core/ap/src/Listener.o
 .bss.bufPos    0x20000230        0x4 ./Core/ap/src/Listener.o
                0x20000230                bufPos
 .bss.uartBuffer
                0x20000234        0x5 ./Core/ap/src/Listener.o
                0x20000234                uartBuffer
 *fill*         0x20000239        0x3 
 .bss.prevChkBtnTime.0
                0x2000023c        0x4 ./Core/ap/src/Listener.o
 .bss.ultraState1
                0x20000240        0x1 ./Core/ap/src/Presenter.o
 *fill*         0x20000241        0x3 
 .bss.ultraData
                0x20000244        0x8 ./Core/ap/src/Presenter.o
 .bss.shown_ing
                0x2000024c        0x4 ./Core/ap/src/Presenter.o
 .bss.shown_open
                0x20000250        0x4 ./Core/ap/src/Presenter.o
 .bss.shown_fail
                0x20000254        0x4 ./Core/ap/src/Presenter.o
 .bss.uart_count.5
                0x20000258        0x4 ./Core/ap/src/Presenter.o
 .bss.prompt_shown.4
                0x2000025c        0x1 ./Core/ap/src/Presenter.o
 *fill*         0x2000025d        0x3 
 .bss.uart_count.3
                0x20000260        0x4 ./Core/ap/src/Presenter.o
 .bss.shown_ing.2
                0x20000264        0x1 ./Core/ap/src/Presenter.o
 .bss.shown_fail.1
                0x20000265        0x1 ./Core/ap/src/Presenter.o
 .bss.shown_open.0
                0x20000266        0x1 ./Core/ap/src/Presenter.o
 .bss.securityState
                0x20000267        0x1 ./Core/ap/src/Security.o
 .bss.ultra     0x20000268        0x8 ./Core/ap/src/Security.o
 .bss.ultra     0x20000270        0x8 ./Core/ap/src/UltraRun.o
                0x20000270                ultra
 .bss.Ultra_done
                0x20000278        0x1 ./Core/ap/src/UltraRun.o
                0x20000278                Ultra_done
 *fill*         0x20000279        0x3 
 .bss.counter.0
                0x2000027c        0x4 ./Core/ap/src/UltraRun.o
 .bss.login_stateData
                0x20000280        0x1 ./Core/ap/src/login.o
                0x20000280                login_stateData
 *fill*         0x20000281        0x3 
 .bss.login_controldata
                0x20000284        0xc ./Core/ap/src/login.o
                0x20000284                login_controldata
 .bss.openStartTick
                0x20000290        0x4 ./Core/ap/src/login.o
 .bss.failStartTick
                0x20000294        0x4 ./Core/ap/src/login.o
 .bss.stopWatchState
                0x20000298        0x1 ./Core/ap/src/stopWatch.o
 *fill*         0x20000299        0x3 
 .bss.hBtnMode  0x2000029c        0xc ./Core/driver/Button/Button.o
                0x2000029c                hBtnMode
 .bss.hbuzzerTim
                0x200002a8        0x4 ./Core/driver/Buzzer/Buzzer.o
 .bss.buzzerTimChannel
                0x200002ac        0x4 ./Core/driver/Buzzer/Buzzer.o
 .bss.lcdData   0x200002b0        0x1 ./Core/driver/LCD/lcd.o
 *fill*         0x200002b1        0x3 
 .bss.hLcdI2C   0x200002b4        0x4 ./Core/driver/LCD/lcd.o
 .bss.hmotorTim
                0x200002b8        0x4 ./Core/driver/Motor/Motor.o
 .bss.motorTimChannel
                0x200002bc        0x4 ./Core/driver/Motor/Motor.o
 .bss.distance  0x200002c0        0x2 ./Core/driver/Ultra/Ultra.o
                0x200002c0                distance
 *fill*         0x200002c2        0x2 
 .bss.uwTick    0x200002c4        0x4 ./Drivers/STM32F4xx_HAL_Driver/Src/stm32f4xx_hal.o
                0x200002c4                uwTick
 .bss.__sf      0x200002c8      0x138 C:/ST/STM32CubeIDE_1.18.1/STM32CubeIDE/plugins/com.st.stm32cube.ide.mcu.externaltools.gnu-tools-for-stm32.13.3.rel1.win32_1.0.0.202411081344/tools/bin/../lib/gcc/arm-none-eabi/13.3.1/../../../../arm-none-eabi/lib/thumb/v7e-m+fp/hard\libc_nano.a(libc_a-findfp.o)
                0x200002c8                __sf
 .bss.errno     0x20000400        0x4 C:/ST/STM32CubeIDE_1.18.1/STM32CubeIDE/plugins/com.st.stm32cube.ide.mcu.externaltools.gnu-tools-for-stm32.13.3.rel1.win32_1.0.0.202411081344/tools/bin/../lib/gcc/arm-none-eabi/13.3.1/../../../../arm-none-eabi/lib/thumb/v7e-m+fp/hard\libc_nano.a(libc_a-reent.o)
                0x20000400                errno
 .bss.__lock___malloc_recursive_mutex
                0x20000404        0x1 C:/ST/STM32CubeIDE_1.18.1/STM32CubeIDE/plugins/com.st.stm32cube.ide.mcu.externaltools.gnu-tools-for-stm32.13.3.rel1.win32_1.0.0.202411081344/tools/bin/../lib/gcc/arm-none-eabi/13.3.1/../../../../arm-none-eabi/lib/thumb/v7e-m+fp/hard\libc_nano.a(libc_a-lock.o)
                0x20000404                __lock___malloc_recursive_mutex
 *fill*         0x20000405        0x3 
 .bss.__malloc_sbrk_start
                0x20000408        0x4 C:/ST/STM32CubeIDE_1.18.1/STM32CubeIDE/plugins/com.st.stm32cube.ide.mcu.externaltools.gnu-tools-for-stm32.13.3.rel1.win32_1.0.0.202411081344/tools/bin/../lib/gcc/arm-none-eabi/13.3.1/../../../../arm-none-eabi/lib/thumb/v7e-m+fp/hard\libc_nano.a(libc_a-mallocr.o)
                0x20000408                __malloc_sbrk_start
 .bss.__malloc_free_list
                0x2000040c        0x4 C:/ST/STM32CubeIDE_1.18.1/STM32CubeIDE/plugins/com.st.stm32cube.ide.mcu.externaltools.gnu-tools-for-stm32.13.3.rel1.win32_1.0.0.202411081344/tools/bin/../lib/gcc/arm-none-eabi/13.3.1/../../../../arm-none-eabi/lib/thumb/v7e-m+fp/hard\libc_nano.a(libc_a-mallocr.o)
                0x2000040c                __malloc_free_list
 *(COMMON)
                0x20000410                        . = ALIGN (0x4)
                0x20000410                        _ebss = .
                0x20000410                        __bss_end__ = _ebss

._user_heap_stack
                0x20000410      0x600 load address 0x08006a34
                0x20000410                        . = ALIGN (0x8)
                [!provide]                        PROVIDE (end = .)
                0x20000410                        PROVIDE (_end = .)
                0x20000610                        . = (. + _Min_Heap_Size)
 *fill*         0x20000410      0x200 
                0x20000a10                        . = (. + _Min_Stack_Size)
 *fill*         0x20000610      0x400 
                0x20000a10                        . = ALIGN (0x8)

/DISCARD/
 libc.a(*)
 libm.a(*)
 libgcc.a(*)

.ARM.attributes
                0x00000000       0x30
 *(.ARM.attributes)
 .ARM.attributes
                0x00000000       0x22 C:/ST/STM32CubeIDE_1.18.1/STM32CubeIDE/plugins/com.st.stm32cube.ide.mcu.externaltools.gnu-tools-for-stm32.13.3.rel1.win32_1.0.0.202411081344/tools/bin/../lib/gcc/arm-none-eabi/13.3.1/thumb/v7e-m+fp/hard/crti.o
 .ARM.attributes
                0x00000022       0x34 C:/ST/STM32CubeIDE_1.18.1/STM32CubeIDE/plugins/com.st.stm32cube.ide.mcu.externaltools.gnu-tools-for-stm32.13.3.rel1.win32_1.0.0.202411081344/tools/bin/../lib/gcc/arm-none-eabi/13.3.1/thumb/v7e-m+fp/hard/crtbegin.o
 .ARM.attributes
                0x00000056       0x34 ./Core/Src/gpio.o
 .ARM.attributes
                0x0000008a       0x34 ./Core/Src/i2c.o
 .ARM.attributes
                0x000000be       0x34 ./Core/Src/main.o
 .ARM.attributes
                0x000000f2       0x34 ./Core/Src/stm32f4xx_hal_msp.o
 .ARM.attributes
                0x00000126       0x34 ./Core/Src/stm32f4xx_it.o
 .ARM.attributes
                0x0000015a       0x34 ./Core/Src/sysmem.o
 .ARM.attributes
                0x0000018e       0x34 ./Core/Src/system_stm32f4xx.o
 .ARM.attributes
                0x000001c2       0x34 ./Core/Src/tim.o
 .ARM.attributes
                0x000001f6       0x34 ./Core/Src/usart.o
 .ARM.attributes
                0x0000022a       0x21 ./Core/Startup/startup_stm32f411retx.o
 .ARM.attributes
                0x0000024b       0x34 ./Core/ap/src/Controller.o
 .ARM.attributes
                0x0000027f       0x34 ./Core/ap/src/Listener.o
 .ARM.attributes
                0x000002b3       0x34 ./Core/ap/src/MotorRun.o
 .ARM.attributes
                0x000002e7       0x34 ./Core/ap/src/Presenter.o
 .ARM.attributes
                0x0000031b       0x34 ./Core/ap/src/Security.o
 .ARM.attributes
                0x0000034f       0x34 ./Core/ap/src/Sound.o
 .ARM.attributes
                0x00000383       0x34 ./Core/ap/src/UltraRun.o
 .ARM.attributes
                0x000003b7       0x34 ./Core/ap/src/ap_main.o
 .ARM.attributes
                0x000003eb       0x34 ./Core/ap/src/login.o
 .ARM.attributes
                0x0000041f       0x34 ./Core/ap/src/queue.o
 .ARM.attributes
                0x00000453       0x34 ./Core/ap/src/stopWatch.o
 .ARM.attributes
                0x00000487       0x34 ./Core/ap/src/timeWatch.o
 .ARM.attributes
                0x000004bb       0x34 ./Core/driver/Button/Button.o
 .ARM.attributes
                0x000004ef       0x34 ./Core/driver/Buzzer/Buzzer.o
 .ARM.attributes
                0x00000523       0x34 ./Core/driver/LCD/lcd.o
 .ARM.attributes
                0x00000557       0x34 ./Core/driver/Motor/Motor.o
 .ARM.attributes
                0x0000058b       0x34 ./Core/driver/Ultra/Ultra.o
 .ARM.attributes
                0x000005bf       0x34 ./Drivers/STM32F4xx_HAL_Driver/Src/stm32f4xx_hal.o
 .ARM.attributes
                0x000005f3       0x34 ./Drivers/STM32F4xx_HAL_Driver/Src/stm32f4xx_hal_cortex.o
 .ARM.attributes
                0x00000627       0x34 ./Drivers/STM32F4xx_HAL_Driver/Src/stm32f4xx_hal_dma.o
 .ARM.attributes
                0x0000065b       0x34 ./Drivers/STM32F4xx_HAL_Driver/Src/stm32f4xx_hal_gpio.o
 .ARM.attributes
                0x0000068f       0x34 ./Drivers/STM32F4xx_HAL_Driver/Src/stm32f4xx_hal_i2c.o
 .ARM.attributes
                0x000006c3       0x34 ./Drivers/STM32F4xx_HAL_Driver/Src/stm32f4xx_hal_rcc.o
 .ARM.attributes
                0x000006f7       0x34 ./Drivers/STM32F4xx_HAL_Driver/Src/stm32f4xx_hal_tim.o
 .ARM.attributes
                0x0000072b       0x34 ./Drivers/STM32F4xx_HAL_Driver/Src/stm32f4xx_hal_tim_ex.o
 .ARM.attributes
                0x0000075f       0x34 ./Drivers/STM32F4xx_HAL_Driver/Src/stm32f4xx_hal_uart.o
 .ARM.attributes
                0x00000793       0x34 C:/ST/STM32CubeIDE_1.18.1/STM32CubeIDE/plugins/com.st.stm32cube.ide.mcu.externaltools.gnu-tools-for-stm32.13.3.rel1.win32_1.0.0.202411081344/tools/bin/../lib/gcc/arm-none-eabi/13.3.1/../../../../arm-none-eabi/lib/thumb/v7e-m+fp/hard\libc_nano.a(libc_a-findfp.o)
 .ARM.attributes
                0x000007c7       0x34 C:/ST/STM32CubeIDE_1.18.1/STM32CubeIDE/plugins/com.st.stm32cube.ide.mcu.externaltools.gnu-tools-for-stm32.13.3.rel1.win32_1.0.0.202411081344/tools/bin/../lib/gcc/arm-none-eabi/13.3.1/../../../../arm-none-eabi/lib/thumb/v7e-m+fp/hard\libc_nano.a(libc_a-sprintf.o)
 .ARM.attributes
                0x000007fb       0x34 C:/ST/STM32CubeIDE_1.18.1/STM32CubeIDE/plugins/com.st.stm32cube.ide.mcu.externaltools.gnu-tools-for-stm32.13.3.rel1.win32_1.0.0.202411081344/tools/bin/../lib/gcc/arm-none-eabi/13.3.1/../../../../arm-none-eabi/lib/thumb/v7e-m+fp/hard\libc_nano.a(libc_a-memset.o)
 .ARM.attributes
                0x0000082f       0x34 C:/ST/STM32CubeIDE_1.18.1/STM32CubeIDE/plugins/com.st.stm32cube.ide.mcu.externaltools.gnu-tools-for-stm32.13.3.rel1.win32_1.0.0.202411081344/tools/bin/../lib/gcc/arm-none-eabi/13.3.1/../../../../arm-none-eabi/lib/thumb/v7e-m+fp/hard\libc_nano.a(libc_a-reent.o)
 .ARM.attributes
                0x00000863       0x34 C:/ST/STM32CubeIDE_1.18.1/STM32CubeIDE/plugins/com.st.stm32cube.ide.mcu.externaltools.gnu-tools-for-stm32.13.3.rel1.win32_1.0.0.202411081344/tools/bin/../lib/gcc/arm-none-eabi/13.3.1/../../../../arm-none-eabi/lib/thumb/v7e-m+fp/hard\libc_nano.a(libc_a-impure.o)
 .ARM.attributes
                0x00000897       0x34 C:/ST/STM32CubeIDE_1.18.1/STM32CubeIDE/plugins/com.st.stm32cube.ide.mcu.externaltools.gnu-tools-for-stm32.13.3.rel1.win32_1.0.0.202411081344/tools/bin/../lib/gcc/arm-none-eabi/13.3.1/../../../../arm-none-eabi/lib/thumb/v7e-m+fp/hard\libc_nano.a(libc_a-errno.o)
 .ARM.attributes
                0x000008cb       0x34 C:/ST/STM32CubeIDE_1.18.1/STM32CubeIDE/plugins/com.st.stm32cube.ide.mcu.externaltools.gnu-tools-for-stm32.13.3.rel1.win32_1.0.0.202411081344/tools/bin/../lib/gcc/arm-none-eabi/13.3.1/../../../../arm-none-eabi/lib/thumb/v7e-m+fp/hard\libc_nano.a(libc_a-init.o)
 .ARM.attributes
                0x000008ff       0x34 C:/ST/STM32CubeIDE_1.18.1/STM32CubeIDE/plugins/com.st.stm32cube.ide.mcu.externaltools.gnu-tools-for-stm32.13.3.rel1.win32_1.0.0.202411081344/tools/bin/../lib/gcc/arm-none-eabi/13.3.1/../../../../arm-none-eabi/lib/thumb/v7e-m+fp/hard\libc_nano.a(libc_a-lock.o)
 .ARM.attributes
                0x00000933       0x20 C:/ST/STM32CubeIDE_1.18.1/STM32CubeIDE/plugins/com.st.stm32cube.ide.mcu.externaltools.gnu-tools-for-stm32.13.3.rel1.win32_1.0.0.202411081344/tools/bin/../lib/gcc/arm-none-eabi/13.3.1/../../../../arm-none-eabi/lib/thumb/v7e-m+fp/hard\libc_nano.a(libc_a-strcmp.o)
 .ARM.attributes
                0x00000953       0x17 C:/ST/STM32CubeIDE_1.18.1/STM32CubeIDE/plugins/com.st.stm32cube.ide.mcu.externaltools.gnu-tools-for-stm32.13.3.rel1.win32_1.0.0.202411081344/tools/bin/../lib/gcc/arm-none-eabi/13.3.1/../../../../arm-none-eabi/lib/thumb/v7e-m+fp/hard\libc_nano.a(libc_a-strlen.o)
 .ARM.attributes
                0x0000096a       0x34 C:/ST/STM32CubeIDE_1.18.1/STM32CubeIDE/plugins/com.st.stm32cube.ide.mcu.externaltools.gnu-tools-for-stm32.13.3.rel1.win32_1.0.0.202411081344/tools/bin/../lib/gcc/arm-none-eabi/13.3.1/../../../../arm-none-eabi/lib/thumb/v7e-m+fp/hard\libc_nano.a(libc_a-freer.o)
 .ARM.attributes
                0x0000099e       0x34 C:/ST/STM32CubeIDE_1.18.1/STM32CubeIDE/plugins/com.st.stm32cube.ide.mcu.externaltools.gnu-tools-for-stm32.13.3.rel1.win32_1.0.0.202411081344/tools/bin/../lib/gcc/arm-none-eabi/13.3.1/../../../../arm-none-eabi/lib/thumb/v7e-m+fp/hard\libc_nano.a(libc_a-mallocr.o)
 .ARM.attributes
                0x000009d2       0x34 C:/ST/STM32CubeIDE_1.18.1/STM32CubeIDE/plugins/com.st.stm32cube.ide.mcu.externaltools.gnu-tools-for-stm32.13.3.rel1.win32_1.0.0.202411081344/tools/bin/../lib/gcc/arm-none-eabi/13.3.1/../../../../arm-none-eabi/lib/thumb/v7e-m+fp/hard\libc_nano.a(libc_a-mlock.o)
 .ARM.attributes
                0x00000a06       0x34 C:/ST/STM32CubeIDE_1.18.1/STM32CubeIDE/plugins/com.st.stm32cube.ide.mcu.externaltools.gnu-tools-for-stm32.13.3.rel1.win32_1.0.0.202411081344/tools/bin/../lib/gcc/arm-none-eabi/13.3.1/../../../../arm-none-eabi/lib/thumb/v7e-m+fp/hard\libc_nano.a(libc_a-nano-svfprintf.o)
 .ARM.attributes
                0x00000a3a       0x34 C:/ST/STM32CubeIDE_1.18.1/STM32CubeIDE/plugins/com.st.stm32cube.ide.mcu.externaltools.gnu-tools-for-stm32.13.3.rel1.win32_1.0.0.202411081344/tools/bin/../lib/gcc/arm-none-eabi/13.3.1/../../../../arm-none-eabi/lib/thumb/v7e-m+fp/hard\libc_nano.a(libc_a-nano-vfprintf_i.o)
 .ARM.attributes
                0x00000a6e       0x34 C:/ST/STM32CubeIDE_1.18.1/STM32CubeIDE/plugins/com.st.stm32cube.ide.mcu.externaltools.gnu-tools-for-stm32.13.3.rel1.win32_1.0.0.202411081344/tools/bin/../lib/gcc/arm-none-eabi/13.3.1/../../../../arm-none-eabi/lib/thumb/v7e-m+fp/hard\libc_nano.a(libc_a-memmove.o)
 .ARM.attributes
                0x00000aa2       0x34 C:/ST/STM32CubeIDE_1.18.1/STM32CubeIDE/plugins/com.st.stm32cube.ide.mcu.externaltools.gnu-tools-for-stm32.13.3.rel1.win32_1.0.0.202411081344/tools/bin/../lib/gcc/arm-none-eabi/13.3.1/../../../../arm-none-eabi/lib/thumb/v7e-m+fp/hard\libc_nano.a(libc_a-sbrkr.o)
 .ARM.attributes
                0x00000ad6       0x1c C:/ST/STM32CubeIDE_1.18.1/STM32CubeIDE/plugins/com.st.stm32cube.ide.mcu.externaltools.gnu-tools-for-stm32.13.3.rel1.win32_1.0.0.202411081344/tools/bin/../lib/gcc/arm-none-eabi/13.3.1/../../../../arm-none-eabi/lib/thumb/v7e-m+fp/hard\libc_nano.a(libc_a-memchr.o)
 .ARM.attributes
                0x00000af2       0x34 C:/ST/STM32CubeIDE_1.18.1/STM32CubeIDE/plugins/com.st.stm32cube.ide.mcu.externaltools.gnu-tools-for-stm32.13.3.rel1.win32_1.0.0.202411081344/tools/bin/../lib/gcc/arm-none-eabi/13.3.1/../../../../arm-none-eabi/lib/thumb/v7e-m+fp/hard\libc_nano.a(libc_a-memcpy-stub.o)
 .ARM.attributes
                0x00000b26       0x34 C:/ST/STM32CubeIDE_1.18.1/STM32CubeIDE/plugins/com.st.stm32cube.ide.mcu.externaltools.gnu-tools-for-stm32.13.3.rel1.win32_1.0.0.202411081344/tools/bin/../lib/gcc/arm-none-eabi/13.3.1/../../../../arm-none-eabi/lib/thumb/v7e-m+fp/hard\libc_nano.a(libc_a-reallocr.o)
 .ARM.attributes
                0x00000b5a       0x34 C:/ST/STM32CubeIDE_1.18.1/STM32CubeIDE/plugins/com.st.stm32cube.ide.mcu.externaltools.gnu-tools-for-stm32.13.3.rel1.win32_1.0.0.202411081344/tools/bin/../lib/gcc/arm-none-eabi/13.3.1/../../../../arm-none-eabi/lib/thumb/v7e-m+fp/hard\libc_nano.a(libc_a-msizer.o)
 .ARM.attributes
                0x00000b8e       0x22 C:/ST/STM32CubeIDE_1.18.1/STM32CubeIDE/plugins/com.st.stm32cube.ide.mcu.externaltools.gnu-tools-for-stm32.13.3.rel1.win32_1.0.0.202411081344/tools/bin/../lib/gcc/arm-none-eabi/13.3.1/thumb/v7e-m+fp/hard\libgcc.a(_aeabi_uldivmod.o)
 .ARM.attributes
                0x00000bb0       0x34 C:/ST/STM32CubeIDE_1.18.1/STM32CubeIDE/plugins/com.st.stm32cube.ide.mcu.externaltools.gnu-tools-for-stm32.13.3.rel1.win32_1.0.0.202411081344/tools/bin/../lib/gcc/arm-none-eabi/13.3.1/thumb/v7e-m+fp/hard\libgcc.a(_udivmoddi4.o)
 .ARM.attributes
                0x00000be4       0x22 C:/ST/STM32CubeIDE_1.18.1/STM32CubeIDE/plugins/com.st.stm32cube.ide.mcu.externaltools.gnu-tools-for-stm32.13.3.rel1.win32_1.0.0.202411081344/tools/bin/../lib/gcc/arm-none-eabi/13.3.1/thumb/v7e-m+fp/hard\libgcc.a(_dvmd_tls.o)
 .ARM.attributes
                0x00000c06       0x22 C:/ST/STM32CubeIDE_1.18.1/STM32CubeIDE/plugins/com.st.stm32cube.ide.mcu.externaltools.gnu-tools-for-stm32.13.3.rel1.win32_1.0.0.202411081344/tools/bin/../lib/gcc/arm-none-eabi/13.3.1/thumb/v7e-m+fp/hard/crtn.o
OUTPUT(250630_Mini_Project.elf elf32-littlearm)
LOAD linker stubs
LOAD C:/ST/STM32CubeIDE_1.18.1/STM32CubeIDE/plugins/com.st.stm32cube.ide.mcu.externaltools.gnu-tools-for-stm32.13.3.rel1.win32_1.0.0.202411081344/tools/bin/../lib/gcc/arm-none-eabi/13.3.1/../../../../arm-none-eabi/lib/thumb/v7e-m+fp/hard\libc.a
LOAD C:/ST/STM32CubeIDE_1.18.1/STM32CubeIDE/plugins/com.st.stm32cube.ide.mcu.externaltools.gnu-tools-for-stm32.13.3.rel1.win32_1.0.0.202411081344/tools/bin/../lib/gcc/arm-none-eabi/13.3.1/../../../../arm-none-eabi/lib/thumb/v7e-m+fp/hard\libm.a
LOAD C:/ST/STM32CubeIDE_1.18.1/STM32CubeIDE/plugins/com.st.stm32cube.ide.mcu.externaltools.gnu-tools-for-stm32.13.3.rel1.win32_1.0.0.202411081344/tools/bin/../lib/gcc/arm-none-eabi/13.3.1/thumb/v7e-m+fp/hard\libgcc.a

.debug_info     0x00000000    0x166cf
 .debug_info    0x00000000      0x433 ./Core/Src/gpio.o
 .debug_info    0x00000433      0x9a5 ./Core/Src/i2c.o
 .debug_info    0x00000dd8      0x527 ./Core/Src/main.o
 .debug_info    0x000012ff      0x291 ./Core/Src/stm32f4xx_hal_msp.o
 .debug_info    0x00001590      0x984 ./Core/Src/stm32f4xx_it.o
 .debug_info    0x00001f14      0x168 ./Core/Src/sysmem.o
 .debug_info    0x0000207c      0x53e ./Core/Src/system_stm32f4xx.o
 .debug_info    0x000025ba      0xf9c ./Core/Src/tim.o
 .debug_info    0x00003556      0xb2e ./Core/Src/usart.o
 .debug_info    0x00004084       0x30 ./Core/Startup/startup_stm32f411retx.o
 .debug_info    0x000040b4      0x242 ./Core/ap/src/Controller.o
 .debug_info    0x000042f6      0xad4 ./Core/ap/src/Listener.o
 .debug_info    0x00004dca      0x68f ./Core/ap/src/MotorRun.o
 .debug_info    0x00005459     0x1352 ./Core/ap/src/Presenter.o
 .debug_info    0x000067ab      0x1e6 ./Core/ap/src/Security.o
 .debug_info    0x00006991      0x6bf ./Core/ap/src/Sound.o
 .debug_info    0x00007050      0x1b0 ./Core/ap/src/UltraRun.o
 .debug_info    0x00007200      0x9cf ./Core/ap/src/ap_main.o
 .debug_info    0x00007bcf      0x343 ./Core/ap/src/login.o
 .debug_info    0x00007f12      0x1b9 ./Core/ap/src/queue.o
 .debug_info    0x000080cb      0x23b ./Core/ap/src/stopWatch.o
 .debug_info    0x00008306      0x160 ./Core/ap/src/timeWatch.o
 .debug_info    0x00008466      0x2d7 ./Core/driver/Button/Button.o
 .debug_info    0x0000873d      0x719 ./Core/driver/Buzzer/Buzzer.o
 .debug_info    0x00008e56      0x86f ./Core/driver/LCD/lcd.o
 .debug_info    0x000096c5      0x719 ./Core/driver/Motor/Motor.o
 .debug_info    0x00009dde      0x868 ./Core/driver/Ultra/Ultra.o
 .debug_info    0x0000a646      0x8c4 ./Drivers/STM32F4xx_HAL_Driver/Src/stm32f4xx_hal.o
 .debug_info    0x0000af0a      0xcfc ./Drivers/STM32F4xx_HAL_Driver/Src/stm32f4xx_hal_cortex.o
 .debug_info    0x0000bc06      0x8e6 ./Drivers/STM32F4xx_HAL_Driver/Src/stm32f4xx_hal_dma.o
 .debug_info    0x0000c4ec      0x6f9 ./Drivers/STM32F4xx_HAL_Driver/Src/stm32f4xx_hal_gpio.o
 .debug_info    0x0000cbe5     0x2426 ./Drivers/STM32F4xx_HAL_Driver/Src/stm32f4xx_hal_i2c.o
 .debug_info    0x0000f00b      0x904 ./Drivers/STM32F4xx_HAL_Driver/Src/stm32f4xx_hal_rcc.o
 .debug_info    0x0000f90f     0x2996 ./Drivers/STM32F4xx_HAL_Driver/Src/stm32f4xx_hal_tim.o
 .debug_info    0x000122a5     0x14d4 ./Drivers/STM32F4xx_HAL_Driver/Src/stm32f4xx_hal_tim_ex.o
 .debug_info    0x00013779     0x2f56 ./Drivers/STM32F4xx_HAL_Driver/Src/stm32f4xx_hal_uart.o

.debug_abbrev   0x00000000     0x4273
 .debug_abbrev  0x00000000      0x151 ./Core/Src/gpio.o
 .debug_abbrev  0x00000151      0x1f0 ./Core/Src/i2c.o
 .debug_abbrev  0x00000341      0x20b ./Core/Src/main.o
 .debug_abbrev  0x0000054c       0xd8 ./Core/Src/stm32f4xx_hal_msp.o
 .debug_abbrev  0x00000624      0x1af ./Core/Src/stm32f4xx_it.o
 .debug_abbrev  0x000007d3       0xbc ./Core/Src/sysmem.o
 .debug_abbrev  0x0000088f      0x11a ./Core/Src/system_stm32f4xx.o
 .debug_abbrev  0x000009a9      0x269 ./Core/Src/tim.o
 .debug_abbrev  0x00000c12      0x217 ./Core/Src/usart.o
 .debug_abbrev  0x00000e29       0x24 ./Core/Startup/startup_stm32f411retx.o
 .debug_abbrev  0x00000e4d      0x179 ./Core/ap/src/Controller.o
 .debug_abbrev  0x00000fc6      0x23b ./Core/ap/src/Listener.o
 .debug_abbrev  0x00001201      0x190 ./Core/ap/src/MotorRun.o
 .debug_abbrev  0x00001391      0x34f ./Core/ap/src/Presenter.o
 .debug_abbrev  0x000016e0      0x156 ./Core/ap/src/Security.o
 .debug_abbrev  0x00001836      0x190 ./Core/ap/src/Sound.o
 .debug_abbrev  0x000019c6      0x124 ./Core/ap/src/UltraRun.o
 .debug_abbrev  0x00001aea      0x1f5 ./Core/ap/src/ap_main.o
 .debug_abbrev  0x00001cdf      0x1f8 ./Core/ap/src/login.o
 .debug_abbrev  0x00001ed7      0x11e ./Core/ap/src/queue.o
 .debug_abbrev  0x00001ff5      0x107 ./Core/ap/src/stopWatch.o
 .debug_abbrev  0x000020fc       0xe6 ./Core/ap/src/timeWatch.o
 .debug_abbrev  0x000021e2      0x193 ./Core/driver/Button/Button.o
 .debug_abbrev  0x00002375      0x1d1 ./Core/driver/Buzzer/Buzzer.o
 .debug_abbrev  0x00002546      0x208 ./Core/driver/LCD/lcd.o
 .debug_abbrev  0x0000274e      0x1d1 ./Core/driver/Motor/Motor.o
 .debug_abbrev  0x0000291f      0x24a ./Core/driver/Ultra/Ultra.o
 .debug_abbrev  0x00002b69      0x24b ./Drivers/STM32F4xx_HAL_Driver/Src/stm32f4xx_hal.o
 .debug_abbrev  0x00002db4      0x31d ./Drivers/STM32F4xx_HAL_Driver/Src/stm32f4xx_hal_cortex.o
 .debug_abbrev  0x000030d1      0x221 ./Drivers/STM32F4xx_HAL_Driver/Src/stm32f4xx_hal_dma.o
 .debug_abbrev  0x000032f2      0x1d3 ./Drivers/STM32F4xx_HAL_Driver/Src/stm32f4xx_hal_gpio.o
 .debug_abbrev  0x000034c5      0x2bc ./Drivers/STM32F4xx_HAL_Driver/Src/stm32f4xx_hal_i2c.o
 .debug_abbrev  0x00003781      0x2b6 ./Drivers/STM32F4xx_HAL_Driver/Src/stm32f4xx_hal_rcc.o
 .debug_abbrev  0x00003a37      0x28b ./Drivers/STM32F4xx_HAL_Driver/Src/stm32f4xx_hal_tim.o
 .debug_abbrev  0x00003cc2      0x296 ./Drivers/STM32F4xx_HAL_Driver/Src/stm32f4xx_hal_tim_ex.o
 .debug_abbrev  0x00003f58      0x31b ./Drivers/STM32F4xx_HAL_Driver/Src/stm32f4xx_hal_uart.o

.debug_aranges  0x00000000     0x1450
 .debug_aranges
                0x00000000       0x20 ./Core/Src/gpio.o
 .debug_aranges
                0x00000020       0x30 ./Core/Src/i2c.o
 .debug_aranges
                0x00000050       0x30 ./Core/Src/main.o
 .debug_aranges
                0x00000080       0x20 ./Core/Src/stm32f4xx_hal_msp.o
 .debug_aranges
                0x000000a0       0x70 ./Core/Src/stm32f4xx_it.o
 .debug_aranges
                0x00000110       0x20 ./Core/Src/sysmem.o
 .debug_aranges
                0x00000130       0x28 ./Core/Src/system_stm32f4xx.o
 .debug_aranges
                0x00000158       0x48 ./Core/Src/tim.o
 .debug_aranges
                0x000001a0       0x30 ./Core/Src/usart.o
 .debug_aranges
                0x000001d0       0x28 ./Core/Startup/startup_stm32f411retx.o
 .debug_aranges
                0x000001f8       0x30 ./Core/ap/src/Controller.o
 .debug_aranges
                0x00000228       0x48 ./Core/ap/src/Listener.o
 .debug_aranges
                0x00000270       0x28 ./Core/ap/src/MotorRun.o
 .debug_aranges
                0x00000298       0xe0 ./Core/ap/src/Presenter.o
 .debug_aranges
                0x00000378       0x38 ./Core/ap/src/Security.o
 .debug_aranges
                0x000003b0       0x40 ./Core/ap/src/Sound.o
 .debug_aranges
                0x000003f0       0x20 ./Core/ap/src/UltraRun.o
 .debug_aranges
                0x00000410       0x38 ./Core/ap/src/ap_main.o
 .debug_aranges
                0x00000448       0x60 ./Core/ap/src/login.o
 .debug_aranges
                0x000004a8       0x48 ./Core/ap/src/queue.o
 .debug_aranges
                0x000004f0       0x48 ./Core/ap/src/stopWatch.o
 .debug_aranges
                0x00000538       0x28 ./Core/ap/src/timeWatch.o
 .debug_aranges
                0x00000560       0x28 ./Core/driver/Button/Button.o
 .debug_aranges
                0x00000588       0x38 ./Core/driver/Buzzer/Buzzer.o
 .debug_aranges
                0x000005c0       0x98 ./Core/driver/LCD/lcd.o
 .debug_aranges
                0x00000658       0x38 ./Core/driver/Motor/Motor.o
 .debug_aranges
                0x00000690       0x48 ./Core/driver/Ultra/Ultra.o
 .debug_aranges
                0x000006d8       0xf0 ./Drivers/STM32F4xx_HAL_Driver/Src/stm32f4xx_hal.o
 .debug_aranges
                0x000007c8      0x130 ./Drivers/STM32F4xx_HAL_Driver/Src/stm32f4xx_hal_cortex.o
 .debug_aranges
                0x000008f8       0x90 ./Drivers/STM32F4xx_HAL_Driver/Src/stm32f4xx_hal_dma.o
 .debug_aranges
                0x00000988       0x58 ./Drivers/STM32F4xx_HAL_Driver/Src/stm32f4xx_hal_gpio.o
 .debug_aranges
                0x000009e0      0x2a8 ./Drivers/STM32F4xx_HAL_Driver/Src/stm32f4xx_hal_i2c.o
 .debug_aranges
                0x00000c88       0x88 ./Drivers/STM32F4xx_HAL_Driver/Src/stm32f4xx_hal_rcc.o
 .debug_aranges
                0x00000d10      0x3d0 ./Drivers/STM32F4xx_HAL_Driver/Src/stm32f4xx_hal_tim.o
 .debug_aranges
                0x000010e0      0x168 ./Drivers/STM32F4xx_HAL_Driver/Src/stm32f4xx_hal_tim_ex.o
 .debug_aranges
                0x00001248      0x208 ./Drivers/STM32F4xx_HAL_Driver/Src/stm32f4xx_hal_uart.o

.debug_rnglists
                0x00000000      0xf87
 .debug_rnglists
                0x00000000       0x14 ./Core/Src/gpio.o
 .debug_rnglists
                0x00000014       0x20 ./Core/Src/i2c.o
 .debug_rnglists
                0x00000034       0x20 ./Core/Src/main.o
 .debug_rnglists
                0x00000054       0x13 ./Core/Src/stm32f4xx_hal_msp.o
 .debug_rnglists
                0x00000067       0x4f ./Core/Src/stm32f4xx_it.o
 .debug_rnglists
                0x000000b6       0x13 ./Core/Src/sysmem.o
 .debug_rnglists
                0x000000c9       0x1a ./Core/Src/system_stm32f4xx.o
 .debug_rnglists
                0x000000e3       0x36 ./Core/Src/tim.o
 .debug_rnglists
                0x00000119       0x20 ./Core/Src/usart.o
 .debug_rnglists
                0x00000139       0x19 ./Core/Startup/startup_stm32f411retx.o
 .debug_rnglists
                0x00000152       0x1f ./Core/ap/src/Controller.o
 .debug_rnglists
                0x00000171       0x32 ./Core/ap/src/Listener.o
 .debug_rnglists
                0x000001a3       0x19 ./Core/ap/src/MotorRun.o
 .debug_rnglists
                0x000001bc       0xa6 ./Core/ap/src/Presenter.o
 .debug_rnglists
                0x00000262       0x25 ./Core/ap/src/Security.o
 .debug_rnglists
                0x00000287       0x2c ./Core/ap/src/Sound.o
 .debug_rnglists
                0x000002b3       0x13 ./Core/ap/src/UltraRun.o
 .debug_rnglists
                0x000002c6       0x25 ./Core/ap/src/ap_main.o
 .debug_rnglists
                0x000002eb       0x43 ./Core/ap/src/login.o
 .debug_rnglists
                0x0000032e       0x31 ./Core/ap/src/queue.o
 .debug_rnglists
                0x0000035f       0x32 ./Core/ap/src/stopWatch.o
 .debug_rnglists
                0x00000391       0x1a ./Core/ap/src/timeWatch.o
 .debug_rnglists
                0x000003ab       0x19 ./Core/driver/Button/Button.o
 .debug_rnglists
                0x000003c4       0x25 ./Core/driver/Buzzer/Buzzer.o
 .debug_rnglists
                0x000003e9       0x6d ./Core/driver/LCD/lcd.o
 .debug_rnglists
                0x00000456       0x25 ./Core/driver/Motor/Motor.o
 .debug_rnglists
                0x0000047b       0x31 ./Core/driver/Ultra/Ultra.o
 .debug_rnglists
                0x000004ac       0xaf ./Drivers/STM32F4xx_HAL_Driver/Src/stm32f4xx_hal.o
 .debug_rnglists
                0x0000055b       0xe0 ./Drivers/STM32F4xx_HAL_Driver/Src/stm32f4xx_hal_cortex.o
 .debug_rnglists
                0x0000063b       0x70 ./Drivers/STM32F4xx_HAL_Driver/Src/stm32f4xx_hal_dma.o
 .debug_rnglists
                0x000006ab       0x3f ./Drivers/STM32F4xx_HAL_Driver/Src/stm32f4xx_hal_gpio.o
 .debug_rnglists
                0x000006ea      0x23c ./Drivers/STM32F4xx_HAL_Driver/Src/stm32f4xx_hal_i2c.o
 .debug_rnglists
                0x00000926       0x66 ./Drivers/STM32F4xx_HAL_Driver/Src/stm32f4xx_hal_rcc.o
 .debug_rnglists
                0x0000098c      0x31a ./Drivers/STM32F4xx_HAL_Driver/Src/stm32f4xx_hal_tim.o
 .debug_rnglists
                0x00000ca6      0x125 ./Drivers/STM32F4xx_HAL_Driver/Src/stm32f4xx_hal_tim_ex.o
 .debug_rnglists
                0x00000dcb      0x1bc ./Drivers/STM32F4xx_HAL_Driver/Src/stm32f4xx_hal_uart.o

.debug_macro    0x00000000    0x196f1
 .debug_macro   0x00000000      0x1fb ./Core/Src/gpio.o
 .debug_macro   0x000001fb      0xad8 ./Core/Src/gpio.o
 .debug_macro   0x00000cd3      0x2a1 ./Core/Src/gpio.o
 .debug_macro   0x00000f74       0x2e ./Core/Src/gpio.o
 .debug_macro   0x00000fa2       0x28 ./Core/Src/gpio.o
 .debug_macro   0x00000fca       0x22 ./Core/Src/gpio.o
 .debug_macro   0x00000fec       0x8e ./Core/Src/gpio.o
 .debug_macro   0x0000107a       0x51 ./Core/Src/gpio.o
 .debug_macro   0x000010cb      0x103 ./Core/Src/gpio.o
 .debug_macro   0x000011ce       0x6a ./Core/Src/gpio.o
 .debug_macro   0x00001238      0x1df ./Core/Src/gpio.o
 .debug_macro   0x00001417       0x1c ./Core/Src/gpio.o
 .debug_macro   0x00001433       0x22 ./Core/Src/gpio.o
 .debug_macro   0x00001455       0xfb ./Core/Src/gpio.o
 .debug_macro   0x00001550     0x1011 ./Core/Src/gpio.o
 .debug_macro   0x00002561      0x11f ./Core/Src/gpio.o
 .debug_macro   0x00002680     0xb968 ./Core/Src/gpio.o
 .debug_macro   0x0000dfe8       0x6d ./Core/Src/gpio.o
 .debug_macro   0x0000e055     0x3693 ./Core/Src/gpio.o
 .debug_macro   0x000116e8      0x190 ./Core/Src/gpio.o
 .debug_macro   0x00011878       0x5c ./Core/Src/gpio.o
 .debug_macro   0x000118d4      0x45c ./Core/Src/gpio.o
 .debug_macro   0x00011d30      0x9e9 ./Core/Src/gpio.o
 .debug_macro   0x00012719      0x115 ./Core/Src/gpio.o
 .debug_macro   0x0001282e      0x11b ./Core/Src/gpio.o
 .debug_macro   0x00012949       0xa5 ./Core/Src/gpio.o
 .debug_macro   0x000129ee      0x15f ./Core/Src/gpio.o
 .debug_macro   0x00012b4d      0x287 ./Core/Src/gpio.o
 .debug_macro   0x00012dd4       0x5f ./Core/Src/gpio.o
 .debug_macro   0x00012e33      0x236 ./Core/Src/gpio.o
 .debug_macro   0x00013069      0x132 ./Core/Src/gpio.o
 .debug_macro   0x0001319b      0x264 ./Core/Src/gpio.o
 .debug_macro   0x000133ff       0x2e ./Core/Src/gpio.o
 .debug_macro   0x0001342d      0x1b5 ./Core/Src/gpio.o
 .debug_macro   0x000135e2       0x22 ./Core/Src/gpio.o
 .debug_macro   0x00013604       0xd6 ./Core/Src/gpio.o
 .debug_macro   0x000136da      0x127 ./Core/Src/gpio.o
 .debug_macro   0x00013801       0x85 ./Core/Src/gpio.o
 .debug_macro   0x00013886       0x89 ./Core/Src/gpio.o
 .debug_macro   0x0001390f      0x8ed ./Core/Src/gpio.o
 .debug_macro   0x000141fc       0x47 ./Core/Src/gpio.o
 .debug_macro   0x00014243      0x2aa ./Core/Src/gpio.o
 .debug_macro   0x000144ed      0x126 ./Core/Src/gpio.o
 .debug_macro   0x00014613      0x1fb ./Core/Src/i2c.o
 .debug_macro   0x0001480e      0x2fe ./Core/Src/main.o
 .debug_macro   0x00014b0c       0x2e ./Core/Src/main.o
 .debug_macro   0x00014b3a       0x22 ./Core/Src/main.o
 .debug_macro   0x00014b5c       0x10 ./Core/Src/main.o
 .debug_macro   0x00014b6c      0x1f1 ./Core/Src/stm32f4xx_hal_msp.o
 .debug_macro   0x00014d5d      0x1fb ./Core/Src/stm32f4xx_it.o
 .debug_macro   0x00014f58      0x112 ./Core/Src/sysmem.o
 .debug_macro   0x0001506a      0x23c ./Core/Src/sysmem.o
 .debug_macro   0x000152a6      0x1e7 ./Core/Src/system_stm32f4xx.o
 .debug_macro   0x0001548d      0x1fb ./Core/Src/tim.o
 .debug_macro   0x00015688      0x1fb ./Core/Src/usart.o
 .debug_macro   0x00015883      0x2c4 ./Core/ap/src/Controller.o
 .debug_macro   0x00015b47      0x39c ./Core/ap/src/Listener.o
 .debug_macro   0x00015ee3       0x61 ./Core/ap/src/Listener.o
 .debug_macro   0x00015f44       0x10 ./Core/ap/src/Listener.o
 .debug_macro   0x00015f54       0x20 ./Core/ap/src/Listener.o
 .debug_macro   0x00015f74      0x20f ./Core/ap/src/MotorRun.o
 .debug_macro   0x00016183      0x3ee ./Core/ap/src/Presenter.o
 .debug_macro   0x00016571       0x1c ./Core/ap/src/Presenter.o
 .debug_macro   0x0001658d      0x2e6 ./Core/ap/src/Security.o
 .debug_macro   0x00016873      0x20f ./Core/ap/src/Sound.o
 .debug_macro   0x00016a82      0x2dc ./Core/ap/src/UltraRun.o
 .debug_macro   0x00016d5e      0x2e6 ./Core/ap/src/ap_main.o
 .debug_macro   0x00017044      0x2d0 ./Core/ap/src/login.o
 .debug_macro   0x00017314      0x1f7 ./Core/ap/src/queue.o
 .debug_macro   0x0001750b      0x2c8 ./Core/ap/src/stopWatch.o
 .debug_macro   0x000177d3      0x2c8 ./Core/ap/src/timeWatch.o
 .debug_macro   0x00017a9b      0x1f1 ./Core/driver/Button/Button.o
 .debug_macro   0x00017c8c      0x205 ./Core/driver/Buzzer/Buzzer.o
 .debug_macro   0x00017e91      0x241 ./Core/driver/LCD/lcd.o
 .debug_macro   0x000180d2      0x205 ./Core/driver/Motor/Motor.o
 .debug_macro   0x000182d7      0x21b ./Core/driver/Ultra/Ultra.o
 .debug_macro   0x000184f2      0x247 ./Drivers/STM32F4xx_HAL_Driver/Src/stm32f4xx_hal.o
 .debug_macro   0x00018739      0x1e7 ./Drivers/STM32F4xx_HAL_Driver/Src/stm32f4xx_hal_cortex.o
 .debug_macro   0x00018920      0x1ed ./Drivers/STM32F4xx_HAL_Driver/Src/stm32f4xx_hal_dma.o
 .debug_macro   0x00018b0d      0x1ed ./Drivers/STM32F4xx_HAL_Driver/Src/stm32f4xx_hal_gpio.o
 .debug_macro   0x00018cfa      0x235 ./Drivers/STM32F4xx_HAL_Driver/Src/stm32f4xx_hal_i2c.o
 .debug_macro   0x00018f2f      0x20b ./Drivers/STM32F4xx_HAL_Driver/Src/stm32f4xx_hal_rcc.o
 .debug_macro   0x0001913a      0x1e8 ./Drivers/STM32F4xx_HAL_Driver/Src/stm32f4xx_hal_tim.o
 .debug_macro   0x00019322      0x1e7 ./Drivers/STM32F4xx_HAL_Driver/Src/stm32f4xx_hal_tim_ex.o
 .debug_macro   0x00019509      0x1e8 ./Drivers/STM32F4xx_HAL_Driver/Src/stm32f4xx_hal_uart.o

.debug_line     0x00000000    0x1e32a
 .debug_line    0x00000000      0x7b7 ./Core/Src/gpio.o
 .debug_line    0x000007b7      0x7e5 ./Core/Src/i2c.o
 .debug_line    0x00000f9c      0xaba ./Core/Src/main.o
 .debug_line    0x00001a56      0x777 ./Core/Src/stm32f4xx_hal_msp.o
 .debug_line    0x000021cd      0x856 ./Core/Src/stm32f4xx_it.o
 .debug_line    0x00002a23      0x588 ./Core/Src/sysmem.o
 .debug_line    0x00002fab      0x7ed ./Core/Src/system_stm32f4xx.o
 .debug_line    0x00003798      0x9bf ./Core/Src/tim.o
 .debug_line    0x00004157      0x7e8 ./Core/Src/usart.o
 .debug_line    0x0000493f       0x7a ./Core/Startup/startup_stm32f411retx.o
 .debug_line    0x000049b9      0xa35 ./Core/ap/src/Controller.o
 .debug_line    0x000053ee      0xc66 ./Core/ap/src/Listener.o
 .debug_line    0x00006054      0x808 ./Core/ap/src/MotorRun.o
 .debug_line    0x0000685c      0xf80 ./Core/ap/src/Presenter.o
 .debug_line    0x000077dc      0xaa6 ./Core/ap/src/Security.o
 .debug_line    0x00008282      0x871 ./Core/ap/src/Sound.o