../Core/ap/Controller/TempHumid.c:17:6:TempHumid_Init	16	static
../Core/ap/Controller/TempHumid.c:30:6:TempHumid_Excute	16	static
../Core/ap/Controller/TempHumid.c:54:6:TempHumid_SetPinOutput	32	static
../Core/ap/Controller/TempHumid.c:64:6:TempHumid_SetPinInput	32	static
../Core/ap/Controller/TempHumid.c:73:6:TempHumid_IncTimeCallBack	4	static
../Core/ap/Controller/TempHumid.c:78:6:TempHumid_ResetCounter	4	static
../Core/ap/Controller/TempHumid.c:83:10:TempHumid_GetCounter	4	static
../Core/ap/Controller/TempHumid.c:88:6:TempHumid_SendStartSignal	8	static
../Core/ap/Controller/TempHumid.c:95:6:TempHumid_SendWaitSignal	8	static
../Core/ap/Controller/TempHumid.c:102:6:TempHumid_RecvResponse	8	static
../Core/ap/Controller/TempHumid.c:108:6:TempHumid_SyncLow	8	static
../Core/ap/Controller/TempHumid.c:116:6:TempHumid_SyncHigh	8	static
../Core/ap/Controller/TempHumid.c:124:6:TempHumid_RecvBitData	24	static
../Core/ap/Controller/TempHumid.c:153:6:TempHumid_checksum	16	static
