16:49:40 **** Incremental Build of configuration Debug for project 250626_TimeWatch_StopWatch_Buzzer ****
make -j16 all 
arm-none-eabi-gcc "../Core/ap/src/Presenter.c" -mcpu=cortex-m4 -std=gnu11 -g3 -DDEBUG -DUSE_HAL_DRIVER -DSTM32F411xE -c -I../Core/Inc -I../Drivers/STM32F4xx_HAL_Driver/Inc -I../Drivers/STM32F4xx_HAL_Driver/Inc/Legacy -I../Drivers/CMSIS/Device/ST/STM32F4xx/Include -I../Drivers/CMSIS/Include -I"C:/cubespace/250626_TimeWatch_StopWatch_Buzzer/Core/ap" -I"C:/cubespace/250626_TimeWatch_StopWatch_Buzzer/Core/driver/Button" -I"C:/cubespace/250626_TimeWatch_StopWatch_Buzzer/Core/driver/LedBar" -I"C:/cubespace/250626_TimeWatch_StopWatch_Buzzer/Core/ap/inc" -I"C:/cubespace/250626_TimeWatch_StopWatch_Buzzer/Core/ap/src" -I"C:/cubespace/250626_TimeWatch_StopWatch_Buzzer/Core/driver/LCD" -I"C:/cubespace/250626_TimeWatch_StopWatch_Buzzer/Core/driver/FND" -I"C:/cubespace/250626_TimeWatch_StopWatch_Buzzer/Core/driver/Buzzer" -I"C:/cubespace/250626_TimeWatch_StopWatch_Buzzer/Core/driver/Motor" -O0 -ffunction-sections -fdata-sections -Wall -fstack-usage -fcyclomatic-complexity -MMD -MP -MF"Core/ap/src/Presenter.d" -MT"Core/ap/src/Presenter.o" --specs=nano.specs -mfpu=fpv4-sp-d16 -mfloat-abi=hard -mthumb -o "Core/ap/src/Presenter.o"
arm-none-eabi-gcc -o "250626_TimeWatch_StopWatch_Buzzer.elf" @"objects.list"   -mcpu=cortex-m4 -T"C:\cubespace\250626_TimeWatch_StopWatch_Buzzer\STM32F411RETX_FLASH.ld" --specs=nosys.specs -Wl,-Map="250626_TimeWatch_StopWatch_Buzzer.map" -Wl,--gc-sections -static --specs=nano.specs -mfpu=fpv4-sp-d16 -mfloat-abi=hard -mthumb -Wl,--start-group -lc -lm -Wl,--end-group
Finished building target: 250626_TimeWatch_StopWatch_Buzzer.elf
 
arm-none-eabi-size  250626_TimeWatch_StopWatch_Buzzer.elf 
arm-none-eabi-objdump -h -S 250626_TimeWatch_StopWatch_Buzzer.elf  > "250626_TimeWatch_StopWatch_Buzzer.list"
   text	   data	    bss	    dec	    hex	filename
  21376	    124	   2044	  23544	   5bf8	250626_TimeWatch_StopWatch_Buzzer.elf
Finished building: default.size.stdout
 
Finished building: 250626_TimeWatch_StopWatch_Buzzer.list
 

16:49:41 Build Finished. 0 errors, 0 warnings. (took 1s.756ms)

