09:31:56 **** Incremental Build of configuration Debug for project 250626_TimeWatch_StopWatch_LCD_HW ****
make -j16 all 
arm-none-eabi-gcc "../Core/ap/src/Controller.c" -mcpu=cortex-m4 -std=gnu11 -g3 -DDEBUG -DUSE_HAL_DRIVER -DSTM32F411xE -c -I../Core/Inc -I../Drivers/STM32F4xx_HAL_Driver/Inc -I../Drivers/STM32F4xx_HAL_Driver/Inc/Legacy -I../Drivers/CMSIS/Device/ST/STM32F4xx/Include -I../Drivers/CMSIS/Include -I"C:/cubespace/250626_TimeWatch_StopWatch_LCD_HW/Core/ap" -I"C:/cubespace/250626_TimeWatch_StopWatch_LCD_HW/Core/driver/Button" -I"C:/cubespace/250626_TimeWatch_StopWatch_LCD_HW/Core/driver/FND_prof" -I"C:/cubespace/250626_TimeWatch_StopWatch_LCD_HW/Core/driver/LedBar" -I"C:/cubespace/250626_TimeWatch_StopWatch_LCD_HW/Core/ap/inc" -I"C:/cubespace/250626_TimeWatch_StopWatch_LCD_HW/Core/ap/src" -I"C:/cubespace/250626_TimeWatch_StopWatch_LCD_HW/Core/driver/LCD" -O0 -ffunction-sections -fdata-sections -Wall -fstack-usage -fcyclomatic-complexity -MMD -MP -MF"Core/ap/src/Controller.d" -MT"Core/ap/src/Controller.o" --specs=nano.specs -mfpu=fpv4-sp-d16 -mfloat-abi=hard -mthumb -o "Core/ap/src/Controller.o"
arm-none-eabi-gcc "../Core/ap/src/Listener.c" -mcpu=cortex-m4 -std=gnu11 -g3 -DDEBUG -DUSE_HAL_DRIVER -DSTM32F411xE -c -I../Core/Inc -I../Drivers/STM32F4xx_HAL_Driver/Inc -I../Drivers/STM32F4xx_HAL_Driver/Inc/Legacy -I../Drivers/CMSIS/Device/ST/STM32F4xx/Include -I../Drivers/CMSIS/Include -I"C:/cubespace/250626_TimeWatch_StopWatch_LCD_HW/Core/ap" -I"C:/cubespace/250626_TimeWatch_StopWatch_LCD_HW/Core/driver/Button" -I"C:/cubespace/250626_TimeWatch_StopWatch_LCD_HW/Core/driver/FND_prof" -I"C:/cubespace/250626_TimeWatch_StopWatch_LCD_HW/Core/driver/LedBar" -I"C:/cubespace/250626_TimeWatch_StopWatch_LCD_HW/Core/ap/inc" -I"C:/cubespace/250626_TimeWatch_StopWatch_LCD_HW/Core/ap/src" -I"C:/cubespace/250626_TimeWatch_StopWatch_LCD_HW/Core/driver/LCD" -O0 -ffunction-sections -fdata-sections -Wall -fstack-usage -fcyclomatic-complexity -MMD -MP -MF"Core/ap/src/Listener.d" -MT"Core/ap/src/Listener.o" --specs=nano.specs -mfpu=fpv4-sp-d16 -mfloat-abi=hard -mthumb -o "Core/ap/src/Listener.o"
arm-none-eabi-gcc "../Core/ap/src/ap_main.c" -mcpu=cortex-m4 -std=gnu11 -g3 -DDEBUG -DUSE_HAL_DRIVER -DSTM32F411xE -c -I../Core/Inc -I../Drivers/STM32F4xx_HAL_Driver/Inc -I../Drivers/STM32F4xx_HAL_Driver/Inc/Legacy -I../Drivers/CMSIS/Device/ST/STM32F4xx/Include -I../Drivers/CMSIS/Include -I"C:/cubespace/250626_TimeWatch_StopWatch_LCD_HW/Core/ap" -I"C:/cubespace/250626_TimeWatch_StopWatch_LCD_HW/Core/driver/Button" -I"C:/cubespace/250626_TimeWatch_StopWatch_LCD_HW/Core/driver/FND_prof" -I"C:/cubespace/250626_TimeWatch_StopWatch_LCD_HW/Core/driver/LedBar" -I"C:/cubespace/250626_TimeWatch_StopWatch_LCD_HW/Core/ap/inc" -I"C:/cubespace/250626_TimeWatch_StopWatch_LCD_HW/Core/ap/src" -I"C:/cubespace/250626_TimeWatch_StopWatch_LCD_HW/Core/driver/LCD" -O0 -ffunction-sections -fdata-sections -Wall -fstack-usage -fcyclomatic-complexity -MMD -MP -MF"Core/ap/src/ap_main.d" -MT"Core/ap/src/ap_main.o" --specs=nano.specs -mfpu=fpv4-sp-d16 -mfloat-abi=hard -mthumb -o "Core/ap/src/ap_main.o"
arm-none-eabi-gcc "../Core/ap/src/stopWatch.c" -mcpu=cortex-m4 -std=gnu11 -g3 -DDEBUG -DUSE_HAL_DRIVER -DSTM32F411xE -c -I../Core/Inc -I../Drivers/STM32F4xx_HAL_Driver/Inc -I../Drivers/STM32F4xx_HAL_Driver/Inc/Legacy -I../Drivers/CMSIS/Device/ST/STM32F4xx/Include -I../Drivers/CMSIS/Include -I"C:/cubespace/250626_TimeWatch_StopWatch_LCD_HW/Core/ap" -I"C:/cubespace/250626_TimeWatch_StopWatch_LCD_HW/Core/driver/Button" -I"C:/cubespace/250626_TimeWatch_StopWatch_LCD_HW/Core/driver/FND_prof" -I"C:/cubespace/250626_TimeWatch_StopWatch_LCD_HW/Core/driver/LedBar" -I"C:/cubespace/250626_TimeWatch_StopWatch_LCD_HW/Core/ap/inc" -I"C:/cubespace/250626_TimeWatch_StopWatch_LCD_HW/Core/ap/src" -I"C:/cubespace/250626_TimeWatch_StopWatch_LCD_HW/Core/driver/LCD" -O0 -ffunction-sections -fdata-sections -Wall -fstack-usage -fcyclomatic-complexity -MMD -MP -MF"Core/ap/src/stopWatch.d" -MT"Core/ap/src/stopWatch.o" --specs=nano.specs -mfpu=fpv4-sp-d16 -mfloat-abi=hard -mthumb -o "Core/ap/src/stopWatch.o"
arm-none-eabi-gcc "../Core/ap/src/timeWatch.c" -mcpu=cortex-m4 -std=gnu11 -g3 -DDEBUG -DUSE_HAL_DRIVER -DSTM32F411xE -c -I../Core/Inc -I../Drivers/STM32F4xx_HAL_Driver/Inc -I../Drivers/STM32F4xx_HAL_Driver/Inc/Legacy -I../Drivers/CMSIS/Device/ST/STM32F4xx/Include -I../Drivers/CMSIS/Include -I"C:/cubespace/250626_TimeWatch_StopWatch_LCD_HW/Core/ap" -I"C:/cubespace/250626_TimeWatch_StopWatch_LCD_HW/Core/driver/Button" -I"C:/cubespace/250626_TimeWatch_StopWatch_LCD_HW/Core/driver/FND_prof" -I"C:/cubespace/250626_TimeWatch_StopWatch_LCD_HW/Core/driver/LedBar" -I"C:/cubespace/250626_TimeWatch_StopWatch_LCD_HW/Core/ap/inc" -I"C:/cubespace/250626_TimeWatch_StopWatch_LCD_HW/Core/ap/src" -I"C:/cubespace/250626_TimeWatch_StopWatch_LCD_HW/Core/driver/LCD" -O0 -ffunction-sections -fdata-sections -Wall -fstack-usage -fcyclomatic-complexity -MMD -MP -MF"Core/ap/src/timeWatch.d" -MT"Core/ap/src/timeWatch.o" --specs=nano.specs -mfpu=fpv4-sp-d16 -mfloat-abi=hard -mthumb -o "Core/ap/src/timeWatch.o"
arm-none-eabi-gcc "../Core/Src/main.c" -mcpu=cortex-m4 -std=gnu11 -g3 -DDEBUG -DUSE_HAL_DRIVER -DSTM32F411xE -c -I../Core/Inc -I../Drivers/STM32F4xx_HAL_Driver/Inc -I../Drivers/STM32F4xx_HAL_Driver/Inc/Legacy -I../Drivers/CMSIS/Device/ST/STM32F4xx/Include -I../Drivers/CMSIS/Include -I"C:/cubespace/250626_TimeWatch_StopWatch_LCD_HW/Core/ap" -I"C:/cubespace/250626_TimeWatch_StopWatch_LCD_HW/Core/driver/Button" -I"C:/cubespace/250626_TimeWatch_StopWatch_LCD_HW/Core/driver/FND_prof" -I"C:/cubespace/250626_TimeWatch_StopWatch_LCD_HW/Core/driver/LedBar" -I"C:/cubespace/250626_TimeWatch_StopWatch_LCD_HW/Core/ap/inc" -I"C:/cubespace/250626_TimeWatch_StopWatch_LCD_HW/Core/ap/src" -I"C:/cubespace/250626_TimeWatch_StopWatch_LCD_HW/Core/driver/LCD" -O0 -ffunction-sections -fdata-sections -Wall -fstack-usage -fcyclomatic-complexity -MMD -MP -MF"Core/Src/main.d" -MT"Core/Src/main.o" --specs=nano.specs -mfpu=fpv4-sp-d16 -mfloat-abi=hard -mthumb -o "Core/Src/main.o"
arm-none-eabi-gcc -o "250626_TimeWatch_StopWatch_LCD_HW.elf" @"objects.list"   -mcpu=cortex-m4 -T"C:\cubespace\250626_TimeWatch_StopWatch_LCD_HW\STM32F411RETX_FLASH.ld" --specs=nosys.specs -Wl,-Map="250626_TimeWatch_StopWatch_LCD_HW.map" -Wl,--gc-sections -static --specs=nano.specs -mfpu=fpv4-sp-d16 -mfloat-abi=hard -mthumb -Wl,--start-group -lc -lm -Wl,--end-group
Finished building target: 250626_TimeWatch_StopWatch_LCD_HW.elf
 
arm-none-eabi-size  250626_TimeWatch_StopWatch_LCD_HW.elf 
arm-none-eabi-objdump -h -S 250626_TimeWatch_StopWatch_LCD_HW.elf  > "250626_TimeWatch_StopWatch_LCD_HW.list"
   text	   data	    bss	    dec	    hex	filename
  22660	    212	   2228	  25100	   620c	250626_TimeWatch_StopWatch_LCD_HW.elf
Finished building: default.size.stdout
 
Finished building: 250626_TimeWatch_StopWatch_LCD_HW.list
 

09:31:57 Build Finished. 0 errors, 0 warnings. (took 705ms)

