18:16:38 **** Incremental Build of configuration Debug for project 250630_Mini_Project ****
make -j16 all 
arm-none-eabi-gcc "../Core/ap/src/Listener.c" -mcpu=cortex-m4 -std=gnu11 -g3 -DDEBUG -DUSE_HAL_DRIVER -DSTM32F411xE -c -I../Core/Inc -I../Drivers/STM32F4xx_HAL_Driver/Inc -I../Drivers/STM32F4xx_HAL_Driver/Inc/Legacy -I../Drivers/CMSIS/Device/ST/STM32F4xx/Include -I../Drivers/CMSIS/Include -I"C:/cubespace/250630_Mini_Project/Core/ap" -I"C:/cubespace/250630_Mini_Project/Core/driver/Button" -I"C:/cubespace/250630_Mini_Project/Core/driver/LedBar" -I"C:/cubespace/250630_Mini_Project/Core/ap/inc" -I"C:/cubespace/250630_Mini_Project/Core/ap/src" -I"C:/cubespace/250630_Mini_Project/Core/driver/LCD" -I"C:/cubespace/250630_Mini_Project/Core/driver/FND" -I"C:/cubespace/250630_Mini_Project/Core/driver/Buzzer" -I"C:/cubespace/250630_Mini_Project/Core/driver/Motor" -I"C:/cubespace/250630_Mini_Project/Core/driver/Ultra" -O0 -ffunction-sections -fdata-sections -Wall -fstack-usage -fcyclomatic-complexity -MMD -MP -MF"Core/ap/src/Listener.d" -MT"Core/ap/src/Listener.o" --specs=nano.specs -mfpu=fpv4-sp-d16 -mfloat-abi=hard -mthumb -o "Core/ap/src/Listener.o"
arm-none-eabi-gcc -o "250630_Mini_Project.elf" @"objects.list"   -mcpu=cortex-m4 -T"C:\cubespace\250630_Mini_Project\STM32F411RETX_FLASH.ld" --specs=nosys.specs -Wl,-Map="250630_Mini_Project.map" -Wl,--gc-sections -static --specs=nano.specs -mfpu=fpv4-sp-d16 -mfloat-abi=hard -mthumb -Wl,--start-group -lc -lm -Wl,--end-group
Finished building target: 250630_Mini_Project.elf
 
arm-none-eabi-size  250630_Mini_Project.elf 
arm-none-eabi-objdump -h -S 250630_Mini_Project.elf  > "250630_Mini_Project.list"
   text	   data	    bss	    dec	    hex	filename
  25196	    108	   2396	  27700	   6c34	250630_Mini_Project.elf
Finished building: default.size.stdout
 
Finished building: 250630_Mini_Project.list
 
18:16:40 **** Incremental Build of configuration Debug for project 250630_Mini_Project ****
make -j16 all 
arm-none-eabi-size  250630_Mini_Project.elf 
   text	   data	    bss	    dec	    hex	filename
  25196	    108	   2396	  27700	   6c34	250630_Mini_Project.elf
Finished building: default.size.stdout
 
18:19:57 **** Incremental Build of configuration Debug for project 250630_Mini_Project ****
make -j16 all 
arm-none-eabi-gcc "../Core/ap/src/Presenter.c" -mcpu=cortex-m4 -std=gnu11 -g3 -DDEBUG -DUSE_HAL_DRIVER -DSTM32F411xE -c -I../Core/Inc -I../Drivers/STM32F4xx_HAL_Driver/Inc -I../Drivers/STM32F4xx_HAL_Driver/Inc/Legacy -I../Drivers/CMSIS/Device/ST/STM32F4xx/Include -I../Drivers/CMSIS/Include -I"C:/cubespace/250630_Mini_Project/Core/ap" -I"C:/cubespace/250630_Mini_Project/Core/driver/Button" -I"C:/cubespace/250630_Mini_Project/Core/driver/LedBar" -I"C:/cubespace/250630_Mini_Project/Core/ap/inc" -I"C:/cubespace/250630_Mini_Project/Core/ap/src" -I"C:/cubespace/250630_Mini_Project/Core/driver/LCD" -I"C:/cubespace/250630_Mini_Project/Core/driver/FND" -I"C:/cubespace/250630_Mini_Project/Core/driver/Buzzer" -I"C:/cubespace/250630_Mini_Project/Core/driver/Motor" -I"C:/cubespace/250630_Mini_Project/Core/driver/Ultra" -O0 -ffunction-sections -fdata-sections -Wall -fstack-usage -fcyclomatic-complexity -MMD -MP -MF"Core/ap/src/Presenter.d" -MT"Core/ap/src/Presenter.o" --specs=nano.specs -mfpu=fpv4-sp-d16 -mfloat-abi=hard -mthumb -o "Core/ap/src/Presenter.o"
../Core/ap/src/Presenter.c: In function 'Presenter_UL_NotDetected':
../Core/ap/src/Presenter.c:76:44: warning: format '%d' expects argument of type 'int', but argument 3 has type 'uint32_t' {aka 'long unsigned int'} [-Wformat=]
   76 |                 sprintf(str,"Distance : %03d cm\n", ultraData.ultra_data);
      |                                         ~~~^        ~~~~~~~~~~~~~~~~~~~~
      |                                            |                 |
      |                                            int               uint32_t {aka long unsigned int}
      |                                         %03ld
../Core/ap/src/Presenter.c: At top level:
../Core/ap/src/Presenter.c:99:6: warning: 'Presenter_UL_LoginLED_OFF' defined but not used [-Wunused-function]
   99 | void Presenter_UL_LoginLED_OFF()
      |      ^~~~~~~~~~~~~~~~~~~~~~~~~
arm-none-eabi-gcc -o "250630_Mini_Project.elf" @"objects.list"   -mcpu=cortex-m4 -T"C:\cubespace\250630_Mini_Project\STM32F411RETX_FLASH.ld" --specs=nosys.specs -Wl,-Map="250630_Mini_Project.map" -Wl,--gc-sections -static --specs=nano.specs -mfpu=fpv4-sp-d16 -mfloat-abi=hard -mthumb -Wl,--start-group -lc -lm -Wl,--end-group
Finished building target: 250630_Mini_Project.elf
 
arm-none-eabi-size  250630_Mini_Project.elf 
arm-none-eabi-objdump -h -S 250630_Mini_Project.elf  > "250630_Mini_Project.list"
   text	   data	    bss	    dec	    hex	filename
  25160	    108	   2396	  27664	   6c10	250630_Mini_Project.elf
Finished building: default.size.stdout
 
Finished building: 250630_Mini_Project.list
 
18:21:10 **** Incremental Build of configuration Debug for project 250630_Mini_Project ****
make -j16 all 
arm-none-eabi-gcc "../Core/ap/src/Presenter.c" -mcpu=cortex-m4 -std=gnu11 -g3 -DDEBUG -DUSE_HAL_DRIVER -DSTM32F411xE -c -I../Core/Inc -I../Drivers/STM32F4xx_HAL_Driver/Inc -I../Drivers/STM32F4xx_HAL_Driver/Inc/Legacy -I../Drivers/CMSIS/Device/ST/STM32F4xx/Include -I../Drivers/CMSIS/Include -I"C:/cubespace/250630_Mini_Project/Core/ap" -I"C:/cubespace/250630_Mini_Project/Core/driver/Button" -I"C:/cubespace/250630_Mini_Project/Core/driver/LedBar" -I"C:/cubespace/250630_Mini_Project/Core/ap/inc" -I"C:/cubespace/250630_Mini_Project/Core/ap/src" -I"C:/cubespace/250630_Mini_Project/Core/driver/LCD" -I"C:/cubespace/250630_Mini_Project/Core/driver/FND" -I"C:/cubespace/250630_Mini_Project/Core/driver/Buzzer" -I"C:/cubespace/250630_Mini_Project/Core/driver/Motor" -I"C:/cubespace/250630_Mini_Project/Core/driver/Ultra" -O0 -ffunction-sections -fdata-sections -Wall -fstack-usage -fcyclomatic-complexity -MMD -MP -MF"Core/ap/src/Presenter.d" -MT"Core/ap/src/Presenter.o" --specs=nano.specs -mfpu=fpv4-sp-d16 -mfloat-abi=hard -mthumb -o "Core/ap/src/Presenter.o"
../Core/ap/src/Presenter.c: In function 'Presenter_UL_NotDetected':
../Core/ap/src/Presenter.c:76:44: warning: format '%d' expects argument of type 'int', but argument 3 has type 'uint32_t' {aka 'long unsigned int'} [-Wformat=]
   76 |                 sprintf(str,"Distance : %03d cm\n", ultraData.ultra_data);
      |                                         ~~~^        ~~~~~~~~~~~~~~~~~~~~
      |                                            |                 |
      |                                            int               uint32_t {aka long unsigned int}
      |                                         %03ld
arm-none-eabi-gcc -o "250630_Mini_Project.elf" @"objects.list"   -mcpu=cortex-m4 -T"C:\cubespace\250630_Mini_Project\STM32F411RETX_FLASH.ld" --specs=nosys.specs -Wl,-Map="250630_Mini_Project.map" -Wl,--gc-sections -static --specs=nano.specs -mfpu=fpv4-sp-d16 -mfloat-abi=hard -mthumb -Wl,--start-group -lc -lm -Wl,--end-group
Finished building target: 250630_Mini_Project.elf
 
arm-none-eabi-size  250630_Mini_Project.elf 
arm-none-eabi-objdump -h -S 250630_Mini_Project.elf  > "250630_Mini_Project.list"
   text	   data	    bss	    dec	    hex	filename
  25192	    108	   2396	  27696	   6c30	250630_Mini_Project.elf
Finished building: default.size.stdout
 
Finished building: 250630_Mini_Project.list
 
