18:33:53 **** Incremental Build of configuration Debug for project 250704_RTOS_StopWatch_TimeWatch ****
make -j16 all 
arm-none-eabi-gcc "../Core/ap/Presenter/Presenter_Distance.c" -mcpu=cortex-m4 -std=gnu11 -g3 -DDEBUG -DUSE_HAL_DRIVER -DSTM32F411xE -c -I../Core/Inc -I../Drivers/STM32F4xx_HAL_Driver/Inc -I../Drivers/STM32F4xx_HAL_Driver/Inc/Legacy -I../Drivers/CMSIS/Device/ST/STM32F4xx/Include -I../Drivers/CMSIS/Include -I../Middlewares/Third_Party/FreeRTOS/Source/include -I../Middlewares/Third_Party/FreeRTOS/Source/CMSIS_RTOS -I../Middlewares/Third_Party/FreeRTOS/Source/portable/GCC/ARM_CM4F -I"C:/cubespace/250704_RTOS_StopWatch_TimeWatch/Core/driver/Button" -I"C:/cubespace/250704_RTOS_StopWatch_TimeWatch/Core/driver/LedBar" -I"C:/cubespace/250704_RTOS_StopWatch_TimeWatch/Core/driver/LCD" -I"C:/cubespace/250704_RTOS_StopWatch_TimeWatch/Core/driver/FND" -I"C:/cubespace/250704_RTOS_StopWatch_TimeWatch/Core/ap/Controller" -I"C:/cubespace/250704_RTOS_StopWatch_TimeWatch/Core/ap/Listener" -I"C:/cubespace/250704_RTOS_StopWatch_TimeWatch/Core/ap/Model" -I"C:/cubespace/250704_RTOS_StopWatch_TimeWatch/Core/ap/Presenter" -I"C:/cubespace/250704_RTOS_StopWatch_TimeWatch/Core/driver/Ultra" -O0 -ffunction-sections -fdata-sections -Wall -fstack-usage -fcyclomatic-complexity -MMD -MP -MF"Core/ap/Presenter/Presenter_Distance.d" -MT"Core/ap/Presenter/Presenter_Distance.o" --specs=nano.specs -mfpu=fpv4-sp-d16 -mfloat-abi=hard -mthumb -o "Core/ap/Presenter/Presenter_Distance.o"
arm-none-eabi-gcc -o "250704_RTOS_StopWatch_TimeWatch.elf" @"objects.list"   -mcpu=cortex-m4 -T"C:\cubespace\250704_RTOS_StopWatch_TimeWatch\STM32F411RETX_FLASH.ld" --specs=nosys.specs -Wl,-Map="250704_RTOS_StopWatch_TimeWatch.map" -Wl,--gc-sections -static --specs=nano.specs -mfpu=fpv4-sp-d16 -mfloat-abi=hard -mthumb -Wl,--start-group -lc -lm -Wl,--end-group
Finished building target: 250704_RTOS_StopWatch_TimeWatch.elf
 
arm-none-eabi-size  250704_RTOS_StopWatch_TimeWatch.elf 
arm-none-eabi-objdump -h -S 250704_RTOS_StopWatch_TimeWatch.elf  > "250704_RTOS_StopWatch_TimeWatch.list"
   text	   data	    bss	    dec	    hex	filename
  34408	    196	  18780	  53384	   d088	250704_RTOS_StopWatch_TimeWatch.elf
Finished building: default.size.stdout
 
Finished building: 250704_RTOS_StopWatch_TimeWatch.list
 
18:34:01 **** Incremental Build of configuration Debug for project 250704_RTOS_StopWatch_TimeWatch ****
make -j16 all 
arm-none-eabi-size  250704_RTOS_StopWatch_TimeWatch.elf 
   text	   data	    bss	    dec	    hex	filename
  34408	    196	  18780	  53384	   d088	250704_RTOS_StopWatch_TimeWatch.elf
Finished building: default.size.stdout
 
